Resolving dependencies...
Downloading packages...
  _fe_analyzer_shared 91.0.0 (92.0.0 available)
  analyzer 8.4.1 (9.0.0 available)
  built_value 8.12.0 (8.12.1 available)
  camera_android_camerax 0.6.24+2 (0.6.24+3 available)
  characters 1.4.0 (1.4.1 available)
  file_picker 10.3.6 (10.3.7 available)
! flutter_midi_command_linux 0.3.0 from git https://github.com/thorinside/flutter_midi_command_linux.git at af9089 (overridden)
  flutter_midi_command_windows 0.1.1 (0.3.0 available)
  flutter_plugin_android_lifecycle 2.0.32 (2.0.33 available)
  flutter_web_bluetooth 0.2.4 (1.1.0 available)
  haptic_feedback 0.6.0 (0.6.2 available)
  json_serializable 6.11.2 (6.11.3 available)
  matcher 0.12.17 (0.12.18 available)
  material_color_utilities 0.11.1 (0.13.0 available)
  mockito 5.5.1 (5.6.1 available)
  path_provider_android 2.2.21 (2.2.22 available)
  path_provider_foundation 2.5.0 (retracted)
  shared_preferences_android 2.4.16 (2.4.17 available)
  source_helper 1.3.8 (1.3.9 available)
  sqlite3 2.9.4 (3.1.0 available)
  test 1.26.3 (1.28.0 available)
  test_api 0.7.7 (0.7.8 available)
  test_core 0.6.12 (0.6.14 available)
  universal_ble 0.9.11 (0.21.1 available)
  url_launcher_android 6.3.27 (6.3.28 available)
  webview_flutter_android 4.10.7 (4.10.9 available)
Got dependencies!
24 packages have newer versions incompatible with dependency constraints.
Try `flutter pub outdated` for more information.
00:00 +0: loading /Users/nealsanche/nosuch/nt_helper/test/ui/widgets/step_sequencer/step_column_widget_test.dart                                                                                       00:01 +0: loading /Users/nealsanche/nosuch/nt_helper/test/ui/widgets/step_sequencer/step_column_widget_test.dart                                                                                       00:01 +0: StepColumnWidget displays step number correctly                                                                                                                                              00:01 +0: StepColumnWidget displays step number correctly                                                                                                                                              
[StepSequencerParams] Discovered 1 steps
[StepSequencerParams] Total parameters indexed: 2
[StepSequencerParams] WARNING: Parameter not found - 1:Mod
[StepSequencerParams] WARNING: Parameter not found - 1:Division
[StepSequencerParams] WARNING: Parameter not found - 1:Pattern
[StepSequencerParams] WARNING: Parameter not found - 1:Ties
[StepSequencerParams] WARNING: Parameter not found - 1:Mute
[StepSequencerParams] WARNING: Parameter not found - 1:Skip
[StepSequencerParams] WARNING: Parameter not found - 1:Reset
[StepSequencerParams] WARNING: Parameter not found - 1:Repeat
[StepSequencerParams] Step parameters found:
  - Pitch: 1/1
  - Velocity: 1/1
  - Mod: 0/1
  - Division: 0/1
  - Pattern: 0/1
  - Ties: 0/1
  - Mute: 0/1
  - Skip: 0/1
  - Reset: 0/1
  - Repeat: 0/1
[StepSequencerParams] Global parameters found:
  - Direction: ✗
    [WARNING] Global parameter "Direction" not found
  - Start Step: ✗
    [WARNING] Global parameter "Start Step" not found
  - End Step: ✗
    [WARNING] Global parameter "End Step" not found
  - Gate Length: ✗
    [WARNING] Global parameter "Gate Length" not found
  - Trigger Length: ✗
    [WARNING] Global parameter "Trigger Length" not found
  - Glide Time: ✗
    [WARNING] Global parameter "Glide Time" not found
  - Current Sequence: ✗
    [WARNING] Global parameter "Current Sequence" not found
  - Permutation: ✗
    [WARNING] Global parameter "Permutation" not found
  - Gate Type: ✗
    [WARNING] Global parameter "Gate Type" not found
[StepSequencerParams] Randomize parameters found:
  - Randomise: ✗
  - Randomise what: ✗
  - Note distribution: ✗
  - Min note: ✗
  - Max note: ✗
  - Mean note: ✗
  - Note deviation: ✗
  - Min repeat: ✗
  - Max repeat: ✗
  - Min ratchet: ✗
  - Max ratchet: ✗
  - Note probability: ✗
  - Tie probability: ✗
  - Accent probability: ✗
  - Repeat probability: ✗
  - Ratchet probability: ✗
  - Unaccented velocity: ✗
[StepSequencerParams] Discovered 1 steps
[StepSequencerParams] Total parameters indexed: 2
[StepSequencerParams] WARNING: Parameter not found - 1:Mod
[StepSequencerParams] WARNING: Parameter not found - 1:Division
[StepSequencerParams] WARNING: Parameter not found - 1:Pattern
[StepSequencerParams] WARNING: Parameter not found - 1:Ties
[StepSequencerParams] WARNING: Parameter not found - 1:Mute
[StepSequencerParams] WARNING: Parameter not found - 1:Skip
[StepSequencerParams] WARNING: Parameter not found - 1:Reset
[StepSequencerParams] WARNING: Parameter not found - 1:Repeat
[StepSequencerParams] Step parameters found:
  - Pitch: 1/1
  - Velocity: 1/1
  - Mod: 0/1
  - Division: 0/1
  - Pattern: 0/1
  - Ties: 0/1
  - Mute: 0/1
  - Skip: 0/1
  - Reset: 0/1
  - Repeat: 0/1
[StepSequencerParams] Global parameters found:
  - Direction: ✗
    [WARNING] Global parameter "Direction" not found
  - Start Step: ✗
    [WARNING] Global parameter "Start Step" not found
  - End Step: ✗
    [WARNING] Global parameter "End Step" not found
  - Gate Length: ✗
    [WARNING] Global parameter "Gate Length" not found
  - Trigger Length: ✗
    [WARNING] Global parameter "Trigger Length" not found
  - Glide Time: ✗
    [WARNING] Global parameter "Glide Time" not found
  - Current Sequence: ✗
    [WARNING] Global parameter "Current Sequence" not found
  - Permutation: ✗
    [WARNING] Global parameter "Permutation" not found
  - Gate Type: ✗
    [WARNING] Global parameter "Gate Type" not found
[StepSequencerParams] Randomize parameters found:
  - Randomise: ✗
  - Randomise what: ✗
  - Note distribution: ✗
  - Min note: ✗
  - Max note: ✗
  - Mean note: ✗
  - Note deviation: ✗
  - Min repeat: ✗
  - Max repeat: ✗
  - Min ratchet: ✗
  - Max ratchet: ✗
  - Note probability: ✗
  - Tie probability: ✗
  - Accent probability: ✗
  - Repeat probability: ✗
  - Ratchet probability: ✗
  - Unaccented velocity: ✗
[StepSequencerParams] WARNING: Parameter not found - 1:Pattern
[StepSequencerParams] Discovered 1 steps
[StepSequencerParams] Total parameters indexed: 2
[StepSequencerParams] WARNING: Parameter not found - 1:Mod
[StepSequencerParams] WARNING: Parameter not found - 1:Division
[StepSequencerParams] WARNING: Parameter not found - 1:Pattern
[StepSequencerParams] WARNING: Parameter not found - 1:Ties
[StepSequencerParams] WARNING: Parameter not found - 1:Mute
[StepSequencerParams] WARNING: Parameter not found - 1:Skip
[StepSequencerParams] WARNING: Parameter not found - 1:Reset
[StepSequencerParams] WARNING: Parameter not found - 1:Repeat
[StepSequencerParams] Step parameters found:
  - Pitch: 1/1
  - Velocity: 1/1
  - Mod: 0/1
  - Division: 0/1
  - Pattern: 0/1
  - Ties: 0/1
  - Mute: 0/1
  - Skip: 0/1
  - Reset: 0/1
  - Repeat: 0/1
[StepSequencerParams] Global parameters found:
  - Direction: ✗
    [WARNING] Global parameter "Direction" not found
  - Start Step: ✗
    [WARNING] Global parameter "Start Step" not found
  - End Step: ✗
    [WARNING] Global parameter "End Step" not found
  - Gate Length: ✗
    [WARNING] Global parameter "Gate Length" not found
  - Trigger Length: ✗
    [WARNING] Global parameter "Trigger Length" not found
  - Glide Time: ✗
    [WARNING] Global parameter "Glide Time" not found
  - Current Sequence: ✗
    [WARNING] Global parameter "Current Sequence" not found
  - Permutation: ✗
    [WARNING] Global parameter "Permutation" not found
  - Gate Type: ✗
    [WARNING] Global parameter "Gate Type" not found
[StepSequencerParams] Randomize parameters found:
  - Randomise: ✗
  - Randomise what: ✗
  - Note distribution: ✗
  - Min note: ✗
  - Max note: ✗
  - Mean note: ✗
  - Note deviation: ✗
  - Min repeat: ✗
  - Max repeat: ✗
  - Min ratchet: ✗
  - Max ratchet: ✗
  - Note probability: ✗
  - Tie probability: ✗
  - Accent probability: ✗
  - Repeat probability: ✗
  - Ratchet probability: ✗
  - Unaccented velocity: ✗
[StepSequencerParams] Discovered 1 steps
[StepSequencerParams] Total parameters indexed: 2
[StepSequencerParams] WARNING: Parameter not found - 1:Mod
[StepSequencerParams] WARNING: Parameter not found - 1:Division
[StepSequencerParams] WARNING: Parameter not found - 1:Pattern
[StepSequencerParams] WARNING: Parameter not found - 1:Ties
[StepSequencerParams] WARNING: Parameter not found - 1:Mute
[StepSequencerParams] WARNING: Parameter not found - 1:Skip
[StepSequencerParams] WARNING: Parameter not found - 1:Reset
[StepSequencerParams] WARNING: Parameter not found - 1:Repeat
[StepSequencerParams] Step parameters found:
  - Pitch: 1/1
  - Velocity: 1/1
  - Mod: 0/1
  - Division: 0/1
  - Pattern: 0/1
  - Ties: 0/1
  - Mute: 0/1
  - Skip: 0/1
  - Reset: 0/1
  - Repeat: 0/1
[StepSequencerParams] Global parameters found:
  - Direction: ✗
    [WARNING] Global parameter "Direction" not found
  - Start Step: ✗
    [WARNING] Global parameter "Start Step" not found
  - End Step: ✗
    [WARNING] Global parameter "End Step" not found
  - Gate Length: ✗
    [WARNING] Global parameter "Gate Length" not found
  - Trigger Length: ✗
    [WARNING] Global parameter "Trigger Length" not found
  - Glide Time: ✗
    [WARNING] Global parameter "Glide Time" not found
  - Current Sequence: ✗
    [WARNING] Global parameter "Current Sequence" not found
  - Permutation: ✗
    [WARNING] Global parameter "Permutation" not found
  - Gate Type: ✗
    [WARNING] Global parameter "Gate Type" not found
[StepSequencerParams] Randomize parameters found:
  - Randomise: ✗
  - Randomise what: ✗
  - Note distribution: ✗
  - Min note: ✗
  - Max note: ✗
  - Mean note: ✗
  - Note deviation: ✗
  - Min repeat: ✗
  - Max repeat: ✗
  - Min ratchet: ✗
  - Max ratchet: ✗
  - Note probability: ✗
  - Tie probability: ✗
  - Accent probability: ✗
  - Repeat probability: ✗
  - Ratchet probability: ✗
  - Unaccented velocity: ✗
[StepSequencerParams] Discovered 1 steps
[StepSequencerParams] Total parameters indexed: 2
[StepSequencerParams] WARNING: Parameter not found - 1:Mod
[StepSequencerParams] WARNING: Parameter not found - 1:Division
[StepSequencerParams] WARNING: Parameter not found - 1:Pattern
[StepSequencerParams] WARNING: Parameter not found - 1:Ties
[StepSequencerParams] WARNING: Parameter not found - 1:Mute
[StepSequencerParams] WARNING: Parameter not found - 1:Skip
[StepSequencerParams] WARNING: Parameter not found - 1:Reset
[StepSequencerParams] WARNING: Parameter not found - 1:Repeat
[StepSequencerParams] Step parameters found:
  - Pitch: 1/1
  - Velocity: 1/1
  - Mod: 0/1
  - Division: 0/1
  - Pattern: 0/1
  - Ties: 0/1
  - Mute: 0/1
  - Skip: 0/1
  - Reset: 0/1
  - Repeat: 0/1
[StepSequencerParams] Global parameters found:
  - Direction: ✗
    [WARNING] Global parameter "Direction" not found
  - Start Step: ✗
    [WARNING] Global parameter "Start Step" not found
  - End Step: ✗
    [WARNING] Global parameter "End Step" not found
  - Gate Length: ✗
    [WARNING] Global parameter "Gate Length" not found
  - Trigger Length: ✗
    [WARNING] Global parameter "Trigger Length" not found
  - Glide Time: ✗
    [WARNING] Global parameter "Glide Time" not found
  - Current Sequence: ✗
    [WARNING] Global parameter "Current Sequence" not found
  - Permutation: ✗
    [WARNING] Global parameter "Permutation" not found
  - Gate Type: ✗
    [WARNING] Global parameter "Gate Type" not found
[StepSequencerParams] Randomize parameters found:
  - Randomise: ✗
  - Randomise what: ✗
  - Note distribution: ✗
  - Min note: ✗
  - Max note: ✗
  - Mean note: ✗
  - Note deviation: ✗
  - Min repeat: ✗
  - Max repeat: ✗
  - Min ratchet: ✗
  - Max ratchet: ✗
  - Note probability: ✗
  - Tie probability: ✗
  - Accent probability: ✗
  - Repeat probability: ✗
  - Ratchet probability: ✗
  - Unaccented velocity: ✗
00:01 +1: StepColumnWidget displays step number correctly                                                                                                                                              00:01 +1: StepColumnWidget displays pitch bar                                                                                                                                                          00:01 +1: StepColumnWidget displays pitch bar                                                                                                                                                          
[StepSequencerParams] Discovered 1 steps
[StepSequencerParams] Total parameters indexed: 2
[StepSequencerParams] WARNING: Parameter not found - 1:Mod
[StepSequencerParams] WARNING: Parameter not found - 1:Division
[StepSequencerParams] WARNING: Parameter not found - 1:Pattern
[StepSequencerParams] WARNING: Parameter not found - 1:Ties
[StepSequencerParams] WARNING: Parameter not found - 1:Mute
[StepSequencerParams] WARNING: Parameter not found - 1:Skip
[StepSequencerParams] WARNING: Parameter not found - 1:Reset
[StepSequencerParams] WARNING: Parameter not found - 1:Repeat
[StepSequencerParams] Step parameters found:
  - Pitch: 1/1
  - Velocity: 1/1
  - Mod: 0/1
  - Division: 0/1
  - Pattern: 0/1
  - Ties: 0/1
  - Mute: 0/1
  - Skip: 0/1
  - Reset: 0/1
  - Repeat: 0/1
[StepSequencerParams] Global parameters found:
  - Direction: ✗
    [WARNING] Global parameter "Direction" not found
  - Start Step: ✗
    [WARNING] Global parameter "Start Step" not found
  - End Step: ✗
    [WARNING] Global parameter "End Step" not found
  - Gate Length: ✗
    [WARNING] Global parameter "Gate Length" not found
  - Trigger Length: ✗
    [WARNING] Global parameter "Trigger Length" not found
  - Glide Time: ✗
    [WARNING] Global parameter "Glide Time" not found
  - Current Sequence: ✗
    [WARNING] Global parameter "Current Sequence" not found
  - Permutation: ✗
    [WARNING] Global parameter "Permutation" not found
  - Gate Type: ✗
    [WARNING] Global parameter "Gate Type" not found
[StepSequencerParams] Randomize parameters found:
  - Randomise: ✗
  - Randomise what: ✗
  - Note distribution: ✗
  - Min note: ✗
  - Max note: ✗
  - Mean note: ✗
  - Note deviation: ✗
  - Min repeat: ✗
  - Max repeat: ✗
  - Min ratchet: ✗
  - Max ratchet: ✗
  - Note probability: ✗
  - Tie probability: ✗
  - Accent probability: ✗
  - Repeat probability: ✗
  - Ratchet probability: ✗
  - Unaccented velocity: ✗
[StepSequencerParams] WARNING: Parameter not found - 6:Pitch
[StepSequencerParams] Discovered 1 steps
[StepSequencerParams] Total parameters indexed: 2
[StepSequencerParams] WARNING: Parameter not found - 1:Mod
[StepSequencerParams] WARNING: Parameter not found - 1:Division
[StepSequencerParams] WARNING: Parameter not found - 1:Pattern
[StepSequencerParams] WARNING: Parameter not found - 1:Ties
[StepSequencerParams] WARNING: Parameter not found - 1:Mute
[StepSequencerParams] WARNING: Parameter not found - 1:Skip
[StepSequencerParams] WARNING: Parameter not found - 1:Reset
[StepSequencerParams] WARNING: Parameter not found - 1:Repeat
[StepSequencerParams] Step parameters found:
  - Pitch: 1/1
  - Velocity: 1/1
  - Mod: 0/1
  - Division: 0/1
  - Pattern: 0/1
  - Ties: 0/1
  - Mute: 0/1
  - Skip: 0/1
  - Reset: 0/1
  - Repeat: 0/1
[StepSequencerParams] Global parameters found:
  - Direction: ✗
    [WARNING] Global parameter "Direction" not found
  - Start Step: ✗
    [WARNING] Global parameter "Start Step" not found
  - End Step: ✗
    [WARNING] Global parameter "End Step" not found
  - Gate Length: ✗
    [WARNING] Global parameter "Gate Length" not found
  - Trigger Length: ✗
    [WARNING] Global parameter "Trigger Length" not found
  - Glide Time: ✗
    [WARNING] Global parameter "Glide Time" not found
  - Current Sequence: ✗
    [WARNING] Global parameter "Current Sequence" not found
  - Permutation: ✗
    [WARNING] Global parameter "Permutation" not found
  - Gate Type: ✗
    [WARNING] Global parameter "Gate Type" not found
[StepSequencerParams] Randomize parameters found:
  - Randomise: ✗
  - Randomise what: ✗
  - Note distribution: ✗
  - Min note: ✗
  - Max note: ✗
  - Mean note: ✗
  - Note deviation: ✗
  - Min repeat: ✗
  - Max repeat: ✗
  - Min ratchet: ✗
  - Max ratchet: ✗
  - Note probability: ✗
  - Tie probability: ✗
  - Accent probability: ✗
  - Repeat probability: ✗
  - Ratchet probability: ✗
  - Unaccented velocity: ✗
[StepSequencerParams] WARNING: Parameter not found - 6:Pattern
[StepSequencerParams] Discovered 1 steps
[StepSequencerParams] Total parameters indexed: 2
[StepSequencerParams] WARNING: Parameter not found - 1:Mod
[StepSequencerParams] WARNING: Parameter not found - 1:Division
[StepSequencerParams] WARNING: Parameter not found - 1:Pattern
[StepSequencerParams] WARNING: Parameter not found - 1:Ties
[StepSequencerParams] WARNING: Parameter not found - 1:Mute
[StepSequencerParams] WARNING: Parameter not found - 1:Skip
[StepSequencerParams] WARNING: Parameter not found - 1:Reset
[StepSequencerParams] WARNING: Parameter not found - 1:Repeat
[StepSequencerParams] Step parameters found:
  - Pitch: 1/1
  - Velocity: 1/1
  - Mod: 0/1
  - Division: 0/1
  - Pattern: 0/1
  - Ties: 0/1
  - Mute: 0/1
  - Skip: 0/1
  - Reset: 0/1
  - Repeat: 0/1
[StepSequencerParams] Global parameters found:
  - Direction: ✗
    [WARNING] Global parameter "Direction" not found
  - Start Step: ✗
    [WARNING] Global parameter "Start Step" not found
  - End Step: ✗
    [WARNING] Global parameter "End Step" not found
  - Gate Length: ✗
    [WARNING] Global parameter "Gate Length" not found
  - Trigger Length: ✗
    [WARNING] Global parameter "Trigger Length" not found
  - Glide Time: ✗
    [WARNING] Global parameter "Glide Time" not found
  - Current Sequence: ✗
    [WARNING] Global parameter "Current Sequence" not found
  - Permutation: ✗
    [WARNING] Global parameter "Permutation" not found
  - Gate Type: ✗
    [WARNING] Global parameter "Gate Type" not found
[StepSequencerParams] Randomize parameters found:
  - Randomise: ✗
  - Randomise what: ✗
  - Note distribution: ✗
  - Min note: ✗
  - Max note: ✗
  - Mean note: ✗
  - Note deviation: ✗
  - Min repeat: ✗
  - Max repeat: ✗
  - Min ratchet: ✗
  - Max ratchet: ✗
  - Note probability: ✗
  - Tie probability: ✗
  - Accent probability: ✗
  - Repeat probability: ✗
  - Ratchet probability: ✗
  - Unaccented velocity: ✗
[StepSequencerParams] WARNING: Parameter not found - 6:Pitch
[StepSequencerParams] Discovered 1 steps
[StepSequencerParams] Total parameters indexed: 2
[StepSequencerParams] WARNING: Parameter not found - 1:Mod
[StepSequencerParams] WARNING: Parameter not found - 1:Division
[StepSequencerParams] WARNING: Parameter not found - 1:Pattern
[StepSequencerParams] WARNING: Parameter not found - 1:Ties
[StepSequencerParams] WARNING: Parameter not found - 1:Mute
[StepSequencerParams] WARNING: Parameter not found - 1:Skip
[StepSequencerParams] WARNING: Parameter not found - 1:Reset
[StepSequencerParams] WARNING: Parameter not found - 1:Repeat
[StepSequencerParams] Step parameters found:
  - Pitch: 1/1
  - Velocity: 1/1
  - Mod: 0/1
  - Division: 0/1
  - Pattern: 0/1
  - Ties: 0/1
  - Mute: 0/1
  - Skip: 0/1
  - Reset: 0/1
  - Repeat: 0/1
[StepSequencerParams] Global parameters found:
  - Direction: ✗
    [WARNING] Global parameter "Direction" not found
  - Start Step: ✗
    [WARNING] Global parameter "Start Step" not found
  - End Step: ✗
    [WARNING] Global parameter "End Step" not found
  - Gate Length: ✗
    [WARNING] Global parameter "Gate Length" not found
  - Trigger Length: ✗
    [WARNING] Global parameter "Trigger Length" not found
  - Glide Time: ✗
    [WARNING] Global parameter "Glide Time" not found
  - Current Sequence: ✗
    [WARNING] Global parameter "Current Sequence" not found
  - Permutation: ✗
    [WARNING] Global parameter "Permutation" not found
  - Gate Type: ✗
    [WARNING] Global parameter "Gate Type" not found
[StepSequencerParams] Randomize parameters found:
  - Randomise: ✗
  - Randomise what: ✗
  - Note distribution: ✗
  - Min note: ✗
  - Max note: ✗
  - Mean note: ✗
  - Note deviation: ✗
  - Min repeat: ✗
  - Max repeat: ✗
  - Min ratchet: ✗
  - Max ratchet: ✗
  - Note probability: ✗
  - Tie probability: ✗
  - Accent probability: ✗
  - Repeat probability: ✗
  - Ratchet probability: ✗
  - Unaccented velocity: ✗
[StepSequencerParams] WARNING: Parameter not found - 6:Pitch
[StepSequencerParams] Discovered 1 steps
[StepSequencerParams] Total parameters indexed: 2
[StepSequencerParams] WARNING: Parameter not found - 1:Mod
[StepSequencerParams] WARNING: Parameter not found - 1:Division
[StepSequencerParams] WARNING: Parameter not found - 1:Pattern
[StepSequencerParams] WARNING: Parameter not found - 1:Ties
[StepSequencerParams] WARNING: Parameter not found - 1:Mute
[StepSequencerParams] WARNING: Parameter not found - 1:Skip
[StepSequencerParams] WARNING: Parameter not found - 1:Reset
[StepSequencerParams] WARNING: Parameter not found - 1:Repeat
[StepSequencerParams] Step parameters found:
  - Pitch: 1/1
  - Velocity: 1/1
  - Mod: 0/1
  - Division: 0/1
  - Pattern: 0/1
  - Ties: 0/1
  - Mute: 0/1
  - Skip: 0/1
  - Reset: 0/1
  - Repeat: 0/1
[StepSequencerParams] Global parameters found:
  - Direction: ✗
    [WARNING] Global parameter "Direction" not found
  - Start Step: ✗
    [WARNING] Global parameter "Start Step" not found
  - End Step: ✗
    [WARNING] Global parameter "End Step" not found
  - Gate Length: ✗
    [WARNING] Global parameter "Gate Length" not found
  - Trigger Length: ✗
    [WARNING] Global parameter "Trigger Length" not found
  - Glide Time: ✗
    [WARNING] Global parameter "Glide Time" not found
  - Current Sequence: ✗
    [WARNING] Global parameter "Current Sequence" not found
  - Permutation: ✗
    [WARNING] Global parameter "Permutation" not found
  - Gate Type: ✗
    [WARNING] Global parameter "Gate Type" not found
[StepSequencerParams] Randomize parameters found:
  - Randomise: ✗
  - Randomise what: ✗
  - Note distribution: ✗
  - Min note: ✗
  - Max note: ✗
  - Mean note: ✗
  - Note deviation: ✗
  - Min repeat: ✗
  - Max repeat: ✗
  - Min ratchet: ✗
  - Max ratchet: ✗
  - Note probability: ✗
  - Tie probability: ✗
  - Accent probability: ✗
  - Repeat probability: ✗
  - Ratchet probability: ✗
  - Unaccented velocity: ✗
[StepSequencerParams] WARNING: Parameter not found - 6:Pitch
00:01 +2: StepColumnWidget displays pitch bar                                                                                                                                                          00:01 +2: StepColumnWidget displays formatted pitch value                                                                                                                                              00:01 +2: StepColumnWidget displays formatted pitch value                                                                                                                                              
[StepSequencerParams] Discovered 1 steps
[StepSequencerParams] Total parameters indexed: 2
[StepSequencerParams] WARNING: Parameter not found - 1:Mod
[StepSequencerParams] WARNING: Parameter not found - 1:Division
[StepSequencerParams] WARNING: Parameter not found - 1:Pattern
[StepSequencerParams] WARNING: Parameter not found - 1:Ties
[StepSequencerParams] WARNING: Parameter not found - 1:Mute
[StepSequencerParams] WARNING: Parameter not found - 1:Skip
[StepSequencerParams] WARNING: Parameter not found - 1:Reset
[StepSequencerParams] WARNING: Parameter not found - 1:Repeat
[StepSequencerParams] Step parameters found:
  - Pitch: 1/1
  - Velocity: 1/1
  - Mod: 0/1
  - Division: 0/1
  - Pattern: 0/1
  - Ties: 0/1
  - Mute: 0/1
  - Skip: 0/1
  - Reset: 0/1
  - Repeat: 0/1
[StepSequencerParams] Global parameters found:
  - Direction: ✗
    [WARNING] Global parameter "Direction" not found
  - Start Step: ✗
    [WARNING] Global parameter "Start Step" not found
  - End Step: ✗
    [WARNING] Global parameter "End Step" not found
  - Gate Length: ✗
    [WARNING] Global parameter "Gate Length" not found
  - Trigger Length: ✗
    [WARNING] Global parameter "Trigger Length" not found
  - Glide Time: ✗
    [WARNING] Global parameter "Glide Time" not found
  - Current Sequence: ✗
    [WARNING] Global parameter "Current Sequence" not found
  - Permutation: ✗
    [WARNING] Global parameter "Permutation" not found
  - Gate Type: ✗
    [WARNING] Global parameter "Gate Type" not found
[StepSequencerParams] Randomize parameters found:
  - Randomise: ✗
  - Randomise what: ✗
  - Note distribution: ✗
  - Min note: ✗
  - Max note: ✗
  - Mean note: ✗
  - Note deviation: ✗
  - Min repeat: ✗
  - Max repeat: ✗
  - Min ratchet: ✗
  - Max ratchet: ✗
  - Note probability: ✗
  - Tie probability: ✗
  - Accent probability: ✗
  - Repeat probability: ✗
  - Ratchet probability: ✗
  - Unaccented velocity: ✗
[StepSequencerParams] Discovered 1 steps
[StepSequencerParams] Total parameters indexed: 2
[StepSequencerParams] WARNING: Parameter not found - 1:Mod
[StepSequencerParams] WARNING: Parameter not found - 1:Division
[StepSequencerParams] WARNING: Parameter not found - 1:Pattern
[StepSequencerParams] WARNING: Parameter not found - 1:Ties
[StepSequencerParams] WARNING: Parameter not found - 1:Mute
[StepSequencerParams] WARNING: Parameter not found - 1:Skip
[StepSequencerParams] WARNING: Parameter not found - 1:Reset
[StepSequencerParams] WARNING: Parameter not found - 1:Repeat
[StepSequencerParams] Step parameters found:
  - Pitch: 1/1
  - Velocity: 1/1
  - Mod: 0/1
  - Division: 0/1
  - Pattern: 0/1
  - Ties: 0/1
  - Mute: 0/1
  - Skip: 0/1
  - Reset: 0/1
  - Repeat: 0/1
[StepSequencerParams] Global parameters found:
  - Direction: ✗
    [WARNING] Global parameter "Direction" not found
  - Start Step: ✗
    [WARNING] Global parameter "Start Step" not found
  - End Step: ✗
    [WARNING] Global parameter "End Step" not found
  - Gate Length: ✗
    [WARNING] Global parameter "Gate Length" not found
  - Trigger Length: ✗
    [WARNING] Global parameter "Trigger Length" not found
  - Glide Time: ✗
    [WARNING] Global parameter "Glide Time" not found
  - Current Sequence: ✗
    [WARNING] Global parameter "Current Sequence" not found
  - Permutation: ✗
    [WARNING] Global parameter "Permutation" not found
  - Gate Type: ✗
    [WARNING] Global parameter "Gate Type" not found
[StepSequencerParams] Randomize parameters found:
  - Randomise: ✗
  - Randomise what: ✗
  - Note distribution: ✗
  - Min note: ✗
  - Max note: ✗
  - Mean note: ✗
  - Note deviation: ✗
  - Min repeat: ✗
  - Max repeat: ✗
  - Min ratchet: ✗
  - Max ratchet: ✗
  - Note probability: ✗
  - Tie probability: ✗
  - Accent probability: ✗
  - Repeat probability: ✗
  - Ratchet probability: ✗
  - Unaccented velocity: ✗
[StepSequencerParams] WARNING: Parameter not found - 1:Pattern
[StepSequencerParams] Discovered 1 steps
[StepSequencerParams] Total parameters indexed: 2
[StepSequencerParams] WARNING: Parameter not found - 1:Mod
[StepSequencerParams] WARNING: Parameter not found - 1:Division
[StepSequencerParams] WARNING: Parameter not found - 1:Pattern
[StepSequencerParams] WARNING: Parameter not found - 1:Ties
[StepSequencerParams] WARNING: Parameter not found - 1:Mute
[StepSequencerParams] WARNING: Parameter not found - 1:Skip
[StepSequencerParams] WARNING: Parameter not found - 1:Reset
[StepSequencerParams] WARNING: Parameter not found - 1:Repeat
[StepSequencerParams] Step parameters found:
  - Pitch: 1/1
  - Velocity: 1/1
  - Mod: 0/1
  - Division: 0/1
  - Pattern: 0/1
  - Ties: 0/1
  - Mute: 0/1
  - Skip: 0/1
  - Reset: 0/1
  - Repeat: 0/1
[StepSequencerParams] Global parameters found:
  - Direction: ✗
    [WARNING] Global parameter "Direction" not found
  - Start Step: ✗
    [WARNING] Global parameter "Start Step" not found
  - End Step: ✗
    [WARNING] Global parameter "End Step" not found
  - Gate Length: ✗
    [WARNING] Global parameter "Gate Length" not found
  - Trigger Length: ✗
    [WARNING] Global parameter "Trigger Length" not found
  - Glide Time: ✗
    [WARNING] Global parameter "Glide Time" not found
  - Current Sequence: ✗
    [WARNING] Global parameter "Current Sequence" not found
  - Permutation: ✗
    [WARNING] Global parameter "Permutation" not found
  - Gate Type: ✗
    [WARNING] Global parameter "Gate Type" not found
[StepSequencerParams] Randomize parameters found:
  - Randomise: ✗
  - Randomise what: ✗
  - Note distribution: ✗
  - Min note: ✗
  - Max note: ✗
  - Mean note: ✗
  - Note deviation: ✗
  - Min repeat: ✗
  - Max repeat: ✗
  - Min ratchet: ✗
  - Max ratchet: ✗
  - Note probability: ✗
  - Tie probability: ✗
  - Accent probability: ✗
  - Repeat probability: ✗
  - Ratchet probability: ✗
  - Unaccented velocity: ✗
[StepSequencerParams] Discovered 1 steps
[StepSequencerParams] Total parameters indexed: 2
[StepSequencerParams] WARNING: Parameter not found - 1:Mod
[StepSequencerParams] WARNING: Parameter not found - 1:Division
[StepSequencerParams] WARNING: Parameter not found - 1:Pattern
[StepSequencerParams] WARNING: Parameter not found - 1:Ties
[StepSequencerParams] WARNING: Parameter not found - 1:Mute
[StepSequencerParams] WARNING: Parameter not found - 1:Skip
[StepSequencerParams] WARNING: Parameter not found - 1:Reset
[StepSequencerParams] WARNING: Parameter not found - 1:Repeat
[StepSequencerParams] Step parameters found:
  - Pitch: 1/1
  - Velocity: 1/1
  - Mod: 0/1
  - Division: 0/1
  - Pattern: 0/1
  - Ties: 0/1
  - Mute: 0/1
  - Skip: 0/1
  - Reset: 0/1
  - Repeat: 0/1
[StepSequencerParams] Global parameters found:
  - Direction: ✗
    [WARNING] Global parameter "Direction" not found
  - Start Step: ✗
    [WARNING] Global parameter "Start Step" not found
  - End Step: ✗
    [WARNING] Global parameter "End Step" not found
  - Gate Length: ✗
    [WARNING] Global parameter "Gate Length" not found
  - Trigger Length: ✗
    [WARNING] Global parameter "Trigger Length" not found
  - Glide Time: ✗
    [WARNING] Global parameter "Glide Time" not found
  - Current Sequence: ✗
    [WARNING] Global parameter "Current Sequence" not found
  - Permutation: ✗
    [WARNING] Global parameter "Permutation" not found
  - Gate Type: ✗
    [WARNING] Global parameter "Gate Type" not found
[StepSequencerParams] Randomize parameters found:
  - Randomise: ✗
  - Randomise what: ✗
  - Note distribution: ✗
  - Min note: ✗
  - Max note: ✗
  - Mean note: ✗
  - Note deviation: ✗
  - Min repeat: ✗
  - Max repeat: ✗
  - Min ratchet: ✗
  - Max ratchet: ✗
  - Note probability: ✗
  - Tie probability: ✗
  - Accent probability: ✗
  - Repeat probability: ✗
  - Ratchet probability: ✗
  - Unaccented velocity: ✗
[StepSequencerParams] Discovered 1 steps
[StepSequencerParams] Total parameters indexed: 2
[StepSequencerParams] WARNING: Parameter not found - 1:Mod
[StepSequencerParams] WARNING: Parameter not found - 1:Division
[StepSequencerParams] WARNING: Parameter not found - 1:Pattern
[StepSequencerParams] WARNING: Parameter not found - 1:Ties
[StepSequencerParams] WARNING: Parameter not found - 1:Mute
[StepSequencerParams] WARNING: Parameter not found - 1:Skip
[StepSequencerParams] WARNING: Parameter not found - 1:Reset
[StepSequencerParams] WARNING: Parameter not found - 1:Repeat
[StepSequencerParams] Step parameters found:
  - Pitch: 1/1
  - Velocity: 1/1
  - Mod: 0/1
  - Division: 0/1
  - Pattern: 0/1
  - Ties: 0/1
  - Mute: 0/1
  - Skip: 0/1
  - Reset: 0/1
  - Repeat: 0/1
[StepSequencerParams] Global parameters found:
  - Direction: ✗
    [WARNING] Global parameter "Direction" not found
  - Start Step: ✗
    [WARNING] Global parameter "Start Step" not found
  - End Step: ✗
    [WARNING] Global parameter "End Step" not found
  - Gate Length: ✗
    [WARNING] Global parameter "Gate Length" not found
  - Trigger Length: ✗
    [WARNING] Global parameter "Trigger Length" not found
  - Glide Time: ✗
    [WARNING] Global parameter "Glide Time" not found
  - Current Sequence: ✗
    [WARNING] Global parameter "Current Sequence" not found
  - Permutation: ✗
    [WARNING] Global parameter "Permutation" not found
  - Gate Type: ✗
    [WARNING] Global parameter "Gate Type" not found
[StepSequencerParams] Randomize parameters found:
  - Randomise: ✗
  - Randomise what: ✗
  - Note distribution: ✗
  - Min note: ✗
  - Max note: ✗
  - Mean note: ✗
  - Note deviation: ✗
  - Min repeat: ✗
  - Max repeat: ✗
  - Min ratchet: ✗
  - Max ratchet: ✗
  - Note probability: ✗
  - Tie probability: ✗
  - Accent probability: ✗
  - Repeat probability: ✗
  - Ratchet probability: ✗
  - Unaccented velocity: ✗
00:01 +3: StepColumnWidget displays formatted pitch value                                                                                                                                              00:01 +3: StepColumnWidget displays bit pattern editor in Ties mode                                                                                                                                    00:01 +3: StepColumnWidget displays bit pattern editor in Ties mode                                                                                                                                    
[StepSequencerParams] Discovered 1 steps
[StepSequencerParams] Total parameters indexed: 3
[StepSequencerParams] WARNING: Parameter not found - 1:Mod
[StepSequencerParams] WARNING: Parameter not found - 1:Division
[StepSequencerParams] WARNING: Parameter not found - 1:Pattern
[StepSequencerParams] WARNING: Parameter not found - 1:Mute
[StepSequencerParams] WARNING: Parameter not found - 1:Skip
[StepSequencerParams] WARNING: Parameter not found - 1:Reset
[StepSequencerParams] WARNING: Parameter not found - 1:Repeat
[StepSequencerParams] Step parameters found:
  - Pitch: 1/1
  - Velocity: 1/1
  - Mod: 0/1
  - Division: 0/1
  - Pattern: 0/1
  - Ties: 1/1
  - Mute: 0/1
  - Skip: 0/1
  - Reset: 0/1
  - Repeat: 0/1
[StepSequencerParams] Global parameters found:
  - Direction: ✗
    [WARNING] Global parameter "Direction" not found
  - Start Step: ✗
    [WARNING] Global parameter "Start Step" not found
  - End Step: ✗
    [WARNING] Global parameter "End Step" not found
  - Gate Length: ✗
    [WARNING] Global parameter "Gate Length" not found
  - Trigger Length: ✗
    [WARNING] Global parameter "Trigger Length" not found
  - Glide Time: ✗
    [WARNING] Global parameter "Glide Time" not found
  - Current Sequence: ✗
    [WARNING] Global parameter "Current Sequence" not found
  - Permutation: ✗
    [WARNING] Global parameter "Permutation" not found
  - Gate Type: ✗
    [WARNING] Global parameter "Gate Type" not found
[StepSequencerParams] Randomize parameters found:
  - Randomise: ✗
  - Randomise what: ✗
  - Note distribution: ✗
  - Min note: ✗
  - Max note: ✗
  - Mean note: ✗
  - Note deviation: ✗
  - Min repeat: ✗
  - Max repeat: ✗
  - Min ratchet: ✗
  - Max ratchet: ✗
  - Note probability: ✗
  - Tie probability: ✗
  - Accent probability: ✗
  - Repeat probability: ✗
  - Ratchet probability: ✗
  - Unaccented velocity: ✗
[StepSequencerParams] Discovered 1 steps
[StepSequencerParams] Total parameters indexed: 3
[StepSequencerParams] WARNING: Parameter not found - 1:Mod
[StepSequencerParams] WARNING: Parameter not found - 1:Division
[StepSequencerParams] WARNING: Parameter not found - 1:Pattern
[StepSequencerParams] WARNING: Parameter not found - 1:Mute
[StepSequencerParams] WARNING: Parameter not found - 1:Skip
[StepSequencerParams] WARNING: Parameter not found - 1:Reset
[StepSequencerParams] WARNING: Parameter not found - 1:Repeat
[StepSequencerParams] Step parameters found:
  - Pitch: 1/1
  - Velocity: 1/1
  - Mod: 0/1
  - Division: 0/1
  - Pattern: 0/1
  - Ties: 1/1
  - Mute: 0/1
  - Skip: 0/1
  - Reset: 0/1
  - Repeat: 0/1
[StepSequencerParams] Global parameters found:
  - Direction: ✗
    [WARNING] Global parameter "Direction" not found
  - Start Step: ✗
    [WARNING] Global parameter "Start Step" not found
  - End Step: ✗
    [WARNING] Global parameter "End Step" not found
  - Gate Length: ✗
    [WARNING] Global parameter "Gate Length" not found
  - Trigger Length: ✗
    [WARNING] Global parameter "Trigger Length" not found
  - Glide Time: ✗
    [WARNING] Global parameter "Glide Time" not found
  - Current Sequence: ✗
    [WARNING] Global parameter "Current Sequence" not found
  - Permutation: ✗
    [WARNING] Global parameter "Permutation" not found
  - Gate Type: ✗
    [WARNING] Global parameter "Gate Type" not found
[StepSequencerParams] Randomize parameters found:
  - Randomise: ✗
  - Randomise what: ✗
  - Note distribution: ✗
  - Min note: ✗
  - Max note: ✗
  - Mean note: ✗
  - Note deviation: ✗
  - Min repeat: ✗
  - Max repeat: ✗
  - Min ratchet: ✗
  - Max ratchet: ✗
  - Note probability: ✗
  - Tie probability: ✗
  - Accent probability: ✗
  - Repeat probability: ✗
  - Ratchet probability: ✗
  - Unaccented velocity: ✗
[StepSequencerParams] WARNING: Parameter not found - 1:Division
[StepSequencerParams] Discovered 1 steps
[StepSequencerParams] Total parameters indexed: 3
[StepSequencerParams] WARNING: Parameter not found - 1:Mod
[StepSequencerParams] WARNING: Parameter not found - 1:Division
[StepSequencerParams] WARNING: Parameter not found - 1:Pattern
[StepSequencerParams] WARNING: Parameter not found - 1:Mute
[StepSequencerParams] WARNING: Parameter not found - 1:Skip
[StepSequencerParams] WARNING: Parameter not found - 1:Reset
[StepSequencerParams] WARNING: Parameter not found - 1:Repeat
[StepSequencerParams] Step parameters found:
  - Pitch: 1/1
  - Velocity: 1/1
  - Mod: 0/1
  - Division: 0/1
  - Pattern: 0/1
  - Ties: 1/1
  - Mute: 0/1
  - Skip: 0/1
  - Reset: 0/1
  - Repeat: 0/1
[StepSequencerParams] Global parameters found:
  - Direction: ✗
    [WARNING] Global parameter "Direction" not found
  - Start Step: ✗
    [WARNING] Global parameter "Start Step" not found
  - End Step: ✗
    [WARNING] Global parameter "End Step" not found
  - Gate Length: ✗
    [WARNING] Global parameter "Gate Length" not found
  - Trigger Length: ✗
    [WARNING] Global parameter "Trigger Length" not found
  - Glide Time: ✗
    [WARNING] Global parameter "Glide Time" not found
  - Current Sequence: ✗
    [WARNING] Global parameter "Current Sequence" not found
  - Permutation: ✗
    [WARNING] Global parameter "Permutation" not found
  - Gate Type: ✗
    [WARNING] Global parameter "Gate Type" not found
[StepSequencerParams] Randomize parameters found:
  - Randomise: ✗
  - Randomise what: ✗
  - Note distribution: ✗
  - Min note: ✗
  - Max note: ✗
  - Mean note: ✗
  - Note deviation: ✗
  - Min repeat: ✗
  - Max repeat: ✗
  - Min ratchet: ✗
  - Max ratchet: ✗
  - Note probability: ✗
  - Tie probability: ✗
  - Accent probability: ✗
  - Repeat probability: ✗
  - Ratchet probability: ✗
  - Unaccented velocity: ✗
[StepSequencerParams] Discovered 1 steps
[StepSequencerParams] Total parameters indexed: 3
[StepSequencerParams] WARNING: Parameter not found - 1:Mod
[StepSequencerParams] WARNING: Parameter not found - 1:Division
[StepSequencerParams] WARNING: Parameter not found - 1:Pattern
[StepSequencerParams] WARNING: Parameter not found - 1:Mute
[StepSequencerParams] WARNING: Parameter not found - 1:Skip
[StepSequencerParams] WARNING: Parameter not found - 1:Reset
[StepSequencerParams] WARNING: Parameter not found - 1:Repeat
[StepSequencerParams] Step parameters found:
  - Pitch: 1/1
  - Velocity: 1/1
  - Mod: 0/1
  - Division: 0/1
  - Pattern: 0/1
  - Ties: 1/1
  - Mute: 0/1
  - Skip: 0/1
  - Reset: 0/1
  - Repeat: 0/1
[StepSequencerParams] Global parameters found:
  - Direction: ✗
    [WARNING] Global parameter "Direction" not found
  - Start Step: ✗
    [WARNING] Global parameter "Start Step" not found
  - End Step: ✗
    [WARNING] Global parameter "End Step" not found
  - Gate Length: ✗
    [WARNING] Global parameter "Gate Length" not found
  - Trigger Length: ✗
    [WARNING] Global parameter "Trigger Length" not found
  - Glide Time: ✗
    [WARNING] Global parameter "Glide Time" not found
  - Current Sequence: ✗
    [WARNING] Global parameter "Current Sequence" not found
  - Permutation: ✗
    [WARNING] Global parameter "Permutation" not found
  - Gate Type: ✗
    [WARNING] Global parameter "Gate Type" not found
[StepSequencerParams] Randomize parameters found:
  - Randomise: ✗
  - Randomise what: ✗
  - Note distribution: ✗
  - Min note: ✗
  - Max note: ✗
  - Mean note: ✗
  - Note deviation: ✗
  - Min repeat: ✗
  - Max repeat: ✗
  - Min ratchet: ✗
  - Max ratchet: ✗
  - Note probability: ✗
  - Tie probability: ✗
  - Accent probability: ✗
  - Repeat probability: ✗
  - Ratchet probability: ✗
  - Unaccented velocity: ✗
[StepSequencerParams] WARNING: Parameter not found - 1:Pattern
00:01 +4: StepColumnWidget displays bit pattern editor in Ties mode                                                                                                                                    00:01 +4: StepColumnWidget displays bit pattern editor in Pattern mode                                                                                                                                 00:01 +4: StepColumnWidget displays bit pattern editor in Pattern mode                                                                                                                                 
[StepSequencerParams] Discovered 1 steps
[StepSequencerParams] Total parameters indexed: 4
[StepSequencerParams] WARNING: Parameter not found - 1:Mod
[StepSequencerParams] WARNING: Parameter not found - 1:Ties
[StepSequencerParams] WARNING: Parameter not found - 1:Mute
[StepSequencerParams] WARNING: Parameter not found - 1:Skip
[StepSequencerParams] WARNING: Parameter not found - 1:Reset
[StepSequencerParams] WARNING: Parameter not found - 1:Repeat
[StepSequencerParams] Step parameters found:
  - Pitch: 1/1
  - Velocity: 1/1
  - Mod: 0/1
  - Division: 1/1
  - Pattern: 1/1
  - Ties: 0/1
  - Mute: 0/1
  - Skip: 0/1
  - Reset: 0/1
  - Repeat: 0/1
[StepSequencerParams] Global parameters found:
  - Direction: ✗
    [WARNING] Global parameter "Direction" not found
  - Start Step: ✗
    [WARNING] Global parameter "Start Step" not found
  - End Step: ✗
    [WARNING] Global parameter "End Step" not found
  - Gate Length: ✗
    [WARNING] Global parameter "Gate Length" not found
  - Trigger Length: ✗
    [WARNING] Global parameter "Trigger Length" not found
  - Glide Time: ✗
    [WARNING] Global parameter "Glide Time" not found
  - Current Sequence: ✗
    [WARNING] Global parameter "Current Sequence" not found
  - Permutation: ✗
    [WARNING] Global parameter "Permutation" not found
  - Gate Type: ✗
    [WARNING] Global parameter "Gate Type" not found
[StepSequencerParams] Randomize parameters found:
  - Randomise: ✗
  - Randomise what: ✗
  - Note distribution: ✗
  - Min note: ✗
  - Max note: ✗
  - Mean note: ✗
  - Note deviation: ✗
  - Min repeat: ✗
  - Max repeat: ✗
  - Min ratchet: ✗
  - Max ratchet: ✗
  - Note probability: ✗
  - Tie probability: ✗
  - Accent probability: ✗
  - Repeat probability: ✗
  - Ratchet probability: ✗
  - Unaccented velocity: ✗
[StepSequencerParams] Discovered 1 steps
[StepSequencerParams] Total parameters indexed: 4
[StepSequencerParams] WARNING: Parameter not found - 1:Mod
[StepSequencerParams] WARNING: Parameter not found - 1:Ties
[StepSequencerParams] WARNING: Parameter not found - 1:Mute
[StepSequencerParams] WARNING: Parameter not found - 1:Skip
[StepSequencerParams] WARNING: Parameter not found - 1:Reset
[StepSequencerParams] WARNING: Parameter not found - 1:Repeat
[StepSequencerParams] Step parameters found:
  - Pitch: 1/1
  - Velocity: 1/1
  - Mod: 0/1
  - Division: 1/1
  - Pattern: 1/1
  - Ties: 0/1
  - Mute: 0/1
  - Skip: 0/1
  - Reset: 0/1
  - Repeat: 0/1
[StepSequencerParams] Global parameters found:
  - Direction: ✗
    [WARNING] Global parameter "Direction" not found
  - Start Step: ✗
    [WARNING] Global parameter "Start Step" not found
  - End Step: ✗
    [WARNING] Global parameter "End Step" not found
  - Gate Length: ✗
    [WARNING] Global parameter "Gate Length" not found
  - Trigger Length: ✗
    [WARNING] Global parameter "Trigger Length" not found
  - Glide Time: ✗
    [WARNING] Global parameter "Glide Time" not found
  - Current Sequence: ✗
    [WARNING] Global parameter "Current Sequence" not found
  - Permutation: ✗
    [WARNING] Global parameter "Permutation" not found
  - Gate Type: ✗
    [WARNING] Global parameter "Gate Type" not found
[StepSequencerParams] Randomize parameters found:
  - Randomise: ✗
  - Randomise what: ✗
  - Note distribution: ✗
  - Min note: ✗
  - Max note: ✗
  - Mean note: ✗
  - Note deviation: ✗
  - Min repeat: ✗
  - Max repeat: ✗
  - Min ratchet: ✗
  - Max ratchet: ✗
  - Note probability: ✗
  - Tie probability: ✗
  - Accent probability: ✗
  - Repeat probability: ✗
  - Ratchet probability: ✗
  - Unaccented velocity: ✗
[StepSequencerParams] Discovered 1 steps
[StepSequencerParams] Total parameters indexed: 4
[StepSequencerParams] WARNING: Parameter not found - 1:Mod
[StepSequencerParams] WARNING: Parameter not found - 1:Ties
[StepSequencerParams] WARNING: Parameter not found - 1:Mute
[StepSequencerParams] WARNING: Parameter not found - 1:Skip
[StepSequencerParams] WARNING: Parameter not found - 1:Reset
[StepSequencerParams] WARNING: Parameter not found - 1:Repeat
[StepSequencerParams] Step parameters found:
  - Pitch: 1/1
  - Velocity: 1/1
  - Mod: 0/1
  - Division: 1/1
  - Pattern: 1/1
  - Ties: 0/1
  - Mute: 0/1
  - Skip: 0/1
  - Reset: 0/1
  - Repeat: 0/1
[StepSequencerParams] Global parameters found:
  - Direction: ✗
    [WARNING] Global parameter "Direction" not found
  - Start Step: ✗
    [WARNING] Global parameter "Start Step" not found
  - End Step: ✗
    [WARNING] Global parameter "End Step" not found
  - Gate Length: ✗
    [WARNING] Global parameter "Gate Length" not found
  - Trigger Length: ✗
    [WARNING] Global parameter "Trigger Length" not found
  - Glide Time: ✗
    [WARNING] Global parameter "Glide Time" not found
  - Current Sequence: ✗
    [WARNING] Global parameter "Current Sequence" not found
  - Permutation: ✗
    [WARNING] Global parameter "Permutation" not found
  - Gate Type: ✗
    [WARNING] Global parameter "Gate Type" not found
[StepSequencerParams] Randomize parameters found:
  - Randomise: ✗
  - Randomise what: ✗
  - Note distribution: ✗
  - Min note: ✗
  - Max note: ✗
  - Mean note: ✗
  - Note deviation: ✗
  - Min repeat: ✗
  - Max repeat: ✗
  - Min ratchet: ✗
  - Max ratchet: ✗
  - Note probability: ✗
  - Tie probability: ✗
  - Accent probability: ✗
  - Repeat probability: ✗
  - Ratchet probability: ✗
  - Unaccented velocity: ✗
[StepSequencerParams] Discovered 1 steps
[StepSequencerParams] Total parameters indexed: 4
[StepSequencerParams] WARNING: Parameter not found - 1:Mod
[StepSequencerParams] WARNING: Parameter not found - 1:Ties
[StepSequencerParams] WARNING: Parameter not found - 1:Mute
[StepSequencerParams] WARNING: Parameter not found - 1:Skip
[StepSequencerParams] WARNING: Parameter not found - 1:Reset
[StepSequencerParams] WARNING: Parameter not found - 1:Repeat
[StepSequencerParams] Step parameters found:
  - Pitch: 1/1
  - Velocity: 1/1
  - Mod: 0/1
  - Division: 1/1
  - Pattern: 1/1
  - Ties: 0/1
  - Mute: 0/1
  - Skip: 0/1
  - Reset: 0/1
  - Repeat: 0/1
[StepSequencerParams] Global parameters found:
  - Direction: ✗
    [WARNING] Global parameter "Direction" not found
  - Start Step: ✗
    [WARNING] Global parameter "Start Step" not found
  - End Step: ✗
    [WARNING] Global parameter "End Step" not found
  - Gate Length: ✗
    [WARNING] Global parameter "Gate Length" not found
  - Trigger Length: ✗
    [WARNING] Global parameter "Trigger Length" not found
  - Glide Time: ✗
    [WARNING] Global parameter "Glide Time" not found
  - Current Sequence: ✗
    [WARNING] Global parameter "Current Sequence" not found
  - Permutation: ✗
    [WARNING] Global parameter "Permutation" not found
  - Gate Type: ✗
    [WARNING] Global parameter "Gate Type" not found
[StepSequencerParams] Randomize parameters found:
  - Randomise: ✗
  - Randomise what: ✗
  - Note distribution: ✗
  - Min note: ✗
  - Max note: ✗
  - Mean note: ✗
  - Note deviation: ✗
  - Min repeat: ✗
  - Max repeat: ✗
  - Min ratchet: ✗
  - Max ratchet: ✗
  - Note probability: ✗
  - Tie probability: ✗
  - Accent probability: ✗
  - Repeat probability: ✗
  - Ratchet probability: ✗
  - Unaccented velocity: ✗
00:01 +5: StepColumnWidget displays bit pattern editor in Pattern mode                                                                                                                                 00:01 +5: StepColumnWidget highlights active step with border                                                                                                                                          00:01 +5: StepColumnWidget highlights active step with border                                                                                                                                          
[StepSequencerParams] Discovered 1 steps
[StepSequencerParams] Total parameters indexed: 2
[StepSequencerParams] WARNING: Parameter not found - 1:Mod
[StepSequencerParams] WARNING: Parameter not found - 1:Division
[StepSequencerParams] WARNING: Parameter not found - 1:Pattern
[StepSequencerParams] WARNING: Parameter not found - 1:Ties
[StepSequencerParams] WARNING: Parameter not found - 1:Mute
[StepSequencerParams] WARNING: Parameter not found - 1:Skip
[StepSequencerParams] WARNING: Parameter not found - 1:Reset
[StepSequencerParams] WARNING: Parameter not found - 1:Repeat
[StepSequencerParams] Step parameters found:
  - Pitch: 1/1
  - Velocity: 1/1
  - Mod: 0/1
  - Division: 0/1
  - Pattern: 0/1
  - Ties: 0/1
  - Mute: 0/1
  - Skip: 0/1
  - Reset: 0/1
  - Repeat: 0/1
[StepSequencerParams] Global parameters found:
  - Direction: ✗
    [WARNING] Global parameter "Direction" not found
  - Start Step: ✗
    [WARNING] Global parameter "Start Step" not found
  - End Step: ✗
    [WARNING] Global parameter "End Step" not found
  - Gate Length: ✗
    [WARNING] Global parameter "Gate Length" not found
  - Trigger Length: ✗
    [WARNING] Global parameter "Trigger Length" not found
  - Glide Time: ✗
    [WARNING] Global parameter "Glide Time" not found
  - Current Sequence: ✗
    [WARNING] Global parameter "Current Sequence" not found
  - Permutation: ✗
    [WARNING] Global parameter "Permutation" not found
  - Gate Type: ✗
    [WARNING] Global parameter "Gate Type" not found
[StepSequencerParams] Randomize parameters found:
  - Randomise: ✗
  - Randomise what: ✗
  - Note distribution: ✗
  - Min note: ✗
  - Max note: ✗
  - Mean note: ✗
  - Note deviation: ✗
  - Min repeat: ✗
  - Max repeat: ✗
  - Min ratchet: ✗
  - Max ratchet: ✗
  - Note probability: ✗
  - Tie probability: ✗
  - Accent probability: ✗
  - Repeat probability: ✗
  - Ratchet probability: ✗
  - Unaccented velocity: ✗
[StepSequencerParams] Discovered 1 steps
[StepSequencerParams] Total parameters indexed: 2
[StepSequencerParams] WARNING: Parameter not found - 1:Mod
[StepSequencerParams] WARNING: Parameter not found - 1:Division
[StepSequencerParams] WARNING: Parameter not found - 1:Pattern
[StepSequencerParams] WARNING: Parameter not found - 1:Ties
[StepSequencerParams] WARNING: Parameter not found - 1:Mute
[StepSequencerParams] WARNING: Parameter not found - 1:Skip
[StepSequencerParams] WARNING: Parameter not found - 1:Reset
[StepSequencerParams] WARNING: Parameter not found - 1:Repeat
[StepSequencerParams] Step parameters found:
  - Pitch: 1/1
  - Velocity: 1/1
  - Mod: 0/1
  - Division: 0/1
  - Pattern: 0/1
  - Ties: 0/1
  - Mute: 0/1
  - Skip: 0/1
  - Reset: 0/1
  - Repeat: 0/1
[StepSequencerParams] Global parameters found:
  - Direction: ✗
    [WARNING] Global parameter "Direction" not found
  - Start Step: ✗
    [WARNING] Global parameter "Start Step" not found
  - End Step: ✗
    [WARNING] Global parameter "End Step" not found
  - Gate Length: ✗
    [WARNING] Global parameter "Gate Length" not found
  - Trigger Length: ✗
    [WARNING] Global parameter "Trigger Length" not found
  - Glide Time: ✗
    [WARNING] Global parameter "Glide Time" not found
  - Current Sequence: ✗
    [WARNING] Global parameter "Current Sequence" not found
  - Permutation: ✗
    [WARNING] Global parameter "Permutation" not found
  - Gate Type: ✗
    [WARNING] Global parameter "Gate Type" not found
[StepSequencerParams] Randomize parameters found:
  - Randomise: ✗
  - Randomise what: ✗
  - Note distribution: ✗
  - Min note: ✗
  - Max note: ✗
  - Mean note: ✗
  - Note deviation: ✗
  - Min repeat: ✗
  - Max repeat: ✗
  - Min ratchet: ✗
  - Max ratchet: ✗
  - Note probability: ✗
  - Tie probability: ✗
  - Accent probability: ✗
  - Repeat probability: ✗
  - Ratchet probability: ✗
  - Unaccented velocity: ✗
[StepSequencerParams] WARNING: Parameter not found - 1:Pattern
[StepSequencerParams] Discovered 1 steps
[StepSequencerParams] Total parameters indexed: 2
[StepSequencerParams] WARNING: Parameter not found - 1:Mod
[StepSequencerParams] WARNING: Parameter not found - 1:Division
[StepSequencerParams] WARNING: Parameter not found - 1:Pattern
[StepSequencerParams] WARNING: Parameter not found - 1:Ties
[StepSequencerParams] WARNING: Parameter not found - 1:Mute
[StepSequencerParams] WARNING: Parameter not found - 1:Skip
[StepSequencerParams] WARNING: Parameter not found - 1:Reset
[StepSequencerParams] WARNING: Parameter not found - 1:Repeat
[StepSequencerParams] Step parameters found:
  - Pitch: 1/1
  - Velocity: 1/1
  - Mod: 0/1
  - Division: 0/1
  - Pattern: 0/1
  - Ties: 0/1
  - Mute: 0/1
  - Skip: 0/1
  - Reset: 0/1
  - Repeat: 0/1
[StepSequencerParams] Global parameters found:
  - Direction: ✗
    [WARNING] Global parameter "Direction" not found
  - Start Step: ✗
    [WARNING] Global parameter "Start Step" not found
  - End Step: ✗
    [WARNING] Global parameter "End Step" not found
  - Gate Length: ✗
    [WARNING] Global parameter "Gate Length" not found
  - Trigger Length: ✗
    [WARNING] Global parameter "Trigger Length" not found
  - Glide Time: ✗
    [WARNING] Global parameter "Glide Time" not found
  - Current Sequence: ✗
    [WARNING] Global parameter "Current Sequence" not found
  - Permutation: ✗
    [WARNING] Global parameter "Permutation" not found
  - Gate Type: ✗
    [WARNING] Global parameter "Gate Type" not found
[StepSequencerParams] Randomize parameters found:
  - Randomise: ✗
  - Randomise what: ✗
  - Note distribution: ✗
  - Min note: ✗
  - Max note: ✗
  - Mean note: ✗
  - Note deviation: ✗
  - Min repeat: ✗
  - Max repeat: ✗
  - Min ratchet: ✗
  - Max ratchet: ✗
  - Note probability: ✗
  - Tie probability: ✗
  - Accent probability: ✗
  - Repeat probability: ✗
  - Ratchet probability: ✗
  - Unaccented velocity: ✗
[StepSequencerParams] Discovered 1 steps
[StepSequencerParams] Total parameters indexed: 2
[StepSequencerParams] WARNING: Parameter not found - 1:Mod
[StepSequencerParams] WARNING: Parameter not found - 1:Division
[StepSequencerParams] WARNING: Parameter not found - 1:Pattern
[StepSequencerParams] WARNING: Parameter not found - 1:Ties
[StepSequencerParams] WARNING: Parameter not found - 1:Mute
[StepSequencerParams] WARNING: Parameter not found - 1:Skip
[StepSequencerParams] WARNING: Parameter not found - 1:Reset
[StepSequencerParams] WARNING: Parameter not found - 1:Repeat
[StepSequencerParams] Step parameters found:
  - Pitch: 1/1
  - Velocity: 1/1
  - Mod: 0/1
  - Division: 0/1
  - Pattern: 0/1
  - Ties: 0/1
  - Mute: 0/1
  - Skip: 0/1
  - Reset: 0/1
  - Repeat: 0/1
[StepSequencerParams] Global parameters found:
  - Direction: ✗
    [WARNING] Global parameter "Direction" not found
  - Start Step: ✗
    [WARNING] Global parameter "Start Step" not found
  - End Step: ✗
    [WARNING] Global parameter "End Step" not found
  - Gate Length: ✗
    [WARNING] Global parameter "Gate Length" not found
  - Trigger Length: ✗
    [WARNING] Global parameter "Trigger Length" not found
  - Glide Time: ✗
    [WARNING] Global parameter "Glide Time" not found
  - Current Sequence: ✗
    [WARNING] Global parameter "Current Sequence" not found
  - Permutation: ✗
    [WARNING] Global parameter "Permutation" not found
  - Gate Type: ✗
    [WARNING] Global parameter "Gate Type" not found
[StepSequencerParams] Randomize parameters found:
  - Randomise: ✗
  - Randomise what: ✗
  - Note distribution: ✗
  - Min note: ✗
  - Max note: ✗
  - Mean note: ✗
  - Note deviation: ✗
  - Min repeat: ✗
  - Max repeat: ✗
  - Min ratchet: ✗
  - Max ratchet: ✗
  - Note probability: ✗
  - Tie probability: ✗
  - Accent probability: ✗
  - Repeat probability: ✗
  - Ratchet probability: ✗
  - Unaccented velocity: ✗
[StepSequencerParams] Discovered 1 steps
[StepSequencerParams] Total parameters indexed: 2
[StepSequencerParams] WARNING: Parameter not found - 1:Mod
[StepSequencerParams] WARNING: Parameter not found - 1:Division
[StepSequencerParams] WARNING: Parameter not found - 1:Pattern
[StepSequencerParams] WARNING: Parameter not found - 1:Ties
[StepSequencerParams] WARNING: Parameter not found - 1:Mute
[StepSequencerParams] WARNING: Parameter not found - 1:Skip
[StepSequencerParams] WARNING: Parameter not found - 1:Reset
[StepSequencerParams] WARNING: Parameter not found - 1:Repeat
[StepSequencerParams] Step parameters found:
  - Pitch: 1/1
  - Velocity: 1/1
  - Mod: 0/1
  - Division: 0/1
  - Pattern: 0/1
  - Ties: 0/1
  - Mute: 0/1
  - Skip: 0/1
  - Reset: 0/1
  - Repeat: 0/1
[StepSequencerParams] Global parameters found:
  - Direction: ✗
    [WARNING] Global parameter "Direction" not found
  - Start Step: ✗
    [WARNING] Global parameter "Start Step" not found
  - End Step: ✗
    [WARNING] Global parameter "End Step" not found
  - Gate Length: ✗
    [WARNING] Global parameter "Gate Length" not found
  - Trigger Length: ✗
    [WARNING] Global parameter "Trigger Length" not found
  - Glide Time: ✗
    [WARNING] Global parameter "Glide Time" not found
  - Current Sequence: ✗
    [WARNING] Global parameter "Current Sequence" not found
  - Permutation: ✗
    [WARNING] Global parameter "Permutation" not found
  - Gate Type: ✗
    [WARNING] Global parameter "Gate Type" not found
[StepSequencerParams] Randomize parameters found:
  - Randomise: ✗
  - Randomise what: ✗
  - Note distribution: ✗
  - Min note: ✗
  - Max note: ✗
  - Mean note: ✗
  - Note deviation: ✗
  - Min repeat: ✗
  - Max repeat: ✗
  - Min ratchet: ✗
  - Max ratchet: ✗
  - Note probability: ✗
  - Tie probability: ✗
  - Accent probability: ✗
  - Repeat probability: ✗
  - Ratchet probability: ✗
  - Unaccented velocity: ✗
00:02 +6: StepColumnWidget highlights active step with border                                                                                                                                          00:02 +6: StepColumnWidget uses normal border for inactive step                                                                                                                                        00:02 +6: StepColumnWidget uses normal border for inactive step                                                                                                                                        
[StepSequencerParams] Discovered 1 steps
[StepSequencerParams] Total parameters indexed: 2
[StepSequencerParams] WARNING: Parameter not found - 1:Mod
[StepSequencerParams] WARNING: Parameter not found - 1:Division
[StepSequencerParams] WARNING: Parameter not found - 1:Pattern
[StepSequencerParams] WARNING: Parameter not found - 1:Ties
[StepSequencerParams] WARNING: Parameter not found - 1:Mute
[StepSequencerParams] WARNING: Parameter not found - 1:Skip
[StepSequencerParams] WARNING: Parameter not found - 1:Reset
[StepSequencerParams] WARNING: Parameter not found - 1:Repeat
[StepSequencerParams] Step parameters found:
  - Pitch: 1/1
  - Velocity: 1/1
  - Mod: 0/1
  - Division: 0/1
  - Pattern: 0/1
  - Ties: 0/1
  - Mute: 0/1
  - Skip: 0/1
  - Reset: 0/1
  - Repeat: 0/1
[StepSequencerParams] Global parameters found:
  - Direction: ✗
    [WARNING] Global parameter "Direction" not found
  - Start Step: ✗
    [WARNING] Global parameter "Start Step" not found
  - End Step: ✗
    [WARNING] Global parameter "End Step" not found
  - Gate Length: ✗
    [WARNING] Global parameter "Gate Length" not found
  - Trigger Length: ✗
    [WARNING] Global parameter "Trigger Length" not found
  - Glide Time: ✗
    [WARNING] Global parameter "Glide Time" not found
  - Current Sequence: ✗
    [WARNING] Global parameter "Current Sequence" not found
  - Permutation: ✗
    [WARNING] Global parameter "Permutation" not found
  - Gate Type: ✗
    [WARNING] Global parameter "Gate Type" not found
[StepSequencerParams] Randomize parameters found:
  - Randomise: ✗
  - Randomise what: ✗
  - Note distribution: ✗
  - Min note: ✗
  - Max note: ✗
  - Mean note: ✗
  - Note deviation: ✗
  - Min repeat: ✗
  - Max repeat: ✗
  - Min ratchet: ✗
  - Max ratchet: ✗
  - Note probability: ✗
  - Tie probability: ✗
  - Accent probability: ✗
  - Repeat probability: ✗
  - Ratchet probability: ✗
  - Unaccented velocity: ✗
[StepSequencerParams] Discovered 1 steps
[StepSequencerParams] Total parameters indexed: 2
[StepSequencerParams] WARNING: Parameter not found - 1:Mod
[StepSequencerParams] WARNING: Parameter not found - 1:Division
[StepSequencerParams] WARNING: Parameter not found - 1:Pattern
[StepSequencerParams] WARNING: Parameter not found - 1:Ties
[StepSequencerParams] WARNING: Parameter not found - 1:Mute
[StepSequencerParams] WARNING: Parameter not found - 1:Skip
[StepSequencerParams] WARNING: Parameter not found - 1:Reset
[StepSequencerParams] WARNING: Parameter not found - 1:Repeat
[StepSequencerParams] Step parameters found:
  - Pitch: 1/1
  - Velocity: 1/1
  - Mod: 0/1
  - Division: 0/1
  - Pattern: 0/1
  - Ties: 0/1
  - Mute: 0/1
  - Skip: 0/1
  - Reset: 0/1
  - Repeat: 0/1
[StepSequencerParams] Global parameters found:
  - Direction: ✗
    [WARNING] Global parameter "Direction" not found
  - Start Step: ✗
    [WARNING] Global parameter "Start Step" not found
  - End Step: ✗
    [WARNING] Global parameter "End Step" not found
  - Gate Length: ✗
    [WARNING] Global parameter "Gate Length" not found
  - Trigger Length: ✗
    [WARNING] Global parameter "Trigger Length" not found
  - Glide Time: ✗
    [WARNING] Global parameter "Glide Time" not found
  - Current Sequence: ✗
    [WARNING] Global parameter "Current Sequence" not found
  - Permutation: ✗
    [WARNING] Global parameter "Permutation" not found
  - Gate Type: ✗
    [WARNING] Global parameter "Gate Type" not found
[StepSequencerParams] Randomize parameters found:
  - Randomise: ✗
  - Randomise what: ✗
  - Note distribution: ✗
  - Min note: ✗
  - Max note: ✗
  - Mean note: ✗
  - Note deviation: ✗
  - Min repeat: ✗
  - Max repeat: ✗
  - Min ratchet: ✗
  - Max ratchet: ✗
  - Note probability: ✗
  - Tie probability: ✗
  - Accent probability: ✗
  - Repeat probability: ✗
  - Ratchet probability: ✗
  - Unaccented velocity: ✗
[StepSequencerParams] WARNING: Parameter not found - 1:Pattern
[StepSequencerParams] Discovered 1 steps
[StepSequencerParams] Total parameters indexed: 2
[StepSequencerParams] WARNING: Parameter not found - 1:Mod
[StepSequencerParams] WARNING: Parameter not found - 1:Division
[StepSequencerParams] WARNING: Parameter not found - 1:Pattern
[StepSequencerParams] WARNING: Parameter not found - 1:Ties
[StepSequencerParams] WARNING: Parameter not found - 1:Mute
[StepSequencerParams] WARNING: Parameter not found - 1:Skip
[StepSequencerParams] WARNING: Parameter not found - 1:Reset
[StepSequencerParams] WARNING: Parameter not found - 1:Repeat
[StepSequencerParams] Step parameters found:
  - Pitch: 1/1
  - Velocity: 1/1
  - Mod: 0/1
  - Division: 0/1
  - Pattern: 0/1
  - Ties: 0/1
  - Mute: 0/1
  - Skip: 0/1
  - Reset: 0/1
  - Repeat: 0/1
[StepSequencerParams] Global parameters found:
  - Direction: ✗
    [WARNING] Global parameter "Direction" not found
  - Start Step: ✗
    [WARNING] Global parameter "Start Step" not found
  - End Step: ✗
    [WARNING] Global parameter "End Step" not found
  - Gate Length: ✗
    [WARNING] Global parameter "Gate Length" not found
  - Trigger Length: ✗
    [WARNING] Global parameter "Trigger Length" not found
  - Glide Time: ✗
    [WARNING] Global parameter "Glide Time" not found
  - Current Sequence: ✗
    [WARNING] Global parameter "Current Sequence" not found
  - Permutation: ✗
    [WARNING] Global parameter "Permutation" not found
  - Gate Type: ✗
    [WARNING] Global parameter "Gate Type" not found
[StepSequencerParams] Randomize parameters found:
  - Randomise: ✗
  - Randomise what: ✗
  - Note distribution: ✗
  - Min note: ✗
  - Max note: ✗
  - Mean note: ✗
  - Note deviation: ✗
  - Min repeat: ✗
  - Max repeat: ✗
  - Min ratchet: ✗
  - Max ratchet: ✗
  - Note probability: ✗
  - Tie probability: ✗
  - Accent probability: ✗
  - Repeat probability: ✗
  - Ratchet probability: ✗
  - Unaccented velocity: ✗
[StepSequencerParams] Discovered 1 steps
[StepSequencerParams] Total parameters indexed: 2
[StepSequencerParams] WARNING: Parameter not found - 1:Mod
[StepSequencerParams] WARNING: Parameter not found - 1:Division
[StepSequencerParams] WARNING: Parameter not found - 1:Pattern
[StepSequencerParams] WARNING: Parameter not found - 1:Ties
[StepSequencerParams] WARNING: Parameter not found - 1:Mute
[StepSequencerParams] WARNING: Parameter not found - 1:Skip
[StepSequencerParams] WARNING: Parameter not found - 1:Reset
[StepSequencerParams] WARNING: Parameter not found - 1:Repeat
[StepSequencerParams] Step parameters found:
  - Pitch: 1/1
  - Velocity: 1/1
  - Mod: 0/1
  - Division: 0/1
  - Pattern: 0/1
  - Ties: 0/1
  - Mute: 0/1
  - Skip: 0/1
  - Reset: 0/1
  - Repeat: 0/1
[StepSequencerParams] Global parameters found:
  - Direction: ✗
    [WARNING] Global parameter "Direction" not found
  - Start Step: ✗
    [WARNING] Global parameter "Start Step" not found
  - End Step: ✗
    [WARNING] Global parameter "End Step" not found
  - Gate Length: ✗
    [WARNING] Global parameter "Gate Length" not found
  - Trigger Length: ✗
    [WARNING] Global parameter "Trigger Length" not found
  - Glide Time: ✗
    [WARNING] Global parameter "Glide Time" not found
  - Current Sequence: ✗
    [WARNING] Global parameter "Current Sequence" not found
  - Permutation: ✗
    [WARNING] Global parameter "Permutation" not found
  - Gate Type: ✗
    [WARNING] Global parameter "Gate Type" not found
[StepSequencerParams] Randomize parameters found:
  - Randomise: ✗
  - Randomise what: ✗
  - Note distribution: ✗
  - Min note: ✗
  - Max note: ✗
  - Mean note: ✗
  - Note deviation: ✗
  - Min repeat: ✗
  - Max repeat: ✗
  - Min ratchet: ✗
  - Max ratchet: ✗
  - Note probability: ✗
  - Tie probability: ✗
  - Accent probability: ✗
  - Repeat probability: ✗
  - Ratchet probability: ✗
  - Unaccented velocity: ✗
[StepSequencerParams] Discovered 1 steps
[StepSequencerParams] Total parameters indexed: 2
[StepSequencerParams] WARNING: Parameter not found - 1:Mod
[StepSequencerParams] WARNING: Parameter not found - 1:Division
[StepSequencerParams] WARNING: Parameter not found - 1:Pattern
[StepSequencerParams] WARNING: Parameter not found - 1:Ties
[StepSequencerParams] WARNING: Parameter not found - 1:Mute
[StepSequencerParams] WARNING: Parameter not found - 1:Skip
[StepSequencerParams] WARNING: Parameter not found - 1:Reset
[StepSequencerParams] WARNING: Parameter not found - 1:Repeat
[StepSequencerParams] Step parameters found:
  - Pitch: 1/1
  - Velocity: 1/1
  - Mod: 0/1
  - Division: 0/1
  - Pattern: 0/1
  - Ties: 0/1
  - Mute: 0/1
  - Skip: 0/1
  - Reset: 0/1
  - Repeat: 0/1
[StepSequencerParams] Global parameters found:
  - Direction: ✗
    [WARNING] Global parameter "Direction" not found
  - Start Step: ✗
    [WARNING] Global parameter "Start Step" not found
  - End Step: ✗
    [WARNING] Global parameter "End Step" not found
  - Gate Length: ✗
    [WARNING] Global parameter "Gate Length" not found
  - Trigger Length: ✗
    [WARNING] Global parameter "Trigger Length" not found
  - Glide Time: ✗
    [WARNING] Global parameter "Glide Time" not found
  - Current Sequence: ✗
    [WARNING] Global parameter "Current Sequence" not found
  - Permutation: ✗
    [WARNING] Global parameter "Permutation" not found
  - Gate Type: ✗
    [WARNING] Global parameter "Gate Type" not found
[StepSequencerParams] Randomize parameters found:
  - Randomise: ✗
  - Randomise what: ✗
  - Note distribution: ✗
  - Min note: ✗
  - Max note: ✗
  - Mean note: ✗
  - Note deviation: ✗
  - Min repeat: ✗
  - Max repeat: ✗
  - Min ratchet: ✗
  - Max ratchet: ✗
  - Note probability: ✗
  - Tie probability: ✗
  - Accent probability: ✗
  - Repeat probability: ✗
  - Ratchet probability: ✗
  - Unaccented velocity: ✗
00:02 +7: StepColumnWidget uses normal border for inactive step                                                                                                                                        00:02 +7: StepColumnWidget displays all parameter modes with correct colors                                                                                                                            00:02 +7: StepColumnWidget displays all parameter modes with correct colors                                                                                                                            
[StepSequencerParams] Discovered 1 steps
[StepSequencerParams] Total parameters indexed: 2
[StepSequencerParams] WARNING: Parameter not found - 1:Mod
[StepSequencerParams] WARNING: Parameter not found - 1:Division
[StepSequencerParams] WARNING: Parameter not found - 1:Pattern
[StepSequencerParams] WARNING: Parameter not found - 1:Ties
[StepSequencerParams] WARNING: Parameter not found - 1:Mute
[StepSequencerParams] WARNING: Parameter not found - 1:Skip
[StepSequencerParams] WARNING: Parameter not found - 1:Reset
[StepSequencerParams] WARNING: Parameter not found - 1:Repeat
[StepSequencerParams] Step parameters found:
  - Pitch: 1/1
  - Velocity: 1/1
  - Mod: 0/1
  - Division: 0/1
  - Pattern: 0/1
  - Ties: 0/1
  - Mute: 0/1
  - Skip: 0/1
  - Reset: 0/1
  - Repeat: 0/1
[StepSequencerParams] Global parameters found:
  - Direction: ✗
    [WARNING] Global parameter "Direction" not found
  - Start Step: ✗
    [WARNING] Global parameter "Start Step" not found
  - End Step: ✗
    [WARNING] Global parameter "End Step" not found
  - Gate Length: ✗
    [WARNING] Global parameter "Gate Length" not found
  - Trigger Length: ✗
    [WARNING] Global parameter "Trigger Length" not found
  - Glide Time: ✗
    [WARNING] Global parameter "Glide Time" not found
  - Current Sequence: ✗
    [WARNING] Global parameter "Current Sequence" not found
  - Permutation: ✗
    [WARNING] Global parameter "Permutation" not found
  - Gate Type: ✗
    [WARNING] Global parameter "Gate Type" not found
[StepSequencerParams] Randomize parameters found:
  - Randomise: ✗
  - Randomise what: ✗
  - Note distribution: ✗
  - Min note: ✗
  - Max note: ✗
  - Mean note: ✗
  - Note deviation: ✗
  - Min repeat: ✗
  - Max repeat: ✗
  - Min ratchet: ✗
  - Max ratchet: ✗
  - Note probability: ✗
  - Tie probability: ✗
  - Accent probability: ✗
  - Repeat probability: ✗
  - Ratchet probability: ✗
  - Unaccented velocity: ✗
[StepSequencerParams] Discovered 1 steps
[StepSequencerParams] Total parameters indexed: 2
[StepSequencerParams] WARNING: Parameter not found - 1:Mod
[StepSequencerParams] WARNING: Parameter not found - 1:Division
[StepSequencerParams] WARNING: Parameter not found - 1:Pattern
[StepSequencerParams] WARNING: Parameter not found - 1:Ties
[StepSequencerParams] WARNING: Parameter not found - 1:Mute
[StepSequencerParams] WARNING: Parameter not found - 1:Skip
[StepSequencerParams] WARNING: Parameter not found - 1:Reset
[StepSequencerParams] WARNING: Parameter not found - 1:Repeat
[StepSequencerParams] Step parameters found:
  - Pitch: 1/1
  - Velocity: 1/1
  - Mod: 0/1
  - Division: 0/1
  - Pattern: 0/1
  - Ties: 0/1
  - Mute: 0/1
  - Skip: 0/1
  - Reset: 0/1
  - Repeat: 0/1
[StepSequencerParams] Global parameters found:
  - Direction: ✗
    [WARNING] Global parameter "Direction" not found
  - Start Step: ✗
    [WARNING] Global parameter "Start Step" not found
  - End Step: ✗
    [WARNING] Global parameter "End Step" not found
  - Gate Length: ✗
    [WARNING] Global parameter "Gate Length" not found
  - Trigger Length: ✗
    [WARNING] Global parameter "Trigger Length" not found
  - Glide Time: ✗
    [WARNING] Global parameter "Glide Time" not found
  - Current Sequence: ✗
    [WARNING] Global parameter "Current Sequence" not found
  - Permutation: ✗
    [WARNING] Global parameter "Permutation" not found
  - Gate Type: ✗
    [WARNING] Global parameter "Gate Type" not found
[StepSequencerParams] Randomize parameters found:
  - Randomise: ✗
  - Randomise what: ✗
  - Note distribution: ✗
  - Min note: ✗
  - Max note: ✗
  - Mean note: ✗
  - Note deviation: ✗
  - Min repeat: ✗
  - Max repeat: ✗
  - Min ratchet: ✗
  - Max ratchet: ✗
  - Note probability: ✗
  - Tie probability: ✗
  - Accent probability: ✗
  - Repeat probability: ✗
  - Ratchet probability: ✗
  - Unaccented velocity: ✗
[StepSequencerParams] WARNING: Parameter not found - 1:Pattern
[StepSequencerParams] Discovered 1 steps
[StepSequencerParams] Total parameters indexed: 2
[StepSequencerParams] WARNING: Parameter not found - 1:Mod
[StepSequencerParams] WARNING: Parameter not found - 1:Division
[StepSequencerParams] WARNING: Parameter not found - 1:Pattern
[StepSequencerParams] WARNING: Parameter not found - 1:Ties
[StepSequencerParams] WARNING: Parameter not found - 1:Mute
[StepSequencerParams] WARNING: Parameter not found - 1:Skip
[StepSequencerParams] WARNING: Parameter not found - 1:Reset
[StepSequencerParams] WARNING: Parameter not found - 1:Repeat
[StepSequencerParams] Step parameters found:
  - Pitch: 1/1
  - Velocity: 1/1
  - Mod: 0/1
  - Division: 0/1
  - Pattern: 0/1
  - Ties: 0/1
  - Mute: 0/1
  - Skip: 0/1
  - Reset: 0/1
  - Repeat: 0/1
[StepSequencerParams] Global parameters found:
  - Direction: ✗
    [WARNING] Global parameter "Direction" not found
  - Start Step: ✗
    [WARNING] Global parameter "Start Step" not found
  - End Step: ✗
    [WARNING] Global parameter "End Step" not found
  - Gate Length: ✗
    [WARNING] Global parameter "Gate Length" not found
  - Trigger Length: ✗
    [WARNING] Global parameter "Trigger Length" not found
  - Glide Time: ✗
    [WARNING] Global parameter "Glide Time" not found
  - Current Sequence: ✗
    [WARNING] Global parameter "Current Sequence" not found
  - Permutation: ✗
    [WARNING] Global parameter "Permutation" not found
  - Gate Type: ✗
    [WARNING] Global parameter "Gate Type" not found
[StepSequencerParams] Randomize parameters found:
  - Randomise: ✗
  - Randomise what: ✗
  - Note distribution: ✗
  - Min note: ✗
  - Max note: ✗
  - Mean note: ✗
  - Note deviation: ✗
  - Min repeat: ✗
  - Max repeat: ✗
  - Min ratchet: ✗
  - Max ratchet: ✗
  - Note probability: ✗
  - Tie probability: ✗
  - Accent probability: ✗
  - Repeat probability: ✗
  - Ratchet probability: ✗
  - Unaccented velocity: ✗
[StepSequencerParams] Discovered 1 steps
[StepSequencerParams] Total parameters indexed: 2
[StepSequencerParams] WARNING: Parameter not found - 1:Mod
[StepSequencerParams] WARNING: Parameter not found - 1:Division
[StepSequencerParams] WARNING: Parameter not found - 1:Pattern
[StepSequencerParams] WARNING: Parameter not found - 1:Ties
[StepSequencerParams] WARNING: Parameter not found - 1:Mute
[StepSequencerParams] WARNING: Parameter not found - 1:Skip
[StepSequencerParams] WARNING: Parameter not found - 1:Reset
[StepSequencerParams] WARNING: Parameter not found - 1:Repeat
[StepSequencerParams] Step parameters found:
  - Pitch: 1/1
  - Velocity: 1/1
  - Mod: 0/1
  - Division: 0/1
  - Pattern: 0/1
  - Ties: 0/1
  - Mute: 0/1
  - Skip: 0/1
  - Reset: 0/1
  - Repeat: 0/1
[StepSequencerParams] Global parameters found:
  - Direction: ✗
    [WARNING] Global parameter "Direction" not found
  - Start Step: ✗
    [WARNING] Global parameter "Start Step" not found
  - End Step: ✗
    [WARNING] Global parameter "End Step" not found
  - Gate Length: ✗
    [WARNING] Global parameter "Gate Length" not found
  - Trigger Length: ✗
    [WARNING] Global parameter "Trigger Length" not found
  - Glide Time: ✗
    [WARNING] Global parameter "Glide Time" not found
  - Current Sequence: ✗
    [WARNING] Global parameter "Current Sequence" not found
  - Permutation: ✗
    [WARNING] Global parameter "Permutation" not found
  - Gate Type: ✗
    [WARNING] Global parameter "Gate Type" not found
[StepSequencerParams] Randomize parameters found:
  - Randomise: ✗
  - Randomise what: ✗
  - Note distribution: ✗
  - Min note: ✗
  - Max note: ✗
  - Mean note: ✗
  - Note deviation: ✗
  - Min repeat: ✗
  - Max repeat: ✗
  - Min ratchet: ✗
  - Max ratchet: ✗
  - Note probability: ✗
  - Tie probability: ✗
  - Accent probability: ✗
  - Repeat probability: ✗
  - Ratchet probability: ✗
  - Unaccented velocity: ✗
[StepSequencerParams] Discovered 1 steps
[StepSequencerParams] Total parameters indexed: 2
[StepSequencerParams] WARNING: Parameter not found - 1:Mod
[StepSequencerParams] WARNING: Parameter not found - 1:Division
[StepSequencerParams] WARNING: Parameter not found - 1:Pattern
[StepSequencerParams] WARNING: Parameter not found - 1:Ties
[StepSequencerParams] WARNING: Parameter not found - 1:Mute
[StepSequencerParams] WARNING: Parameter not found - 1:Skip
[StepSequencerParams] WARNING: Parameter not found - 1:Reset
[StepSequencerParams] WARNING: Parameter not found - 1:Repeat
[StepSequencerParams] Step parameters found:
  - Pitch: 1/1
  - Velocity: 1/1
  - Mod: 0/1
  - Division: 0/1
  - Pattern: 0/1
  - Ties: 0/1
  - Mute: 0/1
  - Skip: 0/1
  - Reset: 0/1
  - Repeat: 0/1
[StepSequencerParams] Global parameters found:
  - Direction: ✗
    [WARNING] Global parameter "Direction" not found
  - Start Step: ✗
    [WARNING] Global parameter "Start Step" not found
  - End Step: ✗
    [WARNING] Global parameter "End Step" not found
  - Gate Length: ✗
    [WARNING] Global parameter "Gate Length" not found
  - Trigger Length: ✗
    [WARNING] Global parameter "Trigger Length" not found
  - Glide Time: ✗
    [WARNING] Global parameter "Glide Time" not found
  - Current Sequence: ✗
    [WARNING] Global parameter "Current Sequence" not found
  - Permutation: ✗
    [WARNING] Global parameter "Permutation" not found
  - Gate Type: ✗
    [WARNING] Global parameter "Gate Type" not found
[StepSequencerParams] Randomize parameters found:
  - Randomise: ✗
  - Randomise what: ✗
  - Note distribution: ✗
  - Min note: ✗
  - Max note: ✗
  - Mean note: ✗
  - Note deviation: ✗
  - Min repeat: ✗
  - Max repeat: ✗
  - Min ratchet: ✗
  - Max ratchet: ✗
  - Note probability: ✗
  - Tie probability: ✗
  - Accent probability: ✗
  - Repeat probability: ✗
  - Ratchet probability: ✗
  - Unaccented velocity: ✗
[StepSequencerParams] Discovered 1 steps
[StepSequencerParams] Total parameters indexed: 2
[StepSequencerParams] WARNING: Parameter not found - 1:Mod
[StepSequencerParams] WARNING: Parameter not found - 1:Division
[StepSequencerParams] WARNING: Parameter not found - 1:Pattern
[StepSequencerParams] WARNING: Parameter not found - 1:Ties
[StepSequencerParams] WARNING: Parameter not found - 1:Mute
[StepSequencerParams] WARNING: Parameter not found - 1:Skip
[StepSequencerParams] WARNING: Parameter not found - 1:Reset
[StepSequencerParams] WARNING: Parameter not found - 1:Repeat
[StepSequencerParams] Step parameters found:
  - Pitch: 1/1
  - Velocity: 1/1
  - Mod: 0/1
  - Division: 0/1
  - Pattern: 0/1
  - Ties: 0/1
  - Mute: 0/1
  - Skip: 0/1
  - Reset: 0/1
  - Repeat: 0/1
[StepSequencerParams] Global parameters found:
  - Direction: ✗
    [WARNING] Global parameter "Direction" not found
  - Start Step: ✗
    [WARNING] Global parameter "Start Step" not found
  - End Step: ✗
    [WARNING] Global parameter "End Step" not found
  - Gate Length: ✗
    [WARNING] Global parameter "Gate Length" not found
  - Trigger Length: ✗
    [WARNING] Global parameter "Trigger Length" not found
  - Glide Time: ✗
    [WARNING] Global parameter "Glide Time" not found
  - Current Sequence: ✗
    [WARNING] Global parameter "Current Sequence" not found
  - Permutation: ✗
    [WARNING] Global parameter "Permutation" not found
  - Gate Type: ✗
    [WARNING] Global parameter "Gate Type" not found
[StepSequencerParams] Randomize parameters found:
  - Randomise: ✗
  - Randomise what: ✗
  - Note distribution: ✗
  - Min note: ✗
  - Max note: ✗
  - Mean note: ✗
  - Note deviation: ✗
  - Min repeat: ✗
  - Max repeat: ✗
  - Min ratchet: ✗
  - Max ratchet: ✗
  - Note probability: ✗
  - Tie probability: ✗
  - Accent probability: ✗
  - Repeat probability: ✗
  - Ratchet probability: ✗
  - Unaccented velocity: ✗
[StepSequencerParams] Discovered 1 steps
[StepSequencerParams] Total parameters indexed: 2
[StepSequencerParams] WARNING: Parameter not found - 1:Mod
[StepSequencerParams] WARNING: Parameter not found - 1:Division
[StepSequencerParams] WARNING: Parameter not found - 1:Pattern
[StepSequencerParams] WARNING: Parameter not found - 1:Ties
[StepSequencerParams] WARNING: Parameter not found - 1:Mute
[StepSequencerParams] WARNING: Parameter not found - 1:Skip
[StepSequencerParams] WARNING: Parameter not found - 1:Reset
[StepSequencerParams] WARNING: Parameter not found - 1:Repeat
[StepSequencerParams] Step parameters found:
  - Pitch: 1/1
  - Velocity: 1/1
  - Mod: 0/1
  - Division: 0/1
  - Pattern: 0/1
  - Ties: 0/1
  - Mute: 0/1
  - Skip: 0/1
  - Reset: 0/1
  - Repeat: 0/1
[StepSequencerParams] Global parameters found:
  - Direction: ✗
    [WARNING] Global parameter "Direction" not found
  - Start Step: ✗
    [WARNING] Global parameter "Start Step" not found
  - End Step: ✗
    [WARNING] Global parameter "End Step" not found
  - Gate Length: ✗
    [WARNING] Global parameter "Gate Length" not found
  - Trigger Length: ✗
    [WARNING] Global parameter "Trigger Length" not found
  - Glide Time: ✗
    [WARNING] Global parameter "Glide Time" not found
  - Current Sequence: ✗
    [WARNING] Global parameter "Current Sequence" not found
  - Permutation: ✗
    [WARNING] Global parameter "Permutation" not found
  - Gate Type: ✗
    [WARNING] Global parameter "Gate Type" not found
[StepSequencerParams] Randomize parameters found:
  - Randomise: ✗
  - Randomise what: ✗
  - Note distribution: ✗
  - Min note: ✗
  - Max note: ✗
  - Mean note: ✗
  - Note deviation: ✗
  - Min repeat: ✗
  - Max repeat: ✗
  - Min ratchet: ✗
  - Max ratchet: ✗
  - Note probability: ✗
  - Tie probability: ✗
  - Accent probability: ✗
  - Repeat probability: ✗
  - Ratchet probability: ✗
  - Unaccented velocity: ✗
[StepSequencerParams] WARNING: Parameter not found - 1:Pattern
[StepSequencerParams] Discovered 1 steps
[StepSequencerParams] Total parameters indexed: 2
[StepSequencerParams] WARNING: Parameter not found - 1:Mod
[StepSequencerParams] WARNING: Parameter not found - 1:Division
[StepSequencerParams] WARNING: Parameter not found - 1:Pattern
[StepSequencerParams] WARNING: Parameter not found - 1:Ties
[StepSequencerParams] WARNING: Parameter not found - 1:Mute
[StepSequencerParams] WARNING: Parameter not found - 1:Skip
[StepSequencerParams] WARNING: Parameter not found - 1:Reset
[StepSequencerParams] WARNING: Parameter not found - 1:Repeat
[StepSequencerParams] Step parameters found:
  - Pitch: 1/1
  - Velocity: 1/1
  - Mod: 0/1
  - Division: 0/1
  - Pattern: 0/1
  - Ties: 0/1
  - Mute: 0/1
  - Skip: 0/1
  - Reset: 0/1
  - Repeat: 0/1
[StepSequencerParams] Global parameters found:
  - Direction: ✗
    [WARNING] Global parameter "Direction" not found
  - Start Step: ✗
    [WARNING] Global parameter "Start Step" not found
  - End Step: ✗
    [WARNING] Global parameter "End Step" not found
  - Gate Length: ✗
    [WARNING] Global parameter "Gate Length" not found
  - Trigger Length: ✗
    [WARNING] Global parameter "Trigger Length" not found
  - Glide Time: ✗
    [WARNING] Global parameter "Glide Time" not found
  - Current Sequence: ✗
    [WARNING] Global parameter "Current Sequence" not found
  - Permutation: ✗
    [WARNING] Global parameter "Permutation" not found
  - Gate Type: ✗
    [WARNING] Global parameter "Gate Type" not found
[StepSequencerParams] Randomize parameters found:
  - Randomise: ✗
  - Randomise what: ✗
  - Note distribution: ✗
  - Min note: ✗
  - Max note: ✗
  - Mean note: ✗
  - Note deviation: ✗
  - Min repeat: ✗
  - Max repeat: ✗
  - Min ratchet: ✗
  - Max ratchet: ✗
  - Note probability: ✗
  - Tie probability: ✗
  - Accent probability: ✗
  - Repeat probability: ✗
  - Ratchet probability: ✗
  - Unaccented velocity: ✗
[StepSequencerParams] Discovered 1 steps
[StepSequencerParams] Total parameters indexed: 2
[StepSequencerParams] WARNING: Parameter not found - 1:Mod
[StepSequencerParams] WARNING: Parameter not found - 1:Division
[StepSequencerParams] WARNING: Parameter not found - 1:Pattern
[StepSequencerParams] WARNING: Parameter not found - 1:Ties
[StepSequencerParams] WARNING: Parameter not found - 1:Mute
[StepSequencerParams] WARNING: Parameter not found - 1:Skip
[StepSequencerParams] WARNING: Parameter not found - 1:Reset
[StepSequencerParams] WARNING: Parameter not found - 1:Repeat
[StepSequencerParams] Step parameters found:
  - Pitch: 1/1
  - Velocity: 1/1
  - Mod: 0/1
  - Division: 0/1
  - Pattern: 0/1
  - Ties: 0/1
  - Mute: 0/1
  - Skip: 0/1
  - Reset: 0/1
  - Repeat: 0/1
[StepSequencerParams] Global parameters found:
  - Direction: ✗
    [WARNING] Global parameter "Direction" not found
  - Start Step: ✗
    [WARNING] Global parameter "Start Step" not found
  - End Step: ✗
    [WARNING] Global parameter "End Step" not found
  - Gate Length: ✗
    [WARNING] Global parameter "Gate Length" not found
  - Trigger Length: ✗
    [WARNING] Global parameter "Trigger Length" not found
  - Glide Time: ✗
    [WARNING] Global parameter "Glide Time" not found
  - Current Sequence: ✗
    [WARNING] Global parameter "Current Sequence" not found
  - Permutation: ✗
    [WARNING] Global parameter "Permutation" not found
  - Gate Type: ✗
    [WARNING] Global parameter "Gate Type" not found
[StepSequencerParams] Randomize parameters found:
  - Randomise: ✗
  - Randomise what: ✗
  - Note distribution: ✗
  - Min note: ✗
  - Max note: ✗
  - Mean note: ✗
  - Note deviation: ✗
  - Min repeat: ✗
  - Max repeat: ✗
  - Min ratchet: ✗
  - Max ratchet: ✗
  - Note probability: ✗
  - Tie probability: ✗
  - Accent probability: ✗
  - Repeat probability: ✗
  - Ratchet probability: ✗
  - Unaccented velocity: ✗
[StepSequencerParams] Discovered 1 steps
[StepSequencerParams] Total parameters indexed: 2
[StepSequencerParams] WARNING: Parameter not found - 1:Mod
[StepSequencerParams] WARNING: Parameter not found - 1:Division
[StepSequencerParams] WARNING: Parameter not found - 1:Pattern
[StepSequencerParams] WARNING: Parameter not found - 1:Ties
[StepSequencerParams] WARNING: Parameter not found - 1:Mute
[StepSequencerParams] WARNING: Parameter not found - 1:Skip
[StepSequencerParams] WARNING: Parameter not found - 1:Reset
[StepSequencerParams] WARNING: Parameter not found - 1:Repeat
[StepSequencerParams] Step parameters found:
  - Pitch: 1/1
  - Velocity: 1/1
  - Mod: 0/1
  - Division: 0/1
  - Pattern: 0/1
  - Ties: 0/1
  - Mute: 0/1
  - Skip: 0/1
  - Reset: 0/1
  - Repeat: 0/1
[StepSequencerParams] Global parameters found:
  - Direction: ✗
    [WARNING] Global parameter "Direction" not found
  - Start Step: ✗
    [WARNING] Global parameter "Start Step" not found
  - End Step: ✗
    [WARNING] Global parameter "End Step" not found
  - Gate Length: ✗
    [WARNING] Global parameter "Gate Length" not found
  - Trigger Length: ✗
    [WARNING] Global parameter "Trigger Length" not found
  - Glide Time: ✗
    [WARNING] Global parameter "Glide Time" not found
  - Current Sequence: ✗
    [WARNING] Global parameter "Current Sequence" not found
  - Permutation: ✗
    [WARNING] Global parameter "Permutation" not found
  - Gate Type: ✗
    [WARNING] Global parameter "Gate Type" not found
[StepSequencerParams] Randomize parameters found:
  - Randomise: ✗
  - Randomise what: ✗
  - Note distribution: ✗
  - Min note: ✗
  - Max note: ✗
  - Mean note: ✗
  - Note deviation: ✗
  - Min repeat: ✗
  - Max repeat: ✗
  - Min ratchet: ✗
  - Max ratchet: ✗
  - Note probability: ✗
  - Tie probability: ✗
  - Accent probability: ✗
  - Repeat probability: ✗
  - Ratchet probability: ✗
  - Unaccented velocity: ✗
[StepSequencerParams] Discovered 1 steps
[StepSequencerParams] Total parameters indexed: 2
[StepSequencerParams] WARNING: Parameter not found - 1:Mod
[StepSequencerParams] WARNING: Parameter not found - 1:Division
[StepSequencerParams] WARNING: Parameter not found - 1:Pattern
[StepSequencerParams] WARNING: Parameter not found - 1:Ties
[StepSequencerParams] WARNING: Parameter not found - 1:Mute
[StepSequencerParams] WARNING: Parameter not found - 1:Skip
[StepSequencerParams] WARNING: Parameter not found - 1:Reset
[StepSequencerParams] WARNING: Parameter not found - 1:Repeat
[StepSequencerParams] Step parameters found:
  - Pitch: 1/1
  - Velocity: 1/1
  - Mod: 0/1
  - Division: 0/1
  - Pattern: 0/1
  - Ties: 0/1
  - Mute: 0/1
  - Skip: 0/1
  - Reset: 0/1
  - Repeat: 0/1
[StepSequencerParams] Global parameters found:
  - Direction: ✗
    [WARNING] Global parameter "Direction" not found
  - Start Step: ✗
    [WARNING] Global parameter "Start Step" not found
  - End Step: ✗
    [WARNING] Global parameter "End Step" not found
  - Gate Length: ✗
    [WARNING] Global parameter "Gate Length" not found
  - Trigger Length: ✗
    [WARNING] Global parameter "Trigger Length" not found
  - Glide Time: ✗
    [WARNING] Global parameter "Glide Time" not found
  - Current Sequence: ✗
    [WARNING] Global parameter "Current Sequence" not found
  - Permutation: ✗
    [WARNING] Global parameter "Permutation" not found
  - Gate Type: ✗
    [WARNING] Global parameter "Gate Type" not found
[StepSequencerParams] Randomize parameters found:
  - Randomise: ✗
  - Randomise what: ✗
  - Note distribution: ✗
  - Min note: ✗
  - Max note: ✗
  - Mean note: ✗
  - Note deviation: ✗
  - Min repeat: ✗
  - Max repeat: ✗
  - Min ratchet: ✗
  - Max ratchet: ✗
  - Note probability: ✗
  - Tie probability: ✗
  - Accent probability: ✗
  - Repeat probability: ✗
  - Ratchet probability: ✗
  - Unaccented velocity: ✗
[StepSequencerParams] WARNING: Parameter not found - 1:Mod
[StepSequencerParams] Discovered 1 steps
[StepSequencerParams] Total parameters indexed: 2
[StepSequencerParams] WARNING: Parameter not found - 1:Mod
[StepSequencerParams] WARNING: Parameter not found - 1:Division
[StepSequencerParams] WARNING: Parameter not found - 1:Pattern
[StepSequencerParams] WARNING: Parameter not found - 1:Ties
[StepSequencerParams] WARNING: Parameter not found - 1:Mute
[StepSequencerParams] WARNING: Parameter not found - 1:Skip
[StepSequencerParams] WARNING: Parameter not found - 1:Reset
[StepSequencerParams] WARNING: Parameter not found - 1:Repeat
[StepSequencerParams] Step parameters found:
  - Pitch: 1/1
  - Velocity: 1/1
  - Mod: 0/1
  - Division: 0/1
  - Pattern: 0/1
  - Ties: 0/1
  - Mute: 0/1
  - Skip: 0/1
  - Reset: 0/1
  - Repeat: 0/1
[StepSequencerParams] Global parameters found:
  - Direction: ✗
    [WARNING] Global parameter "Direction" not found
  - Start Step: ✗
    [WARNING] Global parameter "Start Step" not found
  - End Step: ✗
    [WARNING] Global parameter "End Step" not found
  - Gate Length: ✗
    [WARNING] Global parameter "Gate Length" not found
  - Trigger Length: ✗
    [WARNING] Global parameter "Trigger Length" not found
  - Glide Time: ✗
    [WARNING] Global parameter "Glide Time" not found
  - Current Sequence: ✗
    [WARNING] Global parameter "Current Sequence" not found
  - Permutation: ✗
    [WARNING] Global parameter "Permutation" not found
  - Gate Type: ✗
    [WARNING] Global parameter "Gate Type" not found
[StepSequencerParams] Randomize parameters found:
  - Randomise: ✗
  - Randomise what: ✗
  - Note distribution: ✗
  - Min note: ✗
  - Max note: ✗
  - Mean note: ✗
  - Note deviation: ✗
  - Min repeat: ✗
  - Max repeat: ✗
  - Min ratchet: ✗
  - Max ratchet: ✗
  - Note probability: ✗
  - Tie probability: ✗
  - Accent probability: ✗
  - Repeat probability: ✗
  - Ratchet probability: ✗
  - Unaccented velocity: ✗
[StepSequencerParams] WARNING: Parameter not found - 1:Pattern
[StepSequencerParams] Discovered 1 steps
[StepSequencerParams] Total parameters indexed: 2
[StepSequencerParams] WARNING: Parameter not found - 1:Mod
[StepSequencerParams] WARNING: Parameter not found - 1:Division
[StepSequencerParams] WARNING: Parameter not found - 1:Pattern
[StepSequencerParams] WARNING: Parameter not found - 1:Ties
[StepSequencerParams] WARNING: Parameter not found - 1:Mute
[StepSequencerParams] WARNING: Parameter not found - 1:Skip
[StepSequencerParams] WARNING: Parameter not found - 1:Reset
[StepSequencerParams] WARNING: Parameter not found - 1:Repeat
[StepSequencerParams] Step parameters found:
  - Pitch: 1/1
  - Velocity: 1/1
  - Mod: 0/1
  - Division: 0/1
  - Pattern: 0/1
  - Ties: 0/1
  - Mute: 0/1
  - Skip: 0/1
  - Reset: 0/1
  - Repeat: 0/1
[StepSequencerParams] Global parameters found:
  - Direction: ✗
    [WARNING] Global parameter "Direction" not found
  - Start Step: ✗
    [WARNING] Global parameter "Start Step" not found
  - End Step: ✗
    [WARNING] Global parameter "End Step" not found
  - Gate Length: ✗
    [WARNING] Global parameter "Gate Length" not found
  - Trigger Length: ✗
    [WARNING] Global parameter "Trigger Length" not found
  - Glide Time: ✗
    [WARNING] Global parameter "Glide Time" not found
  - Current Sequence: ✗
    [WARNING] Global parameter "Current Sequence" not found
  - Permutation: ✗
    [WARNING] Global parameter "Permutation" not found
  - Gate Type: ✗
    [WARNING] Global parameter "Gate Type" not found
[StepSequencerParams] Randomize parameters found:
  - Randomise: ✗
  - Randomise what: ✗
  - Note distribution: ✗
  - Min note: ✗
  - Max note: ✗
  - Mean note: ✗
  - Note deviation: ✗
  - Min repeat: ✗
  - Max repeat: ✗
  - Min ratchet: ✗
  - Max ratchet: ✗
  - Note probability: ✗
  - Tie probability: ✗
  - Accent probability: ✗
  - Repeat probability: ✗
  - Ratchet probability: ✗
  - Unaccented velocity: ✗
[StepSequencerParams] WARNING: Parameter not found - 1:Mod
[StepSequencerParams] Discovered 1 steps
[StepSequencerParams] Total parameters indexed: 2
[StepSequencerParams] WARNING: Parameter not found - 1:Mod
[StepSequencerParams] WARNING: Parameter not found - 1:Division
[StepSequencerParams] WARNING: Parameter not found - 1:Pattern
[StepSequencerParams] WARNING: Parameter not found - 1:Ties
[StepSequencerParams] WARNING: Parameter not found - 1:Mute
[StepSequencerParams] WARNING: Parameter not found - 1:Skip
[StepSequencerParams] WARNING: Parameter not found - 1:Reset
[StepSequencerParams] WARNING: Parameter not found - 1:Repeat
[StepSequencerParams] Step parameters found:
  - Pitch: 1/1
  - Velocity: 1/1
  - Mod: 0/1
  - Division: 0/1
  - Pattern: 0/1
  - Ties: 0/1
  - Mute: 0/1
  - Skip: 0/1
  - Reset: 0/1
  - Repeat: 0/1
[StepSequencerParams] Global parameters found:
  - Direction: ✗
    [WARNING] Global parameter "Direction" not found
  - Start Step: ✗
    [WARNING] Global parameter "Start Step" not found
  - End Step: ✗
    [WARNING] Global parameter "End Step" not found
  - Gate Length: ✗
    [WARNING] Global parameter "Gate Length" not found
  - Trigger Length: ✗
    [WARNING] Global parameter "Trigger Length" not found
  - Glide Time: ✗
    [WARNING] Global parameter "Glide Time" not found
  - Current Sequence: ✗
    [WARNING] Global parameter "Current Sequence" not found
  - Permutation: ✗
    [WARNING] Global parameter "Permutation" not found
  - Gate Type: ✗
    [WARNING] Global parameter "Gate Type" not found
[StepSequencerParams] Randomize parameters found:
  - Randomise: ✗
  - Randomise what: ✗
  - Note distribution: ✗
  - Min note: ✗
  - Max note: ✗
  - Mean note: ✗
  - Note deviation: ✗
  - Min repeat: ✗
  - Max repeat: ✗
  - Min ratchet: ✗
  - Max ratchet: ✗
  - Note probability: ✗
  - Tie probability: ✗
  - Accent probability: ✗
  - Repeat probability: ✗
  - Ratchet probability: ✗
  - Unaccented velocity: ✗
[StepSequencerParams] WARNING: Parameter not found - 1:Mod
[StepSequencerParams] Discovered 1 steps
[StepSequencerParams] Total parameters indexed: 2
[StepSequencerParams] WARNING: Parameter not found - 1:Mod
[StepSequencerParams] WARNING: Parameter not found - 1:Division
[StepSequencerParams] WARNING: Parameter not found - 1:Pattern
[StepSequencerParams] WARNING: Parameter not found - 1:Ties
[StepSequencerParams] WARNING: Parameter not found - 1:Mute
[StepSequencerParams] WARNING: Parameter not found - 1:Skip
[StepSequencerParams] WARNING: Parameter not found - 1:Reset
[StepSequencerParams] WARNING: Parameter not found - 1:Repeat
[StepSequencerParams] Step parameters found:
  - Pitch: 1/1
  - Velocity: 1/1
  - Mod: 0/1
  - Division: 0/1
  - Pattern: 0/1
  - Ties: 0/1
  - Mute: 0/1
  - Skip: 0/1
  - Reset: 0/1
  - Repeat: 0/1
[StepSequencerParams] Global parameters found:
  - Direction: ✗
    [WARNING] Global parameter "Direction" not found
  - Start Step: ✗
    [WARNING] Global parameter "Start Step" not found
  - End Step: ✗
    [WARNING] Global parameter "End Step" not found
  - Gate Length: ✗
    [WARNING] Global parameter "Gate Length" not found
  - Trigger Length: ✗
    [WARNING] Global parameter "Trigger Length" not found
  - Glide Time: ✗
    [WARNING] Global parameter "Glide Time" not found
  - Current Sequence: ✗
    [WARNING] Global parameter "Current Sequence" not found
  - Permutation: ✗
    [WARNING] Global parameter "Permutation" not found
  - Gate Type: ✗
    [WARNING] Global parameter "Gate Type" not found
[StepSequencerParams] Randomize parameters found:
  - Randomise: ✗
  - Randomise what: ✗
  - Note distribution: ✗
  - Min note: ✗
  - Max note: ✗
  - Mean note: ✗
  - Note deviation: ✗
  - Min repeat: ✗
  - Max repeat: ✗
  - Min ratchet: ✗
  - Max ratchet: ✗
  - Note probability: ✗
  - Tie probability: ✗
  - Accent probability: ✗
  - Repeat probability: ✗
  - Ratchet probability: ✗
  - Unaccented velocity: ✗
[StepSequencerParams] WARNING: Parameter not found - 1:Mod
[StepSequencerParams] Discovered 1 steps
[StepSequencerParams] Total parameters indexed: 2
[StepSequencerParams] WARNING: Parameter not found - 1:Mod
[StepSequencerParams] WARNING: Parameter not found - 1:Division
[StepSequencerParams] WARNING: Parameter not found - 1:Pattern
[StepSequencerParams] WARNING: Parameter not found - 1:Ties
[StepSequencerParams] WARNING: Parameter not found - 1:Mute
[StepSequencerParams] WARNING: Parameter not found - 1:Skip
[StepSequencerParams] WARNING: Parameter not found - 1:Reset
[StepSequencerParams] WARNING: Parameter not found - 1:Repeat
[StepSequencerParams] Step parameters found:
  - Pitch: 1/1
  - Velocity: 1/1
  - Mod: 0/1
  - Division: 0/1
  - Pattern: 0/1
  - Ties: 0/1
  - Mute: 0/1
  - Skip: 0/1
  - Reset: 0/1
  - Repeat: 0/1
[StepSequencerParams] Global parameters found:
  - Direction: ✗
    [WARNING] Global parameter "Direction" not found
  - Start Step: ✗
    [WARNING] Global parameter "Start Step" not found
  - End Step: ✗
    [WARNING] Global parameter "End Step" not found
  - Gate Length: ✗
    [WARNING] Global parameter "Gate Length" not found
  - Trigger Length: ✗
    [WARNING] Global parameter "Trigger Length" not found
  - Glide Time: ✗
    [WARNING] Global parameter "Glide Time" not found
  - Current Sequence: ✗
    [WARNING] Global parameter "Current Sequence" not found
  - Permutation: ✗
    [WARNING] Global parameter "Permutation" not found
  - Gate Type: ✗
    [WARNING] Global parameter "Gate Type" not found
[StepSequencerParams] Randomize parameters found:
  - Randomise: ✗
  - Randomise what: ✗
  - Note distribution: ✗
  - Min note: ✗
  - Max note: ✗
  - Mean note: ✗
  - Note deviation: ✗
  - Min repeat: ✗
  - Max repeat: ✗
  - Min ratchet: ✗
  - Max ratchet: ✗
  - Note probability: ✗
  - Tie probability: ✗
  - Accent probability: ✗
  - Repeat probability: ✗
  - Ratchet probability: ✗
  - Unaccented velocity: ✗
[StepSequencerParams] WARNING: Parameter not found - 1:Division
[StepSequencerParams] Discovered 1 steps
[StepSequencerParams] Total parameters indexed: 2
[StepSequencerParams] WARNING: Parameter not found - 1:Mod
[StepSequencerParams] WARNING: Parameter not found - 1:Division
[StepSequencerParams] WARNING: Parameter not found - 1:Pattern
[StepSequencerParams] WARNING: Parameter not found - 1:Ties
[StepSequencerParams] WARNING: Parameter not found - 1:Mute
[StepSequencerParams] WARNING: Parameter not found - 1:Skip
[StepSequencerParams] WARNING: Parameter not found - 1:Reset
[StepSequencerParams] WARNING: Parameter not found - 1:Repeat
[StepSequencerParams] Step parameters found:
  - Pitch: 1/1
  - Velocity: 1/1
  - Mod: 0/1
  - Division: 0/1
  - Pattern: 0/1
  - Ties: 0/1
  - Mute: 0/1
  - Skip: 0/1
  - Reset: 0/1
  - Repeat: 0/1
[StepSequencerParams] Global parameters found:
  - Direction: ✗
    [WARNING] Global parameter "Direction" not found
  - Start Step: ✗
    [WARNING] Global parameter "Start Step" not found
  - End Step: ✗
    [WARNING] Global parameter "End Step" not found
  - Gate Length: ✗
    [WARNING] Global parameter "Gate Length" not found
  - Trigger Length: ✗
    [WARNING] Global parameter "Trigger Length" not found
  - Glide Time: ✗
    [WARNING] Global parameter "Glide Time" not found
  - Current Sequence: ✗
    [WARNING] Global parameter "Current Sequence" not found
  - Permutation: ✗
    [WARNING] Global parameter "Permutation" not found
  - Gate Type: ✗
    [WARNING] Global parameter "Gate Type" not found
[StepSequencerParams] Randomize parameters found:
  - Randomise: ✗
  - Randomise what: ✗
  - Note distribution: ✗
  - Min note: ✗
  - Max note: ✗
  - Mean note: ✗
  - Note deviation: ✗
  - Min repeat: ✗
  - Max repeat: ✗
  - Min ratchet: ✗
  - Max ratchet: ✗
  - Note probability: ✗
  - Tie probability: ✗
  - Accent probability: ✗
  - Repeat probability: ✗
  - Ratchet probability: ✗
  - Unaccented velocity: ✗
[StepSequencerParams] WARNING: Parameter not found - 1:Pattern
[StepSequencerParams] Discovered 1 steps
[StepSequencerParams] Total parameters indexed: 2
[StepSequencerParams] WARNING: Parameter not found - 1:Mod
[StepSequencerParams] WARNING: Parameter not found - 1:Division
[StepSequencerParams] WARNING: Parameter not found - 1:Pattern
[StepSequencerParams] WARNING: Parameter not found - 1:Ties
[StepSequencerParams] WARNING: Parameter not found - 1:Mute
[StepSequencerParams] WARNING: Parameter not found - 1:Skip
[StepSequencerParams] WARNING: Parameter not found - 1:Reset
[StepSequencerParams] WARNING: Parameter not found - 1:Repeat
[StepSequencerParams] Step parameters found:
  - Pitch: 1/1
  - Velocity: 1/1
  - Mod: 0/1
  - Division: 0/1
  - Pattern: 0/1
  - Ties: 0/1
  - Mute: 0/1
  - Skip: 0/1
  - Reset: 0/1
  - Repeat: 0/1
[StepSequencerParams] Global parameters found:
  - Direction: ✗
    [WARNING] Global parameter "Direction" not found
  - Start Step: ✗
    [WARNING] Global parameter "Start Step" not found
  - End Step: ✗
    [WARNING] Global parameter "End Step" not found
  - Gate Length: ✗
    [WARNING] Global parameter "Gate Length" not found
  - Trigger Length: ✗
    [WARNING] Global parameter "Trigger Length" not found
  - Glide Time: ✗
    [WARNING] Global parameter "Glide Time" not found
  - Current Sequence: ✗
    [WARNING] Global parameter "Current Sequence" not found
  - Permutation: ✗
    [WARNING] Global parameter "Permutation" not found
  - Gate Type: ✗
    [WARNING] Global parameter "Gate Type" not found
[StepSequencerParams] Randomize parameters found:
  - Randomise: ✗
  - Randomise what: ✗
  - Note distribution: ✗
  - Min note: ✗
  - Max note: ✗
  - Mean note: ✗
  - Note deviation: ✗
  - Min repeat: ✗
  - Max repeat: ✗
  - Min ratchet: ✗
  - Max ratchet: ✗
  - Note probability: ✗
  - Tie probability: ✗
  - Accent probability: ✗
  - Repeat probability: ✗
  - Ratchet probability: ✗
  - Unaccented velocity: ✗
[StepSequencerParams] WARNING: Parameter not found - 1:Division
[StepSequencerParams] Discovered 1 steps
[StepSequencerParams] Total parameters indexed: 2
[StepSequencerParams] WARNING: Parameter not found - 1:Mod
[StepSequencerParams] WARNING: Parameter not found - 1:Division
[StepSequencerParams] WARNING: Parameter not found - 1:Pattern
[StepSequencerParams] WARNING: Parameter not found - 1:Ties
[StepSequencerParams] WARNING: Parameter not found - 1:Mute
[StepSequencerParams] WARNING: Parameter not found - 1:Skip
[StepSequencerParams] WARNING: Parameter not found - 1:Reset
[StepSequencerParams] WARNING: Parameter not found - 1:Repeat
[StepSequencerParams] Step parameters found:
  - Pitch: 1/1
  - Velocity: 1/1
  - Mod: 0/1
  - Division: 0/1
  - Pattern: 0/1
  - Ties: 0/1
  - Mute: 0/1
  - Skip: 0/1
  - Reset: 0/1
  - Repeat: 0/1
[StepSequencerParams] Global parameters found:
  - Direction: ✗
    [WARNING] Global parameter "Direction" not found
  - Start Step: ✗
    [WARNING] Global parameter "Start Step" not found
  - End Step: ✗
    [WARNING] Global parameter "End Step" not found
  - Gate Length: ✗
    [WARNING] Global parameter "Gate Length" not found
  - Trigger Length: ✗
    [WARNING] Global parameter "Trigger Length" not found
  - Glide Time: ✗
    [WARNING] Global parameter "Glide Time" not found
  - Current Sequence: ✗
    [WARNING] Global parameter "Current Sequence" not found
  - Permutation: ✗
    [WARNING] Global parameter "Permutation" not found
  - Gate Type: ✗
    [WARNING] Global parameter "Gate Type" not found
[StepSequencerParams] Randomize parameters found:
  - Randomise: ✗
  - Randomise what: ✗
  - Note distribution: ✗
  - Min note: ✗
  - Max note: ✗
  - Mean note: ✗
  - Note deviation: ✗
  - Min repeat: ✗
  - Max repeat: ✗
  - Min ratchet: ✗
  - Max ratchet: ✗
  - Note probability: ✗
  - Tie probability: ✗
  - Accent probability: ✗
  - Repeat probability: ✗
  - Ratchet probability: ✗
  - Unaccented velocity: ✗
[StepSequencerParams] WARNING: Parameter not found - 1:Division
[StepSequencerParams] Discovered 1 steps
[StepSequencerParams] Total parameters indexed: 2
[StepSequencerParams] WARNING: Parameter not found - 1:Mod
[StepSequencerParams] WARNING: Parameter not found - 1:Division
[StepSequencerParams] WARNING: Parameter not found - 1:Pattern
[StepSequencerParams] WARNING: Parameter not found - 1:Ties
[StepSequencerParams] WARNING: Parameter not found - 1:Mute
[StepSequencerParams] WARNING: Parameter not found - 1:Skip
[StepSequencerParams] WARNING: Parameter not found - 1:Reset
[StepSequencerParams] WARNING: Parameter not found - 1:Repeat
[StepSequencerParams] Step parameters found:
  - Pitch: 1/1
  - Velocity: 1/1
  - Mod: 0/1
  - Division: 0/1
  - Pattern: 0/1
  - Ties: 0/1
  - Mute: 0/1
  - Skip: 0/1
  - Reset: 0/1
  - Repeat: 0/1
[StepSequencerParams] Global parameters found:
  - Direction: ✗
    [WARNING] Global parameter "Direction" not found
  - Start Step: ✗
    [WARNING] Global parameter "Start Step" not found
  - End Step: ✗
    [WARNING] Global parameter "End Step" not found
  - Gate Length: ✗
    [WARNING] Global parameter "Gate Length" not found
  - Trigger Length: ✗
    [WARNING] Global parameter "Trigger Length" not found
  - Glide Time: ✗
    [WARNING] Global parameter "Glide Time" not found
  - Current Sequence: ✗
    [WARNING] Global parameter "Current Sequence" not found
  - Permutation: ✗
    [WARNING] Global parameter "Permutation" not found
  - Gate Type: ✗
    [WARNING] Global parameter "Gate Type" not found
[StepSequencerParams] Randomize parameters found:
  - Randomise: ✗
  - Randomise what: ✗
  - Note distribution: ✗
  - Min note: ✗
  - Max note: ✗
  - Mean note: ✗
  - Note deviation: ✗
  - Min repeat: ✗
  - Max repeat: ✗
  - Min ratchet: ✗
  - Max ratchet: ✗
  - Note probability: ✗
  - Tie probability: ✗
  - Accent probability: ✗
  - Repeat probability: ✗
  - Ratchet probability: ✗
  - Unaccented velocity: ✗
[StepSequencerParams] WARNING: Parameter not found - 1:Division
[StepSequencerParams] Discovered 1 steps
[StepSequencerParams] Total parameters indexed: 2
[StepSequencerParams] WARNING: Parameter not found - 1:Mod
[StepSequencerParams] WARNING: Parameter not found - 1:Division
[StepSequencerParams] WARNING: Parameter not found - 1:Pattern
[StepSequencerParams] WARNING: Parameter not found - 1:Ties
[StepSequencerParams] WARNING: Parameter not found - 1:Mute
[StepSequencerParams] WARNING: Parameter not found - 1:Skip
[StepSequencerParams] WARNING: Parameter not found - 1:Reset
[StepSequencerParams] WARNING: Parameter not found - 1:Repeat
[StepSequencerParams] Step parameters found:
  - Pitch: 1/1
  - Velocity: 1/1
  - Mod: 0/1
  - Division: 0/1
  - Pattern: 0/1
  - Ties: 0/1
  - Mute: 0/1
  - Skip: 0/1
  - Reset: 0/1
  - Repeat: 0/1
[StepSequencerParams] Global parameters found:
  - Direction: ✗
    [WARNING] Global parameter "Direction" not found
  - Start Step: ✗
    [WARNING] Global parameter "Start Step" not found
  - End Step: ✗
    [WARNING] Global parameter "End Step" not found
  - Gate Length: ✗
    [WARNING] Global parameter "Gate Length" not found
  - Trigger Length: ✗
    [WARNING] Global parameter "Trigger Length" not found
  - Glide Time: ✗
    [WARNING] Global parameter "Glide Time" not found
  - Current Sequence: ✗
    [WARNING] Global parameter "Current Sequence" not found
  - Permutation: ✗
    [WARNING] Global parameter "Permutation" not found
  - Gate Type: ✗
    [WARNING] Global parameter "Gate Type" not found
[StepSequencerParams] Randomize parameters found:
  - Randomise: ✗
  - Randomise what: ✗
  - Note distribution: ✗
  - Min note: ✗
  - Max note: ✗
  - Mean note: ✗
  - Note deviation: ✗
  - Min repeat: ✗
  - Max repeat: ✗
  - Min ratchet: ✗
  - Max ratchet: ✗
  - Note probability: ✗
  - Tie probability: ✗
  - Accent probability: ✗
  - Repeat probability: ✗
  - Ratchet probability: ✗
  - Unaccented velocity: ✗
[StepSequencerParams] WARNING: Parameter not found - 1:Pattern
[StepSequencerParams] Discovered 1 steps
[StepSequencerParams] Total parameters indexed: 2
[StepSequencerParams] WARNING: Parameter not found - 1:Mod
[StepSequencerParams] WARNING: Parameter not found - 1:Division
[StepSequencerParams] WARNING: Parameter not found - 1:Pattern
[StepSequencerParams] WARNING: Parameter not found - 1:Ties
[StepSequencerParams] WARNING: Parameter not found - 1:Mute
[StepSequencerParams] WARNING: Parameter not found - 1:Skip
[StepSequencerParams] WARNING: Parameter not found - 1:Reset
[StepSequencerParams] WARNING: Parameter not found - 1:Repeat
[StepSequencerParams] Step parameters found:
  - Pitch: 1/1
  - Velocity: 1/1
  - Mod: 0/1
  - Division: 0/1
  - Pattern: 0/1
  - Ties: 0/1
  - Mute: 0/1
  - Skip: 0/1
  - Reset: 0/1
  - Repeat: 0/1
[StepSequencerParams] Global parameters found:
  - Direction: ✗
    [WARNING] Global parameter "Direction" not found
  - Start Step: ✗
    [WARNING] Global parameter "Start Step" not found
  - End Step: ✗
    [WARNING] Global parameter "End Step" not found
  - Gate Length: ✗
    [WARNING] Global parameter "Gate Length" not found
  - Trigger Length: ✗
    [WARNING] Global parameter "Trigger Length" not found
  - Glide Time: ✗
    [WARNING] Global parameter "Glide Time" not found
  - Current Sequence: ✗
    [WARNING] Global parameter "Current Sequence" not found
  - Permutation: ✗
    [WARNING] Global parameter "Permutation" not found
  - Gate Type: ✗
    [WARNING] Global parameter "Gate Type" not found
[StepSequencerParams] Randomize parameters found:
  - Randomise: ✗
  - Randomise what: ✗
  - Note distribution: ✗
  - Min note: ✗
  - Max note: ✗
  - Mean note: ✗
  - Note deviation: ✗
  - Min repeat: ✗
  - Max repeat: ✗
  - Min ratchet: ✗
  - Max ratchet: ✗
  - Note probability: ✗
  - Tie probability: ✗
  - Accent probability: ✗
  - Repeat probability: ✗
  - Ratchet probability: ✗
  - Unaccented velocity: ✗
[StepSequencerParams] WARNING: Parameter not found - 1:Division
[StepSequencerParams] Discovered 1 steps
[StepSequencerParams] Total parameters indexed: 2
[StepSequencerParams] WARNING: Parameter not found - 1:Mod
[StepSequencerParams] WARNING: Parameter not found - 1:Division
[StepSequencerParams] WARNING: Parameter not found - 1:Pattern
[StepSequencerParams] WARNING: Parameter not found - 1:Ties
[StepSequencerParams] WARNING: Parameter not found - 1:Mute
[StepSequencerParams] WARNING: Parameter not found - 1:Skip
[StepSequencerParams] WARNING: Parameter not found - 1:Reset
[StepSequencerParams] WARNING: Parameter not found - 1:Repeat
[StepSequencerParams] Step parameters found:
  - Pitch: 1/1
  - Velocity: 1/1
  - Mod: 0/1
  - Division: 0/1
  - Pattern: 0/1
  - Ties: 0/1
  - Mute: 0/1
  - Skip: 0/1
  - Reset: 0/1
  - Repeat: 0/1
[StepSequencerParams] Global parameters found:
  - Direction: ✗
    [WARNING] Global parameter "Direction" not found
  - Start Step: ✗
    [WARNING] Global parameter "Start Step" not found
  - End Step: ✗
    [WARNING] Global parameter "End Step" not found
  - Gate Length: ✗
    [WARNING] Global parameter "Gate Length" not found
  - Trigger Length: ✗
    [WARNING] Global parameter "Trigger Length" not found
  - Glide Time: ✗
    [WARNING] Global parameter "Glide Time" not found
  - Current Sequence: ✗
    [WARNING] Global parameter "Current Sequence" not found
  - Permutation: ✗
    [WARNING] Global parameter "Permutation" not found
  - Gate Type: ✗
    [WARNING] Global parameter "Gate Type" not found
[StepSequencerParams] Randomize parameters found:
  - Randomise: ✗
  - Randomise what: ✗
  - Note distribution: ✗
  - Min note: ✗
  - Max note: ✗
  - Mean note: ✗
  - Note deviation: ✗
  - Min repeat: ✗
  - Max repeat: ✗
  - Min ratchet: ✗
  - Max ratchet: ✗
  - Note probability: ✗
  - Tie probability: ✗
  - Accent probability: ✗
  - Repeat probability: ✗
  - Ratchet probability: ✗
  - Unaccented velocity: ✗
[StepSequencerParams] WARNING: Parameter not found - 1:Pattern
[StepSequencerParams] Discovered 1 steps
[StepSequencerParams] Total parameters indexed: 2
[StepSequencerParams] WARNING: Parameter not found - 1:Mod
[StepSequencerParams] WARNING: Parameter not found - 1:Division
[StepSequencerParams] WARNING: Parameter not found - 1:Pattern
[StepSequencerParams] WARNING: Parameter not found - 1:Ties
[StepSequencerParams] WARNING: Parameter not found - 1:Mute
[StepSequencerParams] WARNING: Parameter not found - 1:Skip
[StepSequencerParams] WARNING: Parameter not found - 1:Reset
[StepSequencerParams] WARNING: Parameter not found - 1:Repeat
[StepSequencerParams] Step parameters found:
  - Pitch: 1/1
  - Velocity: 1/1
  - Mod: 0/1
  - Division: 0/1
  - Pattern: 0/1
  - Ties: 0/1
  - Mute: 0/1
  - Skip: 0/1
  - Reset: 0/1
  - Repeat: 0/1
[StepSequencerParams] Global parameters found:
  - Direction: ✗
    [WARNING] Global parameter "Direction" not found
  - Start Step: ✗
    [WARNING] Global parameter "Start Step" not found
  - End Step: ✗
    [WARNING] Global parameter "End Step" not found
  - Gate Length: ✗
    [WARNING] Global parameter "Gate Length" not found
  - Trigger Length: ✗
    [WARNING] Global parameter "Trigger Length" not found
  - Glide Time: ✗
    [WARNING] Global parameter "Glide Time" not found
  - Current Sequence: ✗
    [WARNING] Global parameter "Current Sequence" not found
  - Permutation: ✗
    [WARNING] Global parameter "Permutation" not found
  - Gate Type: ✗
    [WARNING] Global parameter "Gate Type" not found
[StepSequencerParams] Randomize parameters found:
  - Randomise: ✗
  - Randomise what: ✗
  - Note distribution: ✗
  - Min note: ✗
  - Max note: ✗
  - Mean note: ✗
  - Note deviation: ✗
  - Min repeat: ✗
  - Max repeat: ✗
  - Min ratchet: ✗
  - Max ratchet: ✗
  - Note probability: ✗
  - Tie probability: ✗
  - Accent probability: ✗
  - Repeat probability: ✗
  - Ratchet probability: ✗
  - Unaccented velocity: ✗
[StepSequencerParams] WARNING: Parameter not found - 1:Pattern
[StepSequencerParams] Discovered 1 steps
[StepSequencerParams] Total parameters indexed: 2
[StepSequencerParams] WARNING: Parameter not found - 1:Mod
[StepSequencerParams] WARNING: Parameter not found - 1:Division
[StepSequencerParams] WARNING: Parameter not found - 1:Pattern
[StepSequencerParams] WARNING: Parameter not found - 1:Ties
[StepSequencerParams] WARNING: Parameter not found - 1:Mute
[StepSequencerParams] WARNING: Parameter not found - 1:Skip
[StepSequencerParams] WARNING: Parameter not found - 1:Reset
[StepSequencerParams] WARNING: Parameter not found - 1:Repeat
[StepSequencerParams] Step parameters found:
  - Pitch: 1/1
  - Velocity: 1/1
  - Mod: 0/1
  - Division: 0/1
  - Pattern: 0/1
  - Ties: 0/1
  - Mute: 0/1
  - Skip: 0/1
  - Reset: 0/1
  - Repeat: 0/1
[StepSequencerParams] Global parameters found:
  - Direction: ✗
    [WARNING] Global parameter "Direction" not found
  - Start Step: ✗
    [WARNING] Global parameter "Start Step" not found
  - End Step: ✗
    [WARNING] Global parameter "End Step" not found
  - Gate Length: ✗
    [WARNING] Global parameter "Gate Length" not found
  - Trigger Length: ✗
    [WARNING] Global parameter "Trigger Length" not found
  - Glide Time: ✗
    [WARNING] Global parameter "Glide Time" not found
  - Current Sequence: ✗
    [WARNING] Global parameter "Current Sequence" not found
  - Permutation: ✗
    [WARNING] Global parameter "Permutation" not found
  - Gate Type: ✗
    [WARNING] Global parameter "Gate Type" not found
[StepSequencerParams] Randomize parameters found:
  - Randomise: ✗
  - Randomise what: ✗
  - Note distribution: ✗
  - Min note: ✗
  - Max note: ✗
  - Mean note: ✗
  - Note deviation: ✗
  - Min repeat: ✗
  - Max repeat: ✗
  - Min ratchet: ✗
  - Max ratchet: ✗
  - Note probability: ✗
  - Tie probability: ✗
  - Accent probability: ✗
  - Repeat probability: ✗
  - Ratchet probability: ✗
  - Unaccented velocity: ✗
[StepSequencerParams] WARNING: Parameter not found - 1:Ties
[StepSequencerParams] Discovered 1 steps
[StepSequencerParams] Total parameters indexed: 2
[StepSequencerParams] WARNING: Parameter not found - 1:Mod
[StepSequencerParams] WARNING: Parameter not found - 1:Division
[StepSequencerParams] WARNING: Parameter not found - 1:Pattern
[StepSequencerParams] WARNING: Parameter not found - 1:Ties
[StepSequencerParams] WARNING: Parameter not found - 1:Mute
[StepSequencerParams] WARNING: Parameter not found - 1:Skip
[StepSequencerParams] WARNING: Parameter not found - 1:Reset
[StepSequencerParams] WARNING: Parameter not found - 1:Repeat
[StepSequencerParams] Step parameters found:
  - Pitch: 1/1
  - Velocity: 1/1
  - Mod: 0/1
  - Division: 0/1
  - Pattern: 0/1
  - Ties: 0/1
  - Mute: 0/1
  - Skip: 0/1
  - Reset: 0/1
  - Repeat: 0/1
[StepSequencerParams] Global parameters found:
  - Direction: ✗
    [WARNING] Global parameter "Direction" not found
  - Start Step: ✗
    [WARNING] Global parameter "Start Step" not found
  - End Step: ✗
    [WARNING] Global parameter "End Step" not found
  - Gate Length: ✗
    [WARNING] Global parameter "Gate Length" not found
  - Trigger Length: ✗
    [WARNING] Global parameter "Trigger Length" not found
  - Glide Time: ✗
    [WARNING] Global parameter "Glide Time" not found
  - Current Sequence: ✗
    [WARNING] Global parameter "Current Sequence" not found
  - Permutation: ✗
    [WARNING] Global parameter "Permutation" not found
  - Gate Type: ✗
    [WARNING] Global parameter "Gate Type" not found
[StepSequencerParams] Randomize parameters found:
  - Randomise: ✗
  - Randomise what: ✗
  - Note distribution: ✗
  - Min note: ✗
  - Max note: ✗
  - Mean note: ✗
  - Note deviation: ✗
  - Min repeat: ✗
  - Max repeat: ✗
  - Min ratchet: ✗
  - Max ratchet: ✗
  - Note probability: ✗
  - Tie probability: ✗
  - Accent probability: ✗
  - Repeat probability: ✗
  - Ratchet probability: ✗
  - Unaccented velocity: ✗
[StepSequencerParams] WARNING: Parameter not found - 1:Division
[StepSequencerParams] Discovered 1 steps
[StepSequencerParams] Total parameters indexed: 2
[StepSequencerParams] WARNING: Parameter not found - 1:Mod
[StepSequencerParams] WARNING: Parameter not found - 1:Division
[StepSequencerParams] WARNING: Parameter not found - 1:Pattern
[StepSequencerParams] WARNING: Parameter not found - 1:Ties
[StepSequencerParams] WARNING: Parameter not found - 1:Mute
[StepSequencerParams] WARNING: Parameter not found - 1:Skip
[StepSequencerParams] WARNING: Parameter not found - 1:Reset
[StepSequencerParams] WARNING: Parameter not found - 1:Repeat
[StepSequencerParams] Step parameters found:
  - Pitch: 1/1
  - Velocity: 1/1
  - Mod: 0/1
  - Division: 0/1
  - Pattern: 0/1
  - Ties: 0/1
  - Mute: 0/1
  - Skip: 0/1
  - Reset: 0/1
  - Repeat: 0/1
[StepSequencerParams] Global parameters found:
  - Direction: ✗
    [WARNING] Global parameter "Direction" not found
  - Start Step: ✗
    [WARNING] Global parameter "Start Step" not found
  - End Step: ✗
    [WARNING] Global parameter "End Step" not found
  - Gate Length: ✗
    [WARNING] Global parameter "Gate Length" not found
  - Trigger Length: ✗
    [WARNING] Global parameter "Trigger Length" not found
  - Glide Time: ✗
    [WARNING] Global parameter "Glide Time" not found
  - Current Sequence: ✗
    [WARNING] Global parameter "Current Sequence" not found
  - Permutation: ✗
    [WARNING] Global parameter "Permutation" not found
  - Gate Type: ✗
    [WARNING] Global parameter "Gate Type" not found
[StepSequencerParams] Randomize parameters found:
  - Randomise: ✗
  - Randomise what: ✗
  - Note distribution: ✗
  - Min note: ✗
  - Max note: ✗
  - Mean note: ✗
  - Note deviation: ✗
  - Min repeat: ✗
  - Max repeat: ✗
  - Min ratchet: ✗
  - Max ratchet: ✗
  - Note probability: ✗
  - Tie probability: ✗
  - Accent probability: ✗
  - Repeat probability: ✗
  - Ratchet probability: ✗
  - Unaccented velocity: ✗
[StepSequencerParams] WARNING: Parameter not found - 1:Ties
[StepSequencerParams] Discovered 1 steps
[StepSequencerParams] Total parameters indexed: 2
[StepSequencerParams] WARNING: Parameter not found - 1:Mod
[StepSequencerParams] WARNING: Parameter not found - 1:Division
[StepSequencerParams] WARNING: Parameter not found - 1:Pattern
[StepSequencerParams] WARNING: Parameter not found - 1:Ties
[StepSequencerParams] WARNING: Parameter not found - 1:Mute
[StepSequencerParams] WARNING: Parameter not found - 1:Skip
[StepSequencerParams] WARNING: Parameter not found - 1:Reset
[StepSequencerParams] WARNING: Parameter not found - 1:Repeat
[StepSequencerParams] Step parameters found:
  - Pitch: 1/1
  - Velocity: 1/1
  - Mod: 0/1
  - Division: 0/1
  - Pattern: 0/1
  - Ties: 0/1
  - Mute: 0/1
  - Skip: 0/1
  - Reset: 0/1
  - Repeat: 0/1
[StepSequencerParams] Global parameters found:
  - Direction: ✗
    [WARNING] Global parameter "Direction" not found
  - Start Step: ✗
    [WARNING] Global parameter "Start Step" not found
  - End Step: ✗
    [WARNING] Global parameter "End Step" not found
  - Gate Length: ✗
    [WARNING] Global parameter "Gate Length" not found
  - Trigger Length: ✗
    [WARNING] Global parameter "Trigger Length" not found
  - Glide Time: ✗
    [WARNING] Global parameter "Glide Time" not found
  - Current Sequence: ✗
    [WARNING] Global parameter "Current Sequence" not found
  - Permutation: ✗
    [WARNING] Global parameter "Permutation" not found
  - Gate Type: ✗
    [WARNING] Global parameter "Gate Type" not found
[StepSequencerParams] Randomize parameters found:
  - Randomise: ✗
  - Randomise what: ✗
  - Note distribution: ✗
  - Min note: ✗
  - Max note: ✗
  - Mean note: ✗
  - Note deviation: ✗
  - Min repeat: ✗
  - Max repeat: ✗
  - Min ratchet: ✗
  - Max ratchet: ✗
  - Note probability: ✗
  - Tie probability: ✗
  - Accent probability: ✗
  - Repeat probability: ✗
  - Ratchet probability: ✗
  - Unaccented velocity: ✗
[StepSequencerParams] WARNING: Parameter not found - 1:Pattern
[StepSequencerParams] Discovered 1 steps
[StepSequencerParams] Total parameters indexed: 2
[StepSequencerParams] WARNING: Parameter not found - 1:Mod
[StepSequencerParams] WARNING: Parameter not found - 1:Division
[StepSequencerParams] WARNING: Parameter not found - 1:Pattern
[StepSequencerParams] WARNING: Parameter not found - 1:Ties
[StepSequencerParams] WARNING: Parameter not found - 1:Mute
[StepSequencerParams] WARNING: Parameter not found - 1:Skip
[StepSequencerParams] WARNING: Parameter not found - 1:Reset
[StepSequencerParams] WARNING: Parameter not found - 1:Repeat
[StepSequencerParams] Step parameters found:
  - Pitch: 1/1
  - Velocity: 1/1
  - Mod: 0/1
  - Division: 0/1
  - Pattern: 0/1
  - Ties: 0/1
  - Mute: 0/1
  - Skip: 0/1
  - Reset: 0/1
  - Repeat: 0/1
[StepSequencerParams] Global parameters found:
  - Direction: ✗
    [WARNING] Global parameter "Direction" not found
  - Start Step: ✗
    [WARNING] Global parameter "Start Step" not found
  - End Step: ✗
    [WARNING] Global parameter "End Step" not found
  - Gate Length: ✗
    [WARNING] Global parameter "Gate Length" not found
  - Trigger Length: ✗
    [WARNING] Global parameter "Trigger Length" not found
  - Glide Time: ✗
    [WARNING] Global parameter "Glide Time" not found
  - Current Sequence: ✗
    [WARNING] Global parameter "Current Sequence" not found
  - Permutation: ✗
    [WARNING] Global parameter "Permutation" not found
  - Gate Type: ✗
    [WARNING] Global parameter "Gate Type" not found
[StepSequencerParams] Randomize parameters found:
  - Randomise: ✗
  - Randomise what: ✗
  - Note distribution: ✗
  - Min note: ✗
  - Max note: ✗
  - Mean note: ✗
  - Note deviation: ✗
  - Min repeat: ✗
  - Max repeat: ✗
  - Min ratchet: ✗
  - Max ratchet: ✗
  - Note probability: ✗
  - Tie probability: ✗
  - Accent probability: ✗
  - Repeat probability: ✗
  - Ratchet probability: ✗
  - Unaccented velocity: ✗
[StepSequencerParams] WARNING: Parameter not found - 1:Mute
[StepSequencerParams] Discovered 1 steps
[StepSequencerParams] Total parameters indexed: 2
[StepSequencerParams] WARNING: Parameter not found - 1:Mod
[StepSequencerParams] WARNING: Parameter not found - 1:Division
[StepSequencerParams] WARNING: Parameter not found - 1:Pattern
[StepSequencerParams] WARNING: Parameter not found - 1:Ties
[StepSequencerParams] WARNING: Parameter not found - 1:Mute
[StepSequencerParams] WARNING: Parameter not found - 1:Skip
[StepSequencerParams] WARNING: Parameter not found - 1:Reset
[StepSequencerParams] WARNING: Parameter not found - 1:Repeat
[StepSequencerParams] Step parameters found:
  - Pitch: 1/1
  - Velocity: 1/1
  - Mod: 0/1
  - Division: 0/1
  - Pattern: 0/1
  - Ties: 0/1
  - Mute: 0/1
  - Skip: 0/1
  - Reset: 0/1
  - Repeat: 0/1
[StepSequencerParams] Global parameters found:
  - Direction: ✗
    [WARNING] Global parameter "Direction" not found
  - Start Step: ✗
    [WARNING] Global parameter "Start Step" not found
  - End Step: ✗
    [WARNING] Global parameter "End Step" not found
  - Gate Length: ✗
    [WARNING] Global parameter "Gate Length" not found
  - Trigger Length: ✗
    [WARNING] Global parameter "Trigger Length" not found
  - Glide Time: ✗
    [WARNING] Global parameter "Glide Time" not found
  - Current Sequence: ✗
    [WARNING] Global parameter "Current Sequence" not found
  - Permutation: ✗
    [WARNING] Global parameter "Permutation" not found
  - Gate Type: ✗
    [WARNING] Global parameter "Gate Type" not found
[StepSequencerParams] Randomize parameters found:
  - Randomise: ✗
  - Randomise what: ✗
  - Note distribution: ✗
  - Min note: ✗
  - Max note: ✗
  - Mean note: ✗
  - Note deviation: ✗
  - Min repeat: ✗
  - Max repeat: ✗
  - Min ratchet: ✗
  - Max ratchet: ✗
  - Note probability: ✗
  - Tie probability: ✗
  - Accent probability: ✗
  - Repeat probability: ✗
  - Ratchet probability: ✗
  - Unaccented velocity: ✗
[StepSequencerParams] WARNING: Parameter not found - 1:Pattern
[StepSequencerParams] Discovered 1 steps
[StepSequencerParams] Total parameters indexed: 2
[StepSequencerParams] WARNING: Parameter not found - 1:Mod
[StepSequencerParams] WARNING: Parameter not found - 1:Division
[StepSequencerParams] WARNING: Parameter not found - 1:Pattern
[StepSequencerParams] WARNING: Parameter not found - 1:Ties
[StepSequencerParams] WARNING: Parameter not found - 1:Mute
[StepSequencerParams] WARNING: Parameter not found - 1:Skip
[StepSequencerParams] WARNING: Parameter not found - 1:Reset
[StepSequencerParams] WARNING: Parameter not found - 1:Repeat
[StepSequencerParams] Step parameters found:
  - Pitch: 1/1
  - Velocity: 1/1
  - Mod: 0/1
  - Division: 0/1
  - Pattern: 0/1
  - Ties: 0/1
  - Mute: 0/1
  - Skip: 0/1
  - Reset: 0/1
  - Repeat: 0/1
[StepSequencerParams] Global parameters found:
  - Direction: ✗
    [WARNING] Global parameter "Direction" not found
  - Start Step: ✗
    [WARNING] Global parameter "Start Step" not found
  - End Step: ✗
    [WARNING] Global parameter "End Step" not found
  - Gate Length: ✗
    [WARNING] Global parameter "Gate Length" not found
  - Trigger Length: ✗
    [WARNING] Global parameter "Trigger Length" not found
  - Glide Time: ✗
    [WARNING] Global parameter "Glide Time" not found
  - Current Sequence: ✗
    [WARNING] Global parameter "Current Sequence" not found
  - Permutation: ✗
    [WARNING] Global parameter "Permutation" not found
  - Gate Type: ✗
    [WARNING] Global parameter "Gate Type" not found
[StepSequencerParams] Randomize parameters found:
  - Randomise: ✗
  - Randomise what: ✗
  - Note distribution: ✗
  - Min note: ✗
  - Max note: ✗
  - Mean note: ✗
  - Note deviation: ✗
  - Min repeat: ✗
  - Max repeat: ✗
  - Min ratchet: ✗
  - Max ratchet: ✗
  - Note probability: ✗
  - Tie probability: ✗
  - Accent probability: ✗
  - Repeat probability: ✗
  - Ratchet probability: ✗
  - Unaccented velocity: ✗
[StepSequencerParams] WARNING: Parameter not found - 1:Mute
[StepSequencerParams] Discovered 1 steps
[StepSequencerParams] Total parameters indexed: 2
[StepSequencerParams] WARNING: Parameter not found - 1:Mod
[StepSequencerParams] WARNING: Parameter not found - 1:Division
[StepSequencerParams] WARNING: Parameter not found - 1:Pattern
[StepSequencerParams] WARNING: Parameter not found - 1:Ties
[StepSequencerParams] WARNING: Parameter not found - 1:Mute
[StepSequencerParams] WARNING: Parameter not found - 1:Skip
[StepSequencerParams] WARNING: Parameter not found - 1:Reset
[StepSequencerParams] WARNING: Parameter not found - 1:Repeat
[StepSequencerParams] Step parameters found:
  - Pitch: 1/1
  - Velocity: 1/1
  - Mod: 0/1
  - Division: 0/1
  - Pattern: 0/1
  - Ties: 0/1
  - Mute: 0/1
  - Skip: 0/1
  - Reset: 0/1
  - Repeat: 0/1
[StepSequencerParams] Global parameters found:
  - Direction: ✗
    [WARNING] Global parameter "Direction" not found
  - Start Step: ✗
    [WARNING] Global parameter "Start Step" not found
  - End Step: ✗
    [WARNING] Global parameter "End Step" not found
  - Gate Length: ✗
    [WARNING] Global parameter "Gate Length" not found
  - Trigger Length: ✗
    [WARNING] Global parameter "Trigger Length" not found
  - Glide Time: ✗
    [WARNING] Global parameter "Glide Time" not found
  - Current Sequence: ✗
    [WARNING] Global parameter "Current Sequence" not found
  - Permutation: ✗
    [WARNING] Global parameter "Permutation" not found
  - Gate Type: ✗
    [WARNING] Global parameter "Gate Type" not found
[StepSequencerParams] Randomize parameters found:
  - Randomise: ✗
  - Randomise what: ✗
  - Note distribution: ✗
  - Min note: ✗
  - Max note: ✗
  - Mean note: ✗
  - Note deviation: ✗
  - Min repeat: ✗
  - Max repeat: ✗
  - Min ratchet: ✗
  - Max ratchet: ✗
  - Note probability: ✗
  - Tie probability: ✗
  - Accent probability: ✗
  - Repeat probability: ✗
  - Ratchet probability: ✗
  - Unaccented velocity: ✗
[StepSequencerParams] WARNING: Parameter not found - 1:Skip
[StepSequencerParams] Discovered 1 steps
[StepSequencerParams] Total parameters indexed: 2
[StepSequencerParams] WARNING: Parameter not found - 1:Mod
[StepSequencerParams] WARNING: Parameter not found - 1:Division
[StepSequencerParams] WARNING: Parameter not found - 1:Pattern
[StepSequencerParams] WARNING: Parameter not found - 1:Ties
[StepSequencerParams] WARNING: Parameter not found - 1:Mute
[StepSequencerParams] WARNING: Parameter not found - 1:Skip
[StepSequencerParams] WARNING: Parameter not found - 1:Reset
[StepSequencerParams] WARNING: Parameter not found - 1:Repeat
[StepSequencerParams] Step parameters found:
  - Pitch: 1/1
  - Velocity: 1/1
  - Mod: 0/1
  - Division: 0/1
  - Pattern: 0/1
  - Ties: 0/1
  - Mute: 0/1
  - Skip: 0/1
  - Reset: 0/1
  - Repeat: 0/1
[StepSequencerParams] Global parameters found:
  - Direction: ✗
    [WARNING] Global parameter "Direction" not found
  - Start Step: ✗
    [WARNING] Global parameter "Start Step" not found
  - End Step: ✗
    [WARNING] Global parameter "End Step" not found
  - Gate Length: ✗
    [WARNING] Global parameter "Gate Length" not found
  - Trigger Length: ✗
    [WARNING] Global parameter "Trigger Length" not found
  - Glide Time: ✗
    [WARNING] Global parameter "Glide Time" not found
  - Current Sequence: ✗
    [WARNING] Global parameter "Current Sequence" not found
  - Permutation: ✗
    [WARNING] Global parameter "Permutation" not found
  - Gate Type: ✗
    [WARNING] Global parameter "Gate Type" not found
[StepSequencerParams] Randomize parameters found:
  - Randomise: ✗
  - Randomise what: ✗
  - Note distribution: ✗
  - Min note: ✗
  - Max note: ✗
  - Mean note: ✗
  - Note deviation: ✗
  - Min repeat: ✗
  - Max repeat: ✗
  - Min ratchet: ✗
  - Max ratchet: ✗
  - Note probability: ✗
  - Tie probability: ✗
  - Accent probability: ✗
  - Repeat probability: ✗
  - Ratchet probability: ✗
  - Unaccented velocity: ✗
[StepSequencerParams] WARNING: Parameter not found - 1:Pattern
[StepSequencerParams] Discovered 1 steps
[StepSequencerParams] Total parameters indexed: 2
[StepSequencerParams] WARNING: Parameter not found - 1:Mod
[StepSequencerParams] WARNING: Parameter not found - 1:Division
[StepSequencerParams] WARNING: Parameter not found - 1:Pattern
[StepSequencerParams] WARNING: Parameter not found - 1:Ties
[StepSequencerParams] WARNING: Parameter not found - 1:Mute
[StepSequencerParams] WARNING: Parameter not found - 1:Skip
[StepSequencerParams] WARNING: Parameter not found - 1:Reset
[StepSequencerParams] WARNING: Parameter not found - 1:Repeat
[StepSequencerParams] Step parameters found:
  - Pitch: 1/1
  - Velocity: 1/1
  - Mod: 0/1
  - Division: 0/1
  - Pattern: 0/1
  - Ties: 0/1
  - Mute: 0/1
  - Skip: 0/1
  - Reset: 0/1
  - Repeat: 0/1
[StepSequencerParams] Global parameters found:
  - Direction: ✗
    [WARNING] Global parameter "Direction" not found
  - Start Step: ✗
    [WARNING] Global parameter "Start Step" not found
  - End Step: ✗
    [WARNING] Global parameter "End Step" not found
  - Gate Length: ✗
    [WARNING] Global parameter "Gate Length" not found
  - Trigger Length: ✗
    [WARNING] Global parameter "Trigger Length" not found
  - Glide Time: ✗
    [WARNING] Global parameter "Glide Time" not found
  - Current Sequence: ✗
    [WARNING] Global parameter "Current Sequence" not found
  - Permutation: ✗
    [WARNING] Global parameter "Permutation" not found
  - Gate Type: ✗
    [WARNING] Global parameter "Gate Type" not found
[StepSequencerParams] Randomize parameters found:
  - Randomise: ✗
  - Randomise what: ✗
  - Note distribution: ✗
  - Min note: ✗
  - Max note: ✗
  - Mean note: ✗
  - Note deviation: ✗
  - Min repeat: ✗
  - Max repeat: ✗
  - Min ratchet: ✗
  - Max ratchet: ✗
  - Note probability: ✗
  - Tie probability: ✗
  - Accent probability: ✗
  - Repeat probability: ✗
  - Ratchet probability: ✗
  - Unaccented velocity: ✗
[StepSequencerParams] WARNING: Parameter not found - 1:Skip
[StepSequencerParams] Discovered 1 steps
[StepSequencerParams] Total parameters indexed: 2
[StepSequencerParams] WARNING: Parameter not found - 1:Mod
[StepSequencerParams] WARNING: Parameter not found - 1:Division
[StepSequencerParams] WARNING: Parameter not found - 1:Pattern
[StepSequencerParams] WARNING: Parameter not found - 1:Ties
[StepSequencerParams] WARNING: Parameter not found - 1:Mute
[StepSequencerParams] WARNING: Parameter not found - 1:Skip
[StepSequencerParams] WARNING: Parameter not found - 1:Reset
[StepSequencerParams] WARNING: Parameter not found - 1:Repeat
[StepSequencerParams] Step parameters found:
  - Pitch: 1/1
  - Velocity: 1/1
  - Mod: 0/1
  - Division: 0/1
  - Pattern: 0/1
  - Ties: 0/1
  - Mute: 0/1
  - Skip: 0/1
  - Reset: 0/1
  - Repeat: 0/1
[StepSequencerParams] Global parameters found:
  - Direction: ✗
    [WARNING] Global parameter "Direction" not found
  - Start Step: ✗
    [WARNING] Global parameter "Start Step" not found
  - End Step: ✗
    [WARNING] Global parameter "End Step" not found
  - Gate Length: ✗
    [WARNING] Global parameter "Gate Length" not found
  - Trigger Length: ✗
    [WARNING] Global parameter "Trigger Length" not found
  - Glide Time: ✗
    [WARNING] Global parameter "Glide Time" not found
  - Current Sequence: ✗
    [WARNING] Global parameter "Current Sequence" not found
  - Permutation: ✗
    [WARNING] Global parameter "Permutation" not found
  - Gate Type: ✗
    [WARNING] Global parameter "Gate Type" not found
[StepSequencerParams] Randomize parameters found:
  - Randomise: ✗
  - Randomise what: ✗
  - Note distribution: ✗
  - Min note: ✗
  - Max note: ✗
  - Mean note: ✗
  - Note deviation: ✗
  - Min repeat: ✗
  - Max repeat: ✗
  - Min ratchet: ✗
  - Max ratchet: ✗
  - Note probability: ✗
  - Tie probability: ✗
  - Accent probability: ✗
  - Repeat probability: ✗
  - Ratchet probability: ✗
  - Unaccented velocity: ✗
[StepSequencerParams] WARNING: Parameter not found - 1:Reset
[StepSequencerParams] Discovered 1 steps
[StepSequencerParams] Total parameters indexed: 2
[StepSequencerParams] WARNING: Parameter not found - 1:Mod
[StepSequencerParams] WARNING: Parameter not found - 1:Division
[StepSequencerParams] WARNING: Parameter not found - 1:Pattern
[StepSequencerParams] WARNING: Parameter not found - 1:Ties
[StepSequencerParams] WARNING: Parameter not found - 1:Mute
[StepSequencerParams] WARNING: Parameter not found - 1:Skip
[StepSequencerParams] WARNING: Parameter not found - 1:Reset
[StepSequencerParams] WARNING: Parameter not found - 1:Repeat
[StepSequencerParams] Step parameters found:
  - Pitch: 1/1
  - Velocity: 1/1
  - Mod: 0/1
  - Division: 0/1
  - Pattern: 0/1
  - Ties: 0/1
  - Mute: 0/1
  - Skip: 0/1
  - Reset: 0/1
  - Repeat: 0/1
[StepSequencerParams] Global parameters found:
  - Direction: ✗
    [WARNING] Global parameter "Direction" not found
  - Start Step: ✗
    [WARNING] Global parameter "Start Step" not found
  - End Step: ✗
    [WARNING] Global parameter "End Step" not found
  - Gate Length: ✗
    [WARNING] Global parameter "Gate Length" not found
  - Trigger Length: ✗
    [WARNING] Global parameter "Trigger Length" not found
  - Glide Time: ✗
    [WARNING] Global parameter "Glide Time" not found
  - Current Sequence: ✗
    [WARNING] Global parameter "Current Sequence" not found
  - Permutation: ✗
    [WARNING] Global parameter "Permutation" not found
  - Gate Type: ✗
    [WARNING] Global parameter "Gate Type" not found
[StepSequencerParams] Randomize parameters found:
  - Randomise: ✗
  - Randomise what: ✗
  - Note distribution: ✗
  - Min note: ✗
  - Max note: ✗
  - Mean note: ✗
  - Note deviation: ✗
  - Min repeat: ✗
  - Max repeat: ✗
  - Min ratchet: ✗
  - Max ratchet: ✗
  - Note probability: ✗
  - Tie probability: ✗
  - Accent probability: ✗
  - Repeat probability: ✗
  - Ratchet probability: ✗
  - Unaccented velocity: ✗
[StepSequencerParams] WARNING: Parameter not found - 1:Pattern
[StepSequencerParams] Discovered 1 steps
[StepSequencerParams] Total parameters indexed: 2
[StepSequencerParams] WARNING: Parameter not found - 1:Mod
[StepSequencerParams] WARNING: Parameter not found - 1:Division
[StepSequencerParams] WARNING: Parameter not found - 1:Pattern
[StepSequencerParams] WARNING: Parameter not found - 1:Ties
[StepSequencerParams] WARNING: Parameter not found - 1:Mute
[StepSequencerParams] WARNING: Parameter not found - 1:Skip
[StepSequencerParams] WARNING: Parameter not found - 1:Reset
[StepSequencerParams] WARNING: Parameter not found - 1:Repeat
[StepSequencerParams] Step parameters found:
  - Pitch: 1/1
  - Velocity: 1/1
  - Mod: 0/1
  - Division: 0/1
  - Pattern: 0/1
  - Ties: 0/1
  - Mute: 0/1
  - Skip: 0/1
  - Reset: 0/1
  - Repeat: 0/1
[StepSequencerParams] Global parameters found:
  - Direction: ✗
    [WARNING] Global parameter "Direction" not found
  - Start Step: ✗
    [WARNING] Global parameter "Start Step" not found
  - End Step: ✗
    [WARNING] Global parameter "End Step" not found
  - Gate Length: ✗
    [WARNING] Global parameter "Gate Length" not found
  - Trigger Length: ✗
    [WARNING] Global parameter "Trigger Length" not found
  - Glide Time: ✗
    [WARNING] Global parameter "Glide Time" not found
  - Current Sequence: ✗
    [WARNING] Global parameter "Current Sequence" not found
  - Permutation: ✗
    [WARNING] Global parameter "Permutation" not found
  - Gate Type: ✗
    [WARNING] Global parameter "Gate Type" not found
[StepSequencerParams] Randomize parameters found:
  - Randomise: ✗
  - Randomise what: ✗
  - Note distribution: ✗
  - Min note: ✗
  - Max note: ✗
  - Mean note: ✗
  - Note deviation: ✗
  - Min repeat: ✗
  - Max repeat: ✗
  - Min ratchet: ✗
  - Max ratchet: ✗
  - Note probability: ✗
  - Tie probability: ✗
  - Accent probability: ✗
  - Repeat probability: ✗
  - Ratchet probability: ✗
  - Unaccented velocity: ✗
[StepSequencerParams] WARNING: Parameter not found - 1:Reset
[StepSequencerParams] Discovered 1 steps
[StepSequencerParams] Total parameters indexed: 2
[StepSequencerParams] WARNING: Parameter not found - 1:Mod
[StepSequencerParams] WARNING: Parameter not found - 1:Division
[StepSequencerParams] WARNING: Parameter not found - 1:Pattern
[StepSequencerParams] WARNING: Parameter not found - 1:Ties
[StepSequencerParams] WARNING: Parameter not found - 1:Mute
[StepSequencerParams] WARNING: Parameter not found - 1:Skip
[StepSequencerParams] WARNING: Parameter not found - 1:Reset
[StepSequencerParams] WARNING: Parameter not found - 1:Repeat
[StepSequencerParams] Step parameters found:
  - Pitch: 1/1
  - Velocity: 1/1
  - Mod: 0/1
  - Division: 0/1
  - Pattern: 0/1
  - Ties: 0/1
  - Mute: 0/1
  - Skip: 0/1
  - Reset: 0/1
  - Repeat: 0/1
[StepSequencerParams] Global parameters found:
  - Direction: ✗
    [WARNING] Global parameter "Direction" not found
  - Start Step: ✗
    [WARNING] Global parameter "Start Step" not found
  - End Step: ✗
    [WARNING] Global parameter "End Step" not found
  - Gate Length: ✗
    [WARNING] Global parameter "Gate Length" not found
  - Trigger Length: ✗
    [WARNING] Global parameter "Trigger Length" not found
  - Glide Time: ✗
    [WARNING] Global parameter "Glide Time" not found
  - Current Sequence: ✗
    [WARNING] Global parameter "Current Sequence" not found
  - Permutation: ✗
    [WARNING] Global parameter "Permutation" not found
  - Gate Type: ✗
    [WARNING] Global parameter "Gate Type" not found
[StepSequencerParams] Randomize parameters found:
  - Randomise: ✗
  - Randomise what: ✗
  - Note distribution: ✗
  - Min note: ✗
  - Max note: ✗
  - Mean note: ✗
  - Note deviation: ✗
  - Min repeat: ✗
  - Max repeat: ✗
  - Min ratchet: ✗
  - Max ratchet: ✗
  - Note probability: ✗
  - Tie probability: ✗
  - Accent probability: ✗
  - Repeat probability: ✗
  - Ratchet probability: ✗
  - Unaccented velocity: ✗
[StepSequencerParams] WARNING: Parameter not found - 1:Repeat
[StepSequencerParams] Discovered 1 steps
[StepSequencerParams] Total parameters indexed: 2
[StepSequencerParams] WARNING: Parameter not found - 1:Mod
[StepSequencerParams] WARNING: Parameter not found - 1:Division
[StepSequencerParams] WARNING: Parameter not found - 1:Pattern
[StepSequencerParams] WARNING: Parameter not found - 1:Ties
[StepSequencerParams] WARNING: Parameter not found - 1:Mute
[StepSequencerParams] WARNING: Parameter not found - 1:Skip
[StepSequencerParams] WARNING: Parameter not found - 1:Reset
[StepSequencerParams] WARNING: Parameter not found - 1:Repeat
[StepSequencerParams] Step parameters found:
  - Pitch: 1/1
  - Velocity: 1/1
  - Mod: 0/1
  - Division: 0/1
  - Pattern: 0/1
  - Ties: 0/1
  - Mute: 0/1
  - Skip: 0/1
  - Reset: 0/1
  - Repeat: 0/1
[StepSequencerParams] Global parameters found:
  - Direction: ✗
    [WARNING] Global parameter "Direction" not found
  - Start Step: ✗
    [WARNING] Global parameter "Start Step" not found
  - End Step: ✗
    [WARNING] Global parameter "End Step" not found
  - Gate Length: ✗
    [WARNING] Global parameter "Gate Length" not found
  - Trigger Length: ✗
    [WARNING] Global parameter "Trigger Length" not found
  - Glide Time: ✗
    [WARNING] Global parameter "Glide Time" not found
  - Current Sequence: ✗
    [WARNING] Global parameter "Current Sequence" not found
  - Permutation: ✗
    [WARNING] Global parameter "Permutation" not found
  - Gate Type: ✗
    [WARNING] Global parameter "Gate Type" not found
[StepSequencerParams] Randomize parameters found:
  - Randomise: ✗
  - Randomise what: ✗
  - Note distribution: ✗
  - Min note: ✗
  - Max note: ✗
  - Mean note: ✗
  - Note deviation: ✗
  - Min repeat: ✗
  - Max repeat: ✗
  - Min ratchet: ✗
  - Max ratchet: ✗
  - Note probability: ✗
  - Tie probability: ✗
  - Accent probability: ✗
  - Repeat probability: ✗
  - Ratchet probability: ✗
  - Unaccented velocity: ✗
[StepSequencerParams] WARNING: Parameter not found - 1:Pattern
[StepSequencerParams] Discovered 1 steps
[StepSequencerParams] Total parameters indexed: 2
[StepSequencerParams] WARNING: Parameter not found - 1:Mod
[StepSequencerParams] WARNING: Parameter not found - 1:Division
[StepSequencerParams] WARNING: Parameter not found - 1:Pattern
[StepSequencerParams] WARNING: Parameter not found - 1:Ties
[StepSequencerParams] WARNING: Parameter not found - 1:Mute
[StepSequencerParams] WARNING: Parameter not found - 1:Skip
[StepSequencerParams] WARNING: Parameter not found - 1:Reset
[StepSequencerParams] WARNING: Parameter not found - 1:Repeat
[StepSequencerParams] Step parameters found:
  - Pitch: 1/1
  - Velocity: 1/1
  - Mod: 0/1
  - Division: 0/1
  - Pattern: 0/1
  - Ties: 0/1
  - Mute: 0/1
  - Skip: 0/1
  - Reset: 0/1
  - Repeat: 0/1
[StepSequencerParams] Global parameters found:
  - Direction: ✗
    [WARNING] Global parameter "Direction" not found
  - Start Step: ✗
    [WARNING] Global parameter "Start Step" not found
  - End Step: ✗
    [WARNING] Global parameter "End Step" not found
  - Gate Length: ✗
    [WARNING] Global parameter "Gate Length" not found
  - Trigger Length: ✗
    [WARNING] Global parameter "Trigger Length" not found
  - Glide Time: ✗
    [WARNING] Global parameter "Glide Time" not found
  - Current Sequence: ✗
    [WARNING] Global parameter "Current Sequence" not found
  - Permutation: ✗
    [WARNING] Global parameter "Permutation" not found
  - Gate Type: ✗
    [WARNING] Global parameter "Gate Type" not found
[StepSequencerParams] Randomize parameters found:
  - Randomise: ✗
  - Randomise what: ✗
  - Note distribution: ✗
  - Min note: ✗
  - Max note: ✗
  - Mean note: ✗
  - Note deviation: ✗
  - Min repeat: ✗
  - Max repeat: ✗
  - Min ratchet: ✗
  - Max ratchet: ✗
  - Note probability: ✗
  - Tie probability: ✗
  - Accent probability: ✗
  - Repeat probability: ✗
  - Ratchet probability: ✗
  - Unaccented velocity: ✗
[StepSequencerParams] WARNING: Parameter not found - 1:Repeat
00:02 +8: StepColumnWidget displays all parameter modes with correct colors                                                                                                                            00:02 +8: StepColumnWidget switches between parameter modes                                                                                                                                            00:02 +8: StepColumnWidget switches between parameter modes                                                                                                                                            
[StepSequencerParams] Discovered 1 steps
[StepSequencerParams] Total parameters indexed: 4
[StepSequencerParams] WARNING: Parameter not found - 1:Pattern
[StepSequencerParams] WARNING: Parameter not found - 1:Ties
[StepSequencerParams] WARNING: Parameter not found - 1:Mute
[StepSequencerParams] WARNING: Parameter not found - 1:Skip
[StepSequencerParams] WARNING: Parameter not found - 1:Reset
[StepSequencerParams] WARNING: Parameter not found - 1:Repeat
[StepSequencerParams] Step parameters found:
  - Pitch: 1/1
  - Velocity: 1/1
  - Mod: 1/1
  - Division: 1/1
  - Pattern: 0/1
  - Ties: 0/1
  - Mute: 0/1
  - Skip: 0/1
  - Reset: 0/1
  - Repeat: 0/1
[StepSequencerParams] Global parameters found:
  - Direction: ✗
    [WARNING] Global parameter "Direction" not found
  - Start Step: ✗
    [WARNING] Global parameter "Start Step" not found
  - End Step: ✗
    [WARNING] Global parameter "End Step" not found
  - Gate Length: ✗
    [WARNING] Global parameter "Gate Length" not found
  - Trigger Length: ✗
    [WARNING] Global parameter "Trigger Length" not found
  - Glide Time: ✗
    [WARNING] Global parameter "Glide Time" not found
  - Current Sequence: ✗
    [WARNING] Global parameter "Current Sequence" not found
  - Permutation: ✗
    [WARNING] Global parameter "Permutation" not found
  - Gate Type: ✗
    [WARNING] Global parameter "Gate Type" not found
[StepSequencerParams] Randomize parameters found:
  - Randomise: ✗
  - Randomise what: ✗
  - Note distribution: ✗
  - Min note: ✗
  - Max note: ✗
  - Mean note: ✗
  - Note deviation: ✗
  - Min repeat: ✗
  - Max repeat: ✗
  - Min ratchet: ✗
  - Max ratchet: ✗
  - Note probability: ✗
  - Tie probability: ✗
  - Accent probability: ✗
  - Repeat probability: ✗
  - Ratchet probability: ✗
  - Unaccented velocity: ✗
[StepSequencerParams] Discovered 1 steps
[StepSequencerParams] Total parameters indexed: 4
[StepSequencerParams] WARNING: Parameter not found - 1:Pattern
[StepSequencerParams] WARNING: Parameter not found - 1:Ties
[StepSequencerParams] WARNING: Parameter not found - 1:Mute
[StepSequencerParams] WARNING: Parameter not found - 1:Skip
[StepSequencerParams] WARNING: Parameter not found - 1:Reset
[StepSequencerParams] WARNING: Parameter not found - 1:Repeat
[StepSequencerParams] Step parameters found:
  - Pitch: 1/1
  - Velocity: 1/1
  - Mod: 1/1
  - Division: 1/1
  - Pattern: 0/1
  - Ties: 0/1
  - Mute: 0/1
  - Skip: 0/1
  - Reset: 0/1
  - Repeat: 0/1
[StepSequencerParams] Global parameters found:
  - Direction: ✗
    [WARNING] Global parameter "Direction" not found
  - Start Step: ✗
    [WARNING] Global parameter "Start Step" not found
  - End Step: ✗
    [WARNING] Global parameter "End Step" not found
  - Gate Length: ✗
    [WARNING] Global parameter "Gate Length" not found
  - Trigger Length: ✗
    [WARNING] Global parameter "Trigger Length" not found
  - Glide Time: ✗
    [WARNING] Global parameter "Glide Time" not found
  - Current Sequence: ✗
    [WARNING] Global parameter "Current Sequence" not found
  - Permutation: ✗
    [WARNING] Global parameter "Permutation" not found
  - Gate Type: ✗
    [WARNING] Global parameter "Gate Type" not found
[StepSequencerParams] Randomize parameters found:
  - Randomise: ✗
  - Randomise what: ✗
  - Note distribution: ✗
  - Min note: ✗
  - Max note: ✗
  - Mean note: ✗
  - Note deviation: ✗
  - Min repeat: ✗
  - Max repeat: ✗
  - Min ratchet: ✗
  - Max ratchet: ✗
  - Note probability: ✗
  - Tie probability: ✗
  - Accent probability: ✗
  - Repeat probability: ✗
  - Ratchet probability: ✗
  - Unaccented velocity: ✗
[StepSequencerParams] WARNING: Parameter not found - 1:Pattern
[StepSequencerParams] Discovered 1 steps
[StepSequencerParams] Total parameters indexed: 4
[StepSequencerParams] WARNING: Parameter not found - 1:Pattern
[StepSequencerParams] WARNING: Parameter not found - 1:Ties
[StepSequencerParams] WARNING: Parameter not found - 1:Mute
[StepSequencerParams] WARNING: Parameter not found - 1:Skip
[StepSequencerParams] WARNING: Parameter not found - 1:Reset
[StepSequencerParams] WARNING: Parameter not found - 1:Repeat
[StepSequencerParams] Step parameters found:
  - Pitch: 1/1
  - Velocity: 1/1
  - Mod: 1/1
  - Division: 1/1
  - Pattern: 0/1
  - Ties: 0/1
  - Mute: 0/1
  - Skip: 0/1
  - Reset: 0/1
  - Repeat: 0/1
[StepSequencerParams] Global parameters found:
  - Direction: ✗
    [WARNING] Global parameter "Direction" not found
  - Start Step: ✗
    [WARNING] Global parameter "Start Step" not found
  - End Step: ✗
    [WARNING] Global parameter "End Step" not found
  - Gate Length: ✗
    [WARNING] Global parameter "Gate Length" not found
  - Trigger Length: ✗
    [WARNING] Global parameter "Trigger Length" not found
  - Glide Time: ✗
    [WARNING] Global parameter "Glide Time" not found
  - Current Sequence: ✗
    [WARNING] Global parameter "Current Sequence" not found
  - Permutation: ✗
    [WARNING] Global parameter "Permutation" not found
  - Gate Type: ✗
    [WARNING] Global parameter "Gate Type" not found
[StepSequencerParams] Randomize parameters found:
  - Randomise: ✗
  - Randomise what: ✗
  - Note distribution: ✗
  - Min note: ✗
  - Max note: ✗
  - Mean note: ✗
  - Note deviation: ✗
  - Min repeat: ✗
  - Max repeat: ✗
  - Min ratchet: ✗
  - Max ratchet: ✗
  - Note probability: ✗
  - Tie probability: ✗
  - Accent probability: ✗
  - Repeat probability: ✗
  - Ratchet probability: ✗
  - Unaccented velocity: ✗
[StepSequencerParams] Discovered 1 steps
[StepSequencerParams] Total parameters indexed: 4
[StepSequencerParams] WARNING: Parameter not found - 1:Pattern
[StepSequencerParams] WARNING: Parameter not found - 1:Ties
[StepSequencerParams] WARNING: Parameter not found - 1:Mute
[StepSequencerParams] WARNING: Parameter not found - 1:Skip
[StepSequencerParams] WARNING: Parameter not found - 1:Reset
[StepSequencerParams] WARNING: Parameter not found - 1:Repeat
[StepSequencerParams] Step parameters found:
  - Pitch: 1/1
  - Velocity: 1/1
  - Mod: 1/1
  - Division: 1/1
  - Pattern: 0/1
  - Ties: 0/1
  - Mute: 0/1
  - Skip: 0/1
  - Reset: 0/1
  - Repeat: 0/1
[StepSequencerParams] Global parameters found:
  - Direction: ✗
    [WARNING] Global parameter "Direction" not found
  - Start Step: ✗
    [WARNING] Global parameter "Start Step" not found
  - End Step: ✗
    [WARNING] Global parameter "End Step" not found
  - Gate Length: ✗
    [WARNING] Global parameter "Gate Length" not found
  - Trigger Length: ✗
    [WARNING] Global parameter "Trigger Length" not found
  - Glide Time: ✗
    [WARNING] Global parameter "Glide Time" not found
  - Current Sequence: ✗
    [WARNING] Global parameter "Current Sequence" not found
  - Permutation: ✗
    [WARNING] Global parameter "Permutation" not found
  - Gate Type: ✗
    [WARNING] Global parameter "Gate Type" not found
[StepSequencerParams] Randomize parameters found:
  - Randomise: ✗
  - Randomise what: ✗
  - Note distribution: ✗
  - Min note: ✗
  - Max note: ✗
  - Mean note: ✗
  - Note deviation: ✗
  - Min repeat: ✗
  - Max repeat: ✗
  - Min ratchet: ✗
  - Max ratchet: ✗
  - Note probability: ✗
  - Tie probability: ✗
  - Accent probability: ✗
  - Repeat probability: ✗
  - Ratchet probability: ✗
  - Unaccented velocity: ✗
[StepSequencerParams] Discovered 1 steps
[StepSequencerParams] Total parameters indexed: 4
[StepSequencerParams] WARNING: Parameter not found - 1:Pattern
[StepSequencerParams] WARNING: Parameter not found - 1:Ties
[StepSequencerParams] WARNING: Parameter not found - 1:Mute
[StepSequencerParams] WARNING: Parameter not found - 1:Skip
[StepSequencerParams] WARNING: Parameter not found - 1:Reset
[StepSequencerParams] WARNING: Parameter not found - 1:Repeat
[StepSequencerParams] Step parameters found:
  - Pitch: 1/1
  - Velocity: 1/1
  - Mod: 1/1
  - Division: 1/1
  - Pattern: 0/1
  - Ties: 0/1
  - Mute: 0/1
  - Skip: 0/1
  - Reset: 0/1
  - Repeat: 0/1
[StepSequencerParams] Global parameters found:
  - Direction: ✗
    [WARNING] Global parameter "Direction" not found
  - Start Step: ✗
    [WARNING] Global parameter "Start Step" not found
  - End Step: ✗
    [WARNING] Global parameter "End Step" not found
  - Gate Length: ✗
    [WARNING] Global parameter "Gate Length" not found
  - Trigger Length: ✗
    [WARNING] Global parameter "Trigger Length" not found
  - Glide Time: ✗
    [WARNING] Global parameter "Glide Time" not found
  - Current Sequence: ✗
    [WARNING] Global parameter "Current Sequence" not found
  - Permutation: ✗
    [WARNING] Global parameter "Permutation" not found
  - Gate Type: ✗
    [WARNING] Global parameter "Gate Type" not found
[StepSequencerParams] Randomize parameters found:
  - Randomise: ✗
  - Randomise what: ✗
  - Note distribution: ✗
  - Min note: ✗
  - Max note: ✗
  - Mean note: ✗
  - Note deviation: ✗
  - Min repeat: ✗
  - Max repeat: ✗
  - Min ratchet: ✗
  - Max ratchet: ✗
  - Note probability: ✗
  - Tie probability: ✗
  - Accent probability: ✗
  - Repeat probability: ✗
  - Ratchet probability: ✗
  - Unaccented velocity: ✗
[StepSequencerParams] Discovered 1 steps
[StepSequencerParams] Total parameters indexed: 4
[StepSequencerParams] WARNING: Parameter not found - 1:Pattern
[StepSequencerParams] WARNING: Parameter not found - 1:Ties
[StepSequencerParams] WARNING: Parameter not found - 1:Mute
[StepSequencerParams] WARNING: Parameter not found - 1:Skip
[StepSequencerParams] WARNING: Parameter not found - 1:Reset
[StepSequencerParams] WARNING: Parameter not found - 1:Repeat
[StepSequencerParams] Step parameters found:
  - Pitch: 1/1
  - Velocity: 1/1
  - Mod: 1/1
  - Division: 1/1
  - Pattern: 0/1
  - Ties: 0/1
  - Mute: 0/1
  - Skip: 0/1
  - Reset: 0/1
  - Repeat: 0/1
[StepSequencerParams] Global parameters found:
  - Direction: ✗
    [WARNING] Global parameter "Direction" not found
  - Start Step: ✗
    [WARNING] Global parameter "Start Step" not found
  - End Step: ✗
    [WARNING] Global parameter "End Step" not found
  - Gate Length: ✗
    [WARNING] Global parameter "Gate Length" not found
  - Trigger Length: ✗
    [WARNING] Global parameter "Trigger Length" not found
  - Glide Time: ✗
    [WARNING] Global parameter "Glide Time" not found
  - Current Sequence: ✗
    [WARNING] Global parameter "Current Sequence" not found
  - Permutation: ✗
    [WARNING] Global parameter "Permutation" not found
  - Gate Type: ✗
    [WARNING] Global parameter "Gate Type" not found
[StepSequencerParams] Randomize parameters found:
  - Randomise: ✗
  - Randomise what: ✗
  - Note distribution: ✗
  - Min note: ✗
  - Max note: ✗
  - Mean note: ✗
  - Note deviation: ✗
  - Min repeat: ✗
  - Max repeat: ✗
  - Min ratchet: ✗
  - Max ratchet: ✗
  - Note probability: ✗
  - Tie probability: ✗
  - Accent probability: ✗
  - Repeat probability: ✗
  - Ratchet probability: ✗
  - Unaccented velocity: ✗
[StepSequencerParams] Discovered 1 steps
[StepSequencerParams] Total parameters indexed: 4
[StepSequencerParams] WARNING: Parameter not found - 1:Pattern
[StepSequencerParams] WARNING: Parameter not found - 1:Ties
[StepSequencerParams] WARNING: Parameter not found - 1:Mute
[StepSequencerParams] WARNING: Parameter not found - 1:Skip
[StepSequencerParams] WARNING: Parameter not found - 1:Reset
[StepSequencerParams] WARNING: Parameter not found - 1:Repeat
[StepSequencerParams] Step parameters found:
  - Pitch: 1/1
  - Velocity: 1/1
  - Mod: 1/1
  - Division: 1/1
  - Pattern: 0/1
  - Ties: 0/1
  - Mute: 0/1
  - Skip: 0/1
  - Reset: 0/1
  - Repeat: 0/1
[StepSequencerParams] Global parameters found:
  - Direction: ✗
    [WARNING] Global parameter "Direction" not found
  - Start Step: ✗
    [WARNING] Global parameter "Start Step" not found
  - End Step: ✗
    [WARNING] Global parameter "End Step" not found
  - Gate Length: ✗
    [WARNING] Global parameter "Gate Length" not found
  - Trigger Length: ✗
    [WARNING] Global parameter "Trigger Length" not found
  - Glide Time: ✗
    [WARNING] Global parameter "Glide Time" not found
  - Current Sequence: ✗
    [WARNING] Global parameter "Current Sequence" not found
  - Permutation: ✗
    [WARNING] Global parameter "Permutation" not found
  - Gate Type: ✗
    [WARNING] Global parameter "Gate Type" not found
[StepSequencerParams] Randomize parameters found:
  - Randomise: ✗
  - Randomise what: ✗
  - Note distribution: ✗
  - Min note: ✗
  - Max note: ✗
  - Mean note: ✗
  - Note deviation: ✗
  - Min repeat: ✗
  - Max repeat: ✗
  - Min ratchet: ✗
  - Max ratchet: ✗
  - Note probability: ✗
  - Tie probability: ✗
  - Accent probability: ✗
  - Repeat probability: ✗
  - Ratchet probability: ✗
  - Unaccented velocity: ✗
[StepSequencerParams] WARNING: Parameter not found - 1:Pattern
[StepSequencerParams] Discovered 1 steps
[StepSequencerParams] Total parameters indexed: 4
[StepSequencerParams] WARNING: Parameter not found - 1:Pattern
[StepSequencerParams] WARNING: Parameter not found - 1:Ties
[StepSequencerParams] WARNING: Parameter not found - 1:Mute
[StepSequencerParams] WARNING: Parameter not found - 1:Skip
[StepSequencerParams] WARNING: Parameter not found - 1:Reset
[StepSequencerParams] WARNING: Parameter not found - 1:Repeat
[StepSequencerParams] Step parameters found:
  - Pitch: 1/1
  - Velocity: 1/1
  - Mod: 1/1
  - Division: 1/1
  - Pattern: 0/1
  - Ties: 0/1
  - Mute: 0/1
  - Skip: 0/1
  - Reset: 0/1
  - Repeat: 0/1
[StepSequencerParams] Global parameters found:
  - Direction: ✗
    [WARNING] Global parameter "Direction" not found
  - Start Step: ✗
    [WARNING] Global parameter "Start Step" not found
  - End Step: ✗
    [WARNING] Global parameter "End Step" not found
  - Gate Length: ✗
    [WARNING] Global parameter "Gate Length" not found
  - Trigger Length: ✗
    [WARNING] Global parameter "Trigger Length" not found
  - Glide Time: ✗
    [WARNING] Global parameter "Glide Time" not found
  - Current Sequence: ✗
    [WARNING] Global parameter "Current Sequence" not found
  - Permutation: ✗
    [WARNING] Global parameter "Permutation" not found
  - Gate Type: ✗
    [WARNING] Global parameter "Gate Type" not found
[StepSequencerParams] Randomize parameters found:
  - Randomise: ✗
  - Randomise what: ✗
  - Note distribution: ✗
  - Min note: ✗
  - Max note: ✗
  - Mean note: ✗
  - Note deviation: ✗
  - Min repeat: ✗
  - Max repeat: ✗
  - Min ratchet: ✗
  - Max ratchet: ✗
  - Note probability: ✗
  - Tie probability: ✗
  - Accent probability: ✗
  - Repeat probability: ✗
  - Ratchet probability: ✗
  - Unaccented velocity: ✗
[StepSequencerParams] Discovered 1 steps
[StepSequencerParams] Total parameters indexed: 4
[StepSequencerParams] WARNING: Parameter not found - 1:Pattern
[StepSequencerParams] WARNING: Parameter not found - 1:Ties
[StepSequencerParams] WARNING: Parameter not found - 1:Mute
[StepSequencerParams] WARNING: Parameter not found - 1:Skip
[StepSequencerParams] WARNING: Parameter not found - 1:Reset
[StepSequencerParams] WARNING: Parameter not found - 1:Repeat
[StepSequencerParams] Step parameters found:
  - Pitch: 1/1
  - Velocity: 1/1
  - Mod: 1/1
  - Division: 1/1
  - Pattern: 0/1
  - Ties: 0/1
  - Mute: 0/1
  - Skip: 0/1
  - Reset: 0/1
  - Repeat: 0/1
[StepSequencerParams] Global parameters found:
  - Direction: ✗
    [WARNING] Global parameter "Direction" not found
  - Start Step: ✗
    [WARNING] Global parameter "Start Step" not found
  - End Step: ✗
    [WARNING] Global parameter "End Step" not found
  - Gate Length: ✗
    [WARNING] Global parameter "Gate Length" not found
  - Trigger Length: ✗
    [WARNING] Global parameter "Trigger Length" not found
  - Glide Time: ✗
    [WARNING] Global parameter "Glide Time" not found
  - Current Sequence: ✗
    [WARNING] Global parameter "Current Sequence" not found
  - Permutation: ✗
    [WARNING] Global parameter "Permutation" not found
  - Gate Type: ✗
    [WARNING] Global parameter "Gate Type" not found
[StepSequencerParams] Randomize parameters found:
  - Randomise: ✗
  - Randomise what: ✗
  - Note distribution: ✗
  - Min note: ✗
  - Max note: ✗
  - Mean note: ✗
  - Note deviation: ✗
  - Min repeat: ✗
  - Max repeat: ✗
  - Min ratchet: ✗
  - Max ratchet: ✗
  - Note probability: ✗
  - Tie probability: ✗
  - Accent probability: ✗
  - Repeat probability: ✗
  - Ratchet probability: ✗
  - Unaccented velocity: ✗
[StepSequencerParams] Discovered 1 steps
[StepSequencerParams] Total parameters indexed: 4
[StepSequencerParams] WARNING: Parameter not found - 1:Pattern
[StepSequencerParams] WARNING: Parameter not found - 1:Ties
[StepSequencerParams] WARNING: Parameter not found - 1:Mute
[StepSequencerParams] WARNING: Parameter not found - 1:Skip
[StepSequencerParams] WARNING: Parameter not found - 1:Reset
[StepSequencerParams] WARNING: Parameter not found - 1:Repeat
[StepSequencerParams] Step parameters found:
  - Pitch: 1/1
  - Velocity: 1/1
  - Mod: 1/1
  - Division: 1/1
  - Pattern: 0/1
  - Ties: 0/1
  - Mute: 0/1
  - Skip: 0/1
  - Reset: 0/1
  - Repeat: 0/1
[StepSequencerParams] Global parameters found:
  - Direction: ✗
    [WARNING] Global parameter "Direction" not found
  - Start Step: ✗
    [WARNING] Global parameter "Start Step" not found
  - End Step: ✗
    [WARNING] Global parameter "End Step" not found
  - Gate Length: ✗
    [WARNING] Global parameter "Gate Length" not found
  - Trigger Length: ✗
    [WARNING] Global parameter "Trigger Length" not found
  - Glide Time: ✗
    [WARNING] Global parameter "Glide Time" not found
  - Current Sequence: ✗
    [WARNING] Global parameter "Current Sequence" not found
  - Permutation: ✗
    [WARNING] Global parameter "Permutation" not found
  - Gate Type: ✗
    [WARNING] Global parameter "Gate Type" not found
[StepSequencerParams] Randomize parameters found:
  - Randomise: ✗
  - Randomise what: ✗
  - Note distribution: ✗
  - Min note: ✗
  - Max note: ✗
  - Mean note: ✗
  - Note deviation: ✗
  - Min repeat: ✗
  - Max repeat: ✗
  - Min ratchet: ✗
  - Max ratchet: ✗
  - Note probability: ✗
  - Tie probability: ✗
  - Accent probability: ✗
  - Repeat probability: ✗
  - Ratchet probability: ✗
  - Unaccented velocity: ✗
[StepSequencerParams] Discovered 1 steps
[StepSequencerParams] Total parameters indexed: 4
[StepSequencerParams] WARNING: Parameter not found - 1:Pattern
[StepSequencerParams] WARNING: Parameter not found - 1:Ties
[StepSequencerParams] WARNING: Parameter not found - 1:Mute
[StepSequencerParams] WARNING: Parameter not found - 1:Skip
[StepSequencerParams] WARNING: Parameter not found - 1:Reset
[StepSequencerParams] WARNING: Parameter not found - 1:Repeat
[StepSequencerParams] Step parameters found:
  - Pitch: 1/1
  - Velocity: 1/1
  - Mod: 1/1
  - Division: 1/1
  - Pattern: 0/1
  - Ties: 0/1
  - Mute: 0/1
  - Skip: 0/1
  - Reset: 0/1
  - Repeat: 0/1
[StepSequencerParams] Global parameters found:
  - Direction: ✗
    [WARNING] Global parameter "Direction" not found
  - Start Step: ✗
    [WARNING] Global parameter "Start Step" not found
  - End Step: ✗
    [WARNING] Global parameter "End Step" not found
  - Gate Length: ✗
    [WARNING] Global parameter "Gate Length" not found
  - Trigger Length: ✗
    [WARNING] Global parameter "Trigger Length" not found
  - Glide Time: ✗
    [WARNING] Global parameter "Glide Time" not found
  - Current Sequence: ✗
    [WARNING] Global parameter "Current Sequence" not found
  - Permutation: ✗
    [WARNING] Global parameter "Permutation" not found
  - Gate Type: ✗
    [WARNING] Global parameter "Gate Type" not found
[StepSequencerParams] Randomize parameters found:
  - Randomise: ✗
  - Randomise what: ✗
  - Note distribution: ✗
  - Min note: ✗
  - Max note: ✗
  - Mean note: ✗
  - Note deviation: ✗
  - Min repeat: ✗
  - Max repeat: ✗
  - Min ratchet: ✗
  - Max ratchet: ✗
  - Note probability: ✗
  - Tie probability: ✗
  - Accent probability: ✗
  - Repeat probability: ✗
  - Ratchet probability: ✗
  - Unaccented velocity: ✗
[StepSequencerParams] Discovered 1 steps
[StepSequencerParams] Total parameters indexed: 4
[StepSequencerParams] WARNING: Parameter not found - 1:Pattern
[StepSequencerParams] WARNING: Parameter not found - 1:Ties
[StepSequencerParams] WARNING: Parameter not found - 1:Mute
[StepSequencerParams] WARNING: Parameter not found - 1:Skip
[StepSequencerParams] WARNING: Parameter not found - 1:Reset
[StepSequencerParams] WARNING: Parameter not found - 1:Repeat
[StepSequencerParams] Step parameters found:
  - Pitch: 1/1
  - Velocity: 1/1
  - Mod: 1/1
  - Division: 1/1
  - Pattern: 0/1
  - Ties: 0/1
  - Mute: 0/1
  - Skip: 0/1
  - Reset: 0/1
  - Repeat: 0/1
[StepSequencerParams] Global parameters found:
  - Direction: ✗
    [WARNING] Global parameter "Direction" not found
  - Start Step: ✗
    [WARNING] Global parameter "Start Step" not found
  - End Step: ✗
    [WARNING] Global parameter "End Step" not found
  - Gate Length: ✗
    [WARNING] Global parameter "Gate Length" not found
  - Trigger Length: ✗
    [WARNING] Global parameter "Trigger Length" not found
  - Glide Time: ✗
    [WARNING] Global parameter "Glide Time" not found
  - Current Sequence: ✗
    [WARNING] Global parameter "Current Sequence" not found
  - Permutation: ✗
    [WARNING] Global parameter "Permutation" not found
  - Gate Type: ✗
    [WARNING] Global parameter "Gate Type" not found
[StepSequencerParams] Randomize parameters found:
  - Randomise: ✗
  - Randomise what: ✗
  - Note distribution: ✗
  - Min note: ✗
  - Max note: ✗
  - Mean note: ✗
  - Note deviation: ✗
  - Min repeat: ✗
  - Max repeat: ✗
  - Min ratchet: ✗
  - Max ratchet: ✗
  - Note probability: ✗
  - Tie probability: ✗
  - Accent probability: ✗
  - Repeat probability: ✗
  - Ratchet probability: ✗
  - Unaccented velocity: ✗
[StepSequencerParams] WARNING: Parameter not found - 1:Pattern
[StepSequencerParams] Discovered 1 steps
[StepSequencerParams] Total parameters indexed: 4
[StepSequencerParams] WARNING: Parameter not found - 1:Pattern
[StepSequencerParams] WARNING: Parameter not found - 1:Ties
[StepSequencerParams] WARNING: Parameter not found - 1:Mute
[StepSequencerParams] WARNING: Parameter not found - 1:Skip
[StepSequencerParams] WARNING: Parameter not found - 1:Reset
[StepSequencerParams] WARNING: Parameter not found - 1:Repeat
[StepSequencerParams] Step parameters found:
  - Pitch: 1/1
  - Velocity: 1/1
  - Mod: 1/1
  - Division: 1/1
  - Pattern: 0/1
  - Ties: 0/1
  - Mute: 0/1
  - Skip: 0/1
  - Reset: 0/1
  - Repeat: 0/1
[StepSequencerParams] Global parameters found:
  - Direction: ✗
    [WARNING] Global parameter "Direction" not found
  - Start Step: ✗
    [WARNING] Global parameter "Start Step" not found
  - End Step: ✗
    [WARNING] Global parameter "End Step" not found
  - Gate Length: ✗
    [WARNING] Global parameter "Gate Length" not found
  - Trigger Length: ✗
    [WARNING] Global parameter "Trigger Length" not found
  - Glide Time: ✗
    [WARNING] Global parameter "Glide Time" not found
  - Current Sequence: ✗
    [WARNING] Global parameter "Current Sequence" not found
  - Permutation: ✗
    [WARNING] Global parameter "Permutation" not found
  - Gate Type: ✗
    [WARNING] Global parameter "Gate Type" not found
[StepSequencerParams] Randomize parameters found:
  - Randomise: ✗
  - Randomise what: ✗
  - Note distribution: ✗
  - Min note: ✗
  - Max note: ✗
  - Mean note: ✗
  - Note deviation: ✗
  - Min repeat: ✗
  - Max repeat: ✗
  - Min ratchet: ✗
  - Max ratchet: ✗
  - Note probability: ✗
  - Tie probability: ✗
  - Accent probability: ✗
  - Repeat probability: ✗
  - Ratchet probability: ✗
  - Unaccented velocity: ✗
[StepSequencerParams] Discovered 1 steps
[StepSequencerParams] Total parameters indexed: 4
[StepSequencerParams] WARNING: Parameter not found - 1:Pattern
[StepSequencerParams] WARNING: Parameter not found - 1:Ties
[StepSequencerParams] WARNING: Parameter not found - 1:Mute
[StepSequencerParams] WARNING: Parameter not found - 1:Skip
[StepSequencerParams] WARNING: Parameter not found - 1:Reset
[StepSequencerParams] WARNING: Parameter not found - 1:Repeat
[StepSequencerParams] Step parameters found:
  - Pitch: 1/1
  - Velocity: 1/1
  - Mod: 1/1
  - Division: 1/1
  - Pattern: 0/1
  - Ties: 0/1
  - Mute: 0/1
  - Skip: 0/1
  - Reset: 0/1
  - Repeat: 0/1
[StepSequencerParams] Global parameters found:
  - Direction: ✗
    [WARNING] Global parameter "Direction" not found
  - Start Step: ✗
    [WARNING] Global parameter "Start Step" not found
  - End Step: ✗
    [WARNING] Global parameter "End Step" not found
  - Gate Length: ✗
    [WARNING] Global parameter "Gate Length" not found
  - Trigger Length: ✗
    [WARNING] Global parameter "Trigger Length" not found
  - Glide Time: ✗
    [WARNING] Global parameter "Glide Time" not found
  - Current Sequence: ✗
    [WARNING] Global parameter "Current Sequence" not found
  - Permutation: ✗
    [WARNING] Global parameter "Permutation" not found
  - Gate Type: ✗
    [WARNING] Global parameter "Gate Type" not found
[StepSequencerParams] Randomize parameters found:
  - Randomise: ✗
  - Randomise what: ✗
  - Note distribution: ✗
  - Min note: ✗
  - Max note: ✗
  - Mean note: ✗
  - Note deviation: ✗
  - Min repeat: ✗
  - Max repeat: ✗
  - Min ratchet: ✗
  - Max ratchet: ✗
  - Note probability: ✗
  - Tie probability: ✗
  - Accent probability: ✗
  - Repeat probability: ✗
  - Ratchet probability: ✗
  - Unaccented velocity: ✗
[StepSequencerParams] Discovered 1 steps
[StepSequencerParams] Total parameters indexed: 4
[StepSequencerParams] WARNING: Parameter not found - 1:Pattern
[StepSequencerParams] WARNING: Parameter not found - 1:Ties
[StepSequencerParams] WARNING: Parameter not found - 1:Mute
[StepSequencerParams] WARNING: Parameter not found - 1:Skip
[StepSequencerParams] WARNING: Parameter not found - 1:Reset
[StepSequencerParams] WARNING: Parameter not found - 1:Repeat
[StepSequencerParams] Step parameters found:
  - Pitch: 1/1
  - Velocity: 1/1
  - Mod: 1/1
  - Division: 1/1
  - Pattern: 0/1
  - Ties: 0/1
  - Mute: 0/1
  - Skip: 0/1
  - Reset: 0/1
  - Repeat: 0/1
[StepSequencerParams] Global parameters found:
  - Direction: ✗
    [WARNING] Global parameter "Direction" not found
  - Start Step: ✗
    [WARNING] Global parameter "Start Step" not found
  - End Step: ✗
    [WARNING] Global parameter "End Step" not found
  - Gate Length: ✗
    [WARNING] Global parameter "Gate Length" not found
  - Trigger Length: ✗
    [WARNING] Global parameter "Trigger Length" not found
  - Glide Time: ✗
    [WARNING] Global parameter "Glide Time" not found
  - Current Sequence: ✗
    [WARNING] Global parameter "Current Sequence" not found
  - Permutation: ✗
    [WARNING] Global parameter "Permutation" not found
  - Gate Type: ✗
    [WARNING] Global parameter "Gate Type" not found
[StepSequencerParams] Randomize parameters found:
  - Randomise: ✗
  - Randomise what: ✗
  - Note distribution: ✗
  - Min note: ✗
  - Max note: ✗
  - Mean note: ✗
  - Note deviation: ✗
  - Min repeat: ✗
  - Max repeat: ✗
  - Min ratchet: ✗
  - Max ratchet: ✗
  - Note probability: ✗
  - Tie probability: ✗
  - Accent probability: ✗
  - Repeat probability: ✗
  - Ratchet probability: ✗
  - Unaccented velocity: ✗
00:02 +9: StepColumnWidget switches between parameter modes                                                                                                                                            00:02 +9: StepColumnWidget clamps values to parameter min/max ranges                                                                                                                                   00:02 +9: StepColumnWidget clamps values to parameter min/max ranges                                                                                                                                   
[StepSequencerParams] Discovered 1 steps
[StepSequencerParams] Total parameters indexed: 2
[StepSequencerParams] WARNING: Parameter not found - 1:Mod
[StepSequencerParams] WARNING: Parameter not found - 1:Division
[StepSequencerParams] WARNING: Parameter not found - 1:Pattern
[StepSequencerParams] WARNING: Parameter not found - 1:Ties
[StepSequencerParams] WARNING: Parameter not found - 1:Mute
[StepSequencerParams] WARNING: Parameter not found - 1:Skip
[StepSequencerParams] WARNING: Parameter not found - 1:Reset
[StepSequencerParams] WARNING: Parameter not found - 1:Repeat
[StepSequencerParams] Step parameters found:
  - Pitch: 1/1
  - Velocity: 1/1
  - Mod: 0/1
  - Division: 0/1
  - Pattern: 0/1
  - Ties: 0/1
  - Mute: 0/1
  - Skip: 0/1
  - Reset: 0/1
  - Repeat: 0/1
[StepSequencerParams] Global parameters found:
  - Direction: ✗
    [WARNING] Global parameter "Direction" not found
  - Start Step: ✗
    [WARNING] Global parameter "Start Step" not found
  - End Step: ✗
    [WARNING] Global parameter "End Step" not found
  - Gate Length: ✗
    [WARNING] Global parameter "Gate Length" not found
  - Trigger Length: ✗
    [WARNING] Global parameter "Trigger Length" not found
  - Glide Time: ✗
    [WARNING] Global parameter "Glide Time" not found
  - Current Sequence: ✗
    [WARNING] Global parameter "Current Sequence" not found
  - Permutation: ✗
    [WARNING] Global parameter "Permutation" not found
  - Gate Type: ✗
    [WARNING] Global parameter "Gate Type" not found
[StepSequencerParams] Randomize parameters found:
  - Randomise: ✗
  - Randomise what: ✗
  - Note distribution: ✗
  - Min note: ✗
  - Max note: ✗
  - Mean note: ✗
  - Note deviation: ✗
  - Min repeat: ✗
  - Max repeat: ✗
  - Min ratchet: ✗
  - Max ratchet: ✗
  - Note probability: ✗
  - Tie probability: ✗
  - Accent probability: ✗
  - Repeat probability: ✗
  - Ratchet probability: ✗
  - Unaccented velocity: ✗
[StepSequencerParams] Discovered 1 steps
[StepSequencerParams] Total parameters indexed: 2
[StepSequencerParams] WARNING: Parameter not found - 1:Mod
[StepSequencerParams] WARNING: Parameter not found - 1:Division
[StepSequencerParams] WARNING: Parameter not found - 1:Pattern
[StepSequencerParams] WARNING: Parameter not found - 1:Ties
[StepSequencerParams] WARNING: Parameter not found - 1:Mute
[StepSequencerParams] WARNING: Parameter not found - 1:Skip
[StepSequencerParams] WARNING: Parameter not found - 1:Reset
[StepSequencerParams] WARNING: Parameter not found - 1:Repeat
[StepSequencerParams] Step parameters found:
  - Pitch: 1/1
  - Velocity: 1/1
  - Mod: 0/1
  - Division: 0/1
  - Pattern: 0/1
  - Ties: 0/1
  - Mute: 0/1
  - Skip: 0/1
  - Reset: 0/1
  - Repeat: 0/1
[StepSequencerParams] Global parameters found:
  - Direction: ✗
    [WARNING] Global parameter "Direction" not found
  - Start Step: ✗
    [WARNING] Global parameter "Start Step" not found
  - End Step: ✗
    [WARNING] Global parameter "End Step" not found
  - Gate Length: ✗
    [WARNING] Global parameter "Gate Length" not found
  - Trigger Length: ✗
    [WARNING] Global parameter "Trigger Length" not found
  - Glide Time: ✗
    [WARNING] Global parameter "Glide Time" not found
  - Current Sequence: ✗
    [WARNING] Global parameter "Current Sequence" not found
  - Permutation: ✗
    [WARNING] Global parameter "Permutation" not found
  - Gate Type: ✗
    [WARNING] Global parameter "Gate Type" not found
[StepSequencerParams] Randomize parameters found:
  - Randomise: ✗
  - Randomise what: ✗
  - Note distribution: ✗
  - Min note: ✗
  - Max note: ✗
  - Mean note: ✗
  - Note deviation: ✗
  - Min repeat: ✗
  - Max repeat: ✗
  - Min ratchet: ✗
  - Max ratchet: ✗
  - Note probability: ✗
  - Tie probability: ✗
  - Accent probability: ✗
  - Repeat probability: ✗
  - Ratchet probability: ✗
  - Unaccented velocity: ✗
[StepSequencerParams] WARNING: Parameter not found - 1:Pattern
[StepSequencerParams] Discovered 1 steps
[StepSequencerParams] Total parameters indexed: 2
[StepSequencerParams] WARNING: Parameter not found - 1:Mod
[StepSequencerParams] WARNING: Parameter not found - 1:Division
[StepSequencerParams] WARNING: Parameter not found - 1:Pattern
[StepSequencerParams] WARNING: Parameter not found - 1:Ties
[StepSequencerParams] WARNING: Parameter not found - 1:Mute
[StepSequencerParams] WARNING: Parameter not found - 1:Skip
[StepSequencerParams] WARNING: Parameter not found - 1:Reset
[StepSequencerParams] WARNING: Parameter not found - 1:Repeat
[StepSequencerParams] Step parameters found:
  - Pitch: 1/1
  - Velocity: 1/1
  - Mod: 0/1
  - Division: 0/1
  - Pattern: 0/1
  - Ties: 0/1
  - Mute: 0/1
  - Skip: 0/1
  - Reset: 0/1
  - Repeat: 0/1
[StepSequencerParams] Global parameters found:
  - Direction: ✗
    [WARNING] Global parameter "Direction" not found
  - Start Step: ✗
    [WARNING] Global parameter "Start Step" not found
  - End Step: ✗
    [WARNING] Global parameter "End Step" not found
  - Gate Length: ✗
    [WARNING] Global parameter "Gate Length" not found
  - Trigger Length: ✗
    [WARNING] Global parameter "Trigger Length" not found
  - Glide Time: ✗
    [WARNING] Global parameter "Glide Time" not found
  - Current Sequence: ✗
    [WARNING] Global parameter "Current Sequence" not found
  - Permutation: ✗
    [WARNING] Global parameter "Permutation" not found
  - Gate Type: ✗
    [WARNING] Global parameter "Gate Type" not found
[StepSequencerParams] Randomize parameters found:
  - Randomise: ✗
  - Randomise what: ✗
  - Note distribution: ✗
  - Min note: ✗
  - Max note: ✗
  - Mean note: ✗
  - Note deviation: ✗
  - Min repeat: ✗
  - Max repeat: ✗
  - Min ratchet: ✗
  - Max ratchet: ✗
  - Note probability: ✗
  - Tie probability: ✗
  - Accent probability: ✗
  - Repeat probability: ✗
  - Ratchet probability: ✗
  - Unaccented velocity: ✗
[StepSequencerParams] Discovered 1 steps
[StepSequencerParams] Total parameters indexed: 2
[StepSequencerParams] WARNING: Parameter not found - 1:Mod
[StepSequencerParams] WARNING: Parameter not found - 1:Division
[StepSequencerParams] WARNING: Parameter not found - 1:Pattern
[StepSequencerParams] WARNING: Parameter not found - 1:Ties
[StepSequencerParams] WARNING: Parameter not found - 1:Mute
[StepSequencerParams] WARNING: Parameter not found - 1:Skip
[StepSequencerParams] WARNING: Parameter not found - 1:Reset
[StepSequencerParams] WARNING: Parameter not found - 1:Repeat
[StepSequencerParams] Step parameters found:
  - Pitch: 1/1
  - Velocity: 1/1
  - Mod: 0/1
  - Division: 0/1
  - Pattern: 0/1
  - Ties: 0/1
  - Mute: 0/1
  - Skip: 0/1
  - Reset: 0/1
  - Repeat: 0/1
[StepSequencerParams] Global parameters found:
  - Direction: ✗
    [WARNING] Global parameter "Direction" not found
  - Start Step: ✗
    [WARNING] Global parameter "Start Step" not found
  - End Step: ✗
    [WARNING] Global parameter "End Step" not found
  - Gate Length: ✗
    [WARNING] Global parameter "Gate Length" not found
  - Trigger Length: ✗
    [WARNING] Global parameter "Trigger Length" not found
  - Glide Time: ✗
    [WARNING] Global parameter "Glide Time" not found
  - Current Sequence: ✗
    [WARNING] Global parameter "Current Sequence" not found
  - Permutation: ✗
    [WARNING] Global parameter "Permutation" not found
  - Gate Type: ✗
    [WARNING] Global parameter "Gate Type" not found
[StepSequencerParams] Randomize parameters found:
  - Randomise: ✗
  - Randomise what: ✗
  - Note distribution: ✗
  - Min note: ✗
  - Max note: ✗
  - Mean note: ✗
  - Note deviation: ✗
  - Min repeat: ✗
  - Max repeat: ✗
  - Min ratchet: ✗
  - Max ratchet: ✗
  - Note probability: ✗
  - Tie probability: ✗
  - Accent probability: ✗
  - Repeat probability: ✗
  - Ratchet probability: ✗
  - Unaccented velocity: ✗
[StepSequencerParams] Discovered 1 steps
[StepSequencerParams] Total parameters indexed: 2
[StepSequencerParams] WARNING: Parameter not found - 1:Mod
[StepSequencerParams] WARNING: Parameter not found - 1:Division
[StepSequencerParams] WARNING: Parameter not found - 1:Pattern
[StepSequencerParams] WARNING: Parameter not found - 1:Ties
[StepSequencerParams] WARNING: Parameter not found - 1:Mute
[StepSequencerParams] WARNING: Parameter not found - 1:Skip
[StepSequencerParams] WARNING: Parameter not found - 1:Reset
[StepSequencerParams] WARNING: Parameter not found - 1:Repeat
[StepSequencerParams] Step parameters found:
  - Pitch: 1/1
  - Velocity: 1/1
  - Mod: 0/1
  - Division: 0/1
  - Pattern: 0/1
  - Ties: 0/1
  - Mute: 0/1
  - Skip: 0/1
  - Reset: 0/1
  - Repeat: 0/1
[StepSequencerParams] Global parameters found:
  - Direction: ✗
    [WARNING] Global parameter "Direction" not found
  - Start Step: ✗
    [WARNING] Global parameter "Start Step" not found
  - End Step: ✗
    [WARNING] Global parameter "End Step" not found
  - Gate Length: ✗
    [WARNING] Global parameter "Gate Length" not found
  - Trigger Length: ✗
    [WARNING] Global parameter "Trigger Length" not found
  - Glide Time: ✗
    [WARNING] Global parameter "Glide Time" not found
  - Current Sequence: ✗
    [WARNING] Global parameter "Current Sequence" not found
  - Permutation: ✗
    [WARNING] Global parameter "Permutation" not found
  - Gate Type: ✗
    [WARNING] Global parameter "Gate Type" not found
[StepSequencerParams] Randomize parameters found:
  - Randomise: ✗
  - Randomise what: ✗
  - Note distribution: ✗
  - Min note: ✗
  - Max note: ✗
  - Mean note: ✗
  - Note deviation: ✗
  - Min repeat: ✗
  - Max repeat: ✗
  - Min ratchet: ✗
  - Max ratchet: ✗
  - Note probability: ✗
  - Tie probability: ✗
  - Accent probability: ✗
  - Repeat probability: ✗
  - Ratchet probability: ✗
  - Unaccented velocity: ✗
00:02 +10: StepColumnWidget clamps values to parameter min/max ranges                                                                                                                                  00:02 +10: StepColumnWidget - AC2-6: Probability Parameters (Mute/Skip/Reset/Repeat) displays Mute mode with percentage label                                                                          00:02 +10: StepColumnWidget - AC2-6: Probability Parameters (Mute/Skip/Reset/Repeat) displays Mute mode with percentage label                                                                          
[StepSequencerParams] Discovered 1 steps
[StepSequencerParams] Total parameters indexed: 4
[StepSequencerParams] WARNING: Parameter not found - 1:Pitch
[StepSequencerParams] WARNING: Parameter not found - 1:Velocity
[StepSequencerParams] WARNING: Parameter not found - 1:Mod
[StepSequencerParams] WARNING: Parameter not found - 1:Division
[StepSequencerParams] WARNING: Parameter not found - 1:Pattern
[StepSequencerParams] WARNING: Parameter not found - 1:Ties
[StepSequencerParams] Step parameters found:
  - Pitch: 0/1
  - Velocity: 0/1
  - Mod: 0/1
  - Division: 0/1
  - Pattern: 0/1
  - Ties: 0/1
  - Mute: 1/1
  - Skip: 1/1
  - Reset: 1/1
  - Repeat: 1/1
[StepSequencerParams] Global parameters found:
  - Direction: ✗
    [WARNING] Global parameter "Direction" not found
  - Start Step: ✗
    [WARNING] Global parameter "Start Step" not found
  - End Step: ✗
    [WARNING] Global parameter "End Step" not found
  - Gate Length: ✗
    [WARNING] Global parameter "Gate Length" not found
  - Trigger Length: ✗
    [WARNING] Global parameter "Trigger Length" not found
  - Glide Time: ✗
    [WARNING] Global parameter "Glide Time" not found
  - Current Sequence: ✗
    [WARNING] Global parameter "Current Sequence" not found
  - Permutation: ✗
    [WARNING] Global parameter "Permutation" not found
  - Gate Type: ✗
    [WARNING] Global parameter "Gate Type" not found
[StepSequencerParams] Randomize parameters found:
  - Randomise: ✗
  - Randomise what: ✗
  - Note distribution: ✗
  - Min note: ✗
  - Max note: ✗
  - Mean note: ✗
  - Note deviation: ✗
  - Min repeat: ✗
  - Max repeat: ✗
  - Min ratchet: ✗
  - Max ratchet: ✗
  - Note probability: ✗
  - Tie probability: ✗
  - Accent probability: ✗
  - Repeat probability: ✗
  - Ratchet probability: ✗
  - Unaccented velocity: ✗
[StepSequencerParams] Discovered 1 steps
[StepSequencerParams] Total parameters indexed: 4
[StepSequencerParams] WARNING: Parameter not found - 1:Pitch
[StepSequencerParams] WARNING: Parameter not found - 1:Velocity
[StepSequencerParams] WARNING: Parameter not found - 1:Mod
[StepSequencerParams] WARNING: Parameter not found - 1:Division
[StepSequencerParams] WARNING: Parameter not found - 1:Pattern
[StepSequencerParams] WARNING: Parameter not found - 1:Ties
[StepSequencerParams] Step parameters found:
  - Pitch: 0/1
  - Velocity: 0/1
  - Mod: 0/1
  - Division: 0/1
  - Pattern: 0/1
  - Ties: 0/1
  - Mute: 1/1
  - Skip: 1/1
  - Reset: 1/1
  - Repeat: 1/1
[StepSequencerParams] Global parameters found:
  - Direction: ✗
    [WARNING] Global parameter "Direction" not found
  - Start Step: ✗
    [WARNING] Global parameter "Start Step" not found
  - End Step: ✗
    [WARNING] Global parameter "End Step" not found
  - Gate Length: ✗
    [WARNING] Global parameter "Gate Length" not found
  - Trigger Length: ✗
    [WARNING] Global parameter "Trigger Length" not found
  - Glide Time: ✗
    [WARNING] Global parameter "Glide Time" not found
  - Current Sequence: ✗
    [WARNING] Global parameter "Current Sequence" not found
  - Permutation: ✗
    [WARNING] Global parameter "Permutation" not found
  - Gate Type: ✗
    [WARNING] Global parameter "Gate Type" not found
[StepSequencerParams] Randomize parameters found:
  - Randomise: ✗
  - Randomise what: ✗
  - Note distribution: ✗
  - Min note: ✗
  - Max note: ✗
  - Mean note: ✗
  - Note deviation: ✗
  - Min repeat: ✗
  - Max repeat: ✗
  - Min ratchet: ✗
  - Max ratchet: ✗
  - Note probability: ✗
  - Tie probability: ✗
  - Accent probability: ✗
  - Repeat probability: ✗
  - Ratchet probability: ✗
  - Unaccented velocity: ✗
[StepSequencerParams] Discovered 1 steps
[StepSequencerParams] Total parameters indexed: 4
[StepSequencerParams] WARNING: Parameter not found - 1:Pitch
[StepSequencerParams] WARNING: Parameter not found - 1:Velocity
[StepSequencerParams] WARNING: Parameter not found - 1:Mod
[StepSequencerParams] WARNING: Parameter not found - 1:Division
[StepSequencerParams] WARNING: Parameter not found - 1:Pattern
[StepSequencerParams] WARNING: Parameter not found - 1:Ties
[StepSequencerParams] Step parameters found:
  - Pitch: 0/1
  - Velocity: 0/1
  - Mod: 0/1
  - Division: 0/1
  - Pattern: 0/1
  - Ties: 0/1
  - Mute: 1/1
  - Skip: 1/1
  - Reset: 1/1
  - Repeat: 1/1
[StepSequencerParams] Global parameters found:
  - Direction: ✗
    [WARNING] Global parameter "Direction" not found
  - Start Step: ✗
    [WARNING] Global parameter "Start Step" not found
  - End Step: ✗
    [WARNING] Global parameter "End Step" not found
  - Gate Length: ✗
    [WARNING] Global parameter "Gate Length" not found
  - Trigger Length: ✗
    [WARNING] Global parameter "Trigger Length" not found
  - Glide Time: ✗
    [WARNING] Global parameter "Glide Time" not found
  - Current Sequence: ✗
    [WARNING] Global parameter "Current Sequence" not found
  - Permutation: ✗
    [WARNING] Global parameter "Permutation" not found
  - Gate Type: ✗
    [WARNING] Global parameter "Gate Type" not found
[StepSequencerParams] Randomize parameters found:
  - Randomise: ✗
  - Randomise what: ✗
  - Note distribution: ✗
  - Min note: ✗
  - Max note: ✗
  - Mean note: ✗
  - Note deviation: ✗
  - Min repeat: ✗
  - Max repeat: ✗
  - Min ratchet: ✗
  - Max ratchet: ✗
  - Note probability: ✗
  - Tie probability: ✗
  - Accent probability: ✗
  - Repeat probability: ✗
  - Ratchet probability: ✗
  - Unaccented velocity: ✗
[StepSequencerParams] WARNING: Parameter not found - 1:Pattern
[StepSequencerParams] Discovered 1 steps
[StepSequencerParams] Total parameters indexed: 4
[StepSequencerParams] WARNING: Parameter not found - 1:Pitch
[StepSequencerParams] WARNING: Parameter not found - 1:Velocity
[StepSequencerParams] WARNING: Parameter not found - 1:Mod
[StepSequencerParams] WARNING: Parameter not found - 1:Division
[StepSequencerParams] WARNING: Parameter not found - 1:Pattern
[StepSequencerParams] WARNING: Parameter not found - 1:Ties
[StepSequencerParams] Step parameters found:
  - Pitch: 0/1
  - Velocity: 0/1
  - Mod: 0/1
  - Division: 0/1
  - Pattern: 0/1
  - Ties: 0/1
  - Mute: 1/1
  - Skip: 1/1
  - Reset: 1/1
  - Repeat: 1/1
[StepSequencerParams] Global parameters found:
  - Direction: ✗
    [WARNING] Global parameter "Direction" not found
  - Start Step: ✗
    [WARNING] Global parameter "Start Step" not found
  - End Step: ✗
    [WARNING] Global parameter "End Step" not found
  - Gate Length: ✗
    [WARNING] Global parameter "Gate Length" not found
  - Trigger Length: ✗
    [WARNING] Global parameter "Trigger Length" not found
  - Glide Time: ✗
    [WARNING] Global parameter "Glide Time" not found
  - Current Sequence: ✗
    [WARNING] Global parameter "Current Sequence" not found
  - Permutation: ✗
    [WARNING] Global parameter "Permutation" not found
  - Gate Type: ✗
    [WARNING] Global parameter "Gate Type" not found
[StepSequencerParams] Randomize parameters found:
  - Randomise: ✗
  - Randomise what: ✗
  - Note distribution: ✗
  - Min note: ✗
  - Max note: ✗
  - Mean note: ✗
  - Note deviation: ✗
  - Min repeat: ✗
  - Max repeat: ✗
  - Min ratchet: ✗
  - Max ratchet: ✗
  - Note probability: ✗
  - Tie probability: ✗
  - Accent probability: ✗
  - Repeat probability: ✗
  - Ratchet probability: ✗
  - Unaccented velocity: ✗
[StepSequencerParams] Discovered 1 steps
[StepSequencerParams] Total parameters indexed: 4
[StepSequencerParams] WARNING: Parameter not found - 1:Pitch
[StepSequencerParams] WARNING: Parameter not found - 1:Velocity
[StepSequencerParams] WARNING: Parameter not found - 1:Mod
[StepSequencerParams] WARNING: Parameter not found - 1:Division
[StepSequencerParams] WARNING: Parameter not found - 1:Pattern
[StepSequencerParams] WARNING: Parameter not found - 1:Ties
[StepSequencerParams] Step parameters found:
  - Pitch: 0/1
  - Velocity: 0/1
  - Mod: 0/1
  - Division: 0/1
  - Pattern: 0/1
  - Ties: 0/1
  - Mute: 1/1
  - Skip: 1/1
  - Reset: 1/1
  - Repeat: 1/1
[StepSequencerParams] Global parameters found:
  - Direction: ✗
    [WARNING] Global parameter "Direction" not found
  - Start Step: ✗
    [WARNING] Global parameter "Start Step" not found
  - End Step: ✗
    [WARNING] Global parameter "End Step" not found
  - Gate Length: ✗
    [WARNING] Global parameter "Gate Length" not found
  - Trigger Length: ✗
    [WARNING] Global parameter "Trigger Length" not found
  - Glide Time: ✗
    [WARNING] Global parameter "Glide Time" not found
  - Current Sequence: ✗
    [WARNING] Global parameter "Current Sequence" not found
  - Permutation: ✗
    [WARNING] Global parameter "Permutation" not found
  - Gate Type: ✗
    [WARNING] Global parameter "Gate Type" not found
[StepSequencerParams] Randomize parameters found:
  - Randomise: ✗
  - Randomise what: ✗
  - Note distribution: ✗
  - Min note: ✗
  - Max note: ✗
  - Mean note: ✗
  - Note deviation: ✗
  - Min repeat: ✗
  - Max repeat: ✗
  - Min ratchet: ✗
  - Max ratchet: ✗
  - Note probability: ✗
  - Tie probability: ✗
  - Accent probability: ✗
  - Repeat probability: ✗
  - Ratchet probability: ✗
  - Unaccented velocity: ✗
00:02 +11: StepColumnWidget - AC2-6: Probability Parameters (Mute/Skip/Reset/Repeat) displays Mute mode with percentage label                                                                          00:02 +11: StepColumnWidget - AC2-6: Probability Parameters (Mute/Skip/Reset/Repeat) displays Skip mode with percentage label                                                                          00:02 +11: StepColumnWidget - AC2-6: Probability Parameters (Mute/Skip/Reset/Repeat) displays Skip mode with percentage label                                                                          
[StepSequencerParams] Discovered 1 steps
[StepSequencerParams] Total parameters indexed: 4
[StepSequencerParams] WARNING: Parameter not found - 1:Pitch
[StepSequencerParams] WARNING: Parameter not found - 1:Velocity
[StepSequencerParams] WARNING: Parameter not found - 1:Mod
[StepSequencerParams] WARNING: Parameter not found - 1:Division
[StepSequencerParams] WARNING: Parameter not found - 1:Pattern
[StepSequencerParams] WARNING: Parameter not found - 1:Ties
[StepSequencerParams] Step parameters found:
  - Pitch: 0/1
  - Velocity: 0/1
  - Mod: 0/1
  - Division: 0/1
  - Pattern: 0/1
  - Ties: 0/1
  - Mute: 1/1
  - Skip: 1/1
  - Reset: 1/1
  - Repeat: 1/1
[StepSequencerParams] Global parameters found:
  - Direction: ✗
    [WARNING] Global parameter "Direction" not found
  - Start Step: ✗
    [WARNING] Global parameter "Start Step" not found
  - End Step: ✗
    [WARNING] Global parameter "End Step" not found
  - Gate Length: ✗
    [WARNING] Global parameter "Gate Length" not found
  - Trigger Length: ✗
    [WARNING] Global parameter "Trigger Length" not found
  - Glide Time: ✗
    [WARNING] Global parameter "Glide Time" not found
  - Current Sequence: ✗
    [WARNING] Global parameter "Current Sequence" not found
  - Permutation: ✗
    [WARNING] Global parameter "Permutation" not found
  - Gate Type: ✗
    [WARNING] Global parameter "Gate Type" not found
[StepSequencerParams] Randomize parameters found:
  - Randomise: ✗
  - Randomise what: ✗
  - Note distribution: ✗
  - Min note: ✗
  - Max note: ✗
  - Mean note: ✗
  - Note deviation: ✗
  - Min repeat: ✗
  - Max repeat: ✗
  - Min ratchet: ✗
  - Max ratchet: ✗
  - Note probability: ✗
  - Tie probability: ✗
  - Accent probability: ✗
  - Repeat probability: ✗
  - Ratchet probability: ✗
  - Unaccented velocity: ✗
[StepSequencerParams] Discovered 1 steps
[StepSequencerParams] Total parameters indexed: 4
[StepSequencerParams] WARNING: Parameter not found - 1:Pitch
[StepSequencerParams] WARNING: Parameter not found - 1:Velocity
[StepSequencerParams] WARNING: Parameter not found - 1:Mod
[StepSequencerParams] WARNING: Parameter not found - 1:Division
[StepSequencerParams] WARNING: Parameter not found - 1:Pattern
[StepSequencerParams] WARNING: Parameter not found - 1:Ties
[StepSequencerParams] Step parameters found:
  - Pitch: 0/1
  - Velocity: 0/1
  - Mod: 0/1
  - Division: 0/1
  - Pattern: 0/1
  - Ties: 0/1
  - Mute: 1/1
  - Skip: 1/1
  - Reset: 1/1
  - Repeat: 1/1
[StepSequencerParams] Global parameters found:
  - Direction: ✗
    [WARNING] Global parameter "Direction" not found
  - Start Step: ✗
    [WARNING] Global parameter "Start Step" not found
  - End Step: ✗
    [WARNING] Global parameter "End Step" not found
  - Gate Length: ✗
    [WARNING] Global parameter "Gate Length" not found
  - Trigger Length: ✗
    [WARNING] Global parameter "Trigger Length" not found
  - Glide Time: ✗
    [WARNING] Global parameter "Glide Time" not found
  - Current Sequence: ✗
    [WARNING] Global parameter "Current Sequence" not found
  - Permutation: ✗
    [WARNING] Global parameter "Permutation" not found
  - Gate Type: ✗
    [WARNING] Global parameter "Gate Type" not found
[StepSequencerParams] Randomize parameters found:
  - Randomise: ✗
  - Randomise what: ✗
  - Note distribution: ✗
  - Min note: ✗
  - Max note: ✗
  - Mean note: ✗
  - Note deviation: ✗
  - Min repeat: ✗
  - Max repeat: ✗
  - Min ratchet: ✗
  - Max ratchet: ✗
  - Note probability: ✗
  - Tie probability: ✗
  - Accent probability: ✗
  - Repeat probability: ✗
  - Ratchet probability: ✗
  - Unaccented velocity: ✗
[StepSequencerParams] Discovered 1 steps
[StepSequencerParams] Total parameters indexed: 4
[StepSequencerParams] WARNING: Parameter not found - 1:Pitch
[StepSequencerParams] WARNING: Parameter not found - 1:Velocity
[StepSequencerParams] WARNING: Parameter not found - 1:Mod
[StepSequencerParams] WARNING: Parameter not found - 1:Division
[StepSequencerParams] WARNING: Parameter not found - 1:Pattern
[StepSequencerParams] WARNING: Parameter not found - 1:Ties
[StepSequencerParams] Step parameters found:
  - Pitch: 0/1
  - Velocity: 0/1
  - Mod: 0/1
  - Division: 0/1
  - Pattern: 0/1
  - Ties: 0/1
  - Mute: 1/1
  - Skip: 1/1
  - Reset: 1/1
  - Repeat: 1/1
[StepSequencerParams] Global parameters found:
  - Direction: ✗
    [WARNING] Global parameter "Direction" not found
  - Start Step: ✗
    [WARNING] Global parameter "Start Step" not found
  - End Step: ✗
    [WARNING] Global parameter "End Step" not found
  - Gate Length: ✗
    [WARNING] Global parameter "Gate Length" not found
  - Trigger Length: ✗
    [WARNING] Global parameter "Trigger Length" not found
  - Glide Time: ✗
    [WARNING] Global parameter "Glide Time" not found
  - Current Sequence: ✗
    [WARNING] Global parameter "Current Sequence" not found
  - Permutation: ✗
    [WARNING] Global parameter "Permutation" not found
  - Gate Type: ✗
    [WARNING] Global parameter "Gate Type" not found
[StepSequencerParams] Randomize parameters found:
  - Randomise: ✗
  - Randomise what: ✗
  - Note distribution: ✗
  - Min note: ✗
  - Max note: ✗
  - Mean note: ✗
  - Note deviation: ✗
  - Min repeat: ✗
  - Max repeat: ✗
  - Min ratchet: ✗
  - Max ratchet: ✗
  - Note probability: ✗
  - Tie probability: ✗
  - Accent probability: ✗
  - Repeat probability: ✗
  - Ratchet probability: ✗
  - Unaccented velocity: ✗
[StepSequencerParams] WARNING: Parameter not found - 1:Pattern
[StepSequencerParams] Discovered 1 steps
[StepSequencerParams] Total parameters indexed: 4
[StepSequencerParams] WARNING: Parameter not found - 1:Pitch
[StepSequencerParams] WARNING: Parameter not found - 1:Velocity
[StepSequencerParams] WARNING: Parameter not found - 1:Mod
[StepSequencerParams] WARNING: Parameter not found - 1:Division
[StepSequencerParams] WARNING: Parameter not found - 1:Pattern
[StepSequencerParams] WARNING: Parameter not found - 1:Ties
[StepSequencerParams] Step parameters found:
  - Pitch: 0/1
  - Velocity: 0/1
  - Mod: 0/1
  - Division: 0/1
  - Pattern: 0/1
  - Ties: 0/1
  - Mute: 1/1
  - Skip: 1/1
  - Reset: 1/1
  - Repeat: 1/1
[StepSequencerParams] Global parameters found:
  - Direction: ✗
    [WARNING] Global parameter "Direction" not found
  - Start Step: ✗
    [WARNING] Global parameter "Start Step" not found
  - End Step: ✗
    [WARNING] Global parameter "End Step" not found
  - Gate Length: ✗
    [WARNING] Global parameter "Gate Length" not found
  - Trigger Length: ✗
    [WARNING] Global parameter "Trigger Length" not found
  - Glide Time: ✗
    [WARNING] Global parameter "Glide Time" not found
  - Current Sequence: ✗
    [WARNING] Global parameter "Current Sequence" not found
  - Permutation: ✗
    [WARNING] Global parameter "Permutation" not found
  - Gate Type: ✗
    [WARNING] Global parameter "Gate Type" not found
[StepSequencerParams] Randomize parameters found:
  - Randomise: ✗
  - Randomise what: ✗
  - Note distribution: ✗
  - Min note: ✗
  - Max note: ✗
  - Mean note: ✗
  - Note deviation: ✗
  - Min repeat: ✗
  - Max repeat: ✗
  - Min ratchet: ✗
  - Max ratchet: ✗
  - Note probability: ✗
  - Tie probability: ✗
  - Accent probability: ✗
  - Repeat probability: ✗
  - Ratchet probability: ✗
  - Unaccented velocity: ✗
[StepSequencerParams] Discovered 1 steps
[StepSequencerParams] Total parameters indexed: 4
[StepSequencerParams] WARNING: Parameter not found - 1:Pitch
[StepSequencerParams] WARNING: Parameter not found - 1:Velocity
[StepSequencerParams] WARNING: Parameter not found - 1:Mod
[StepSequencerParams] WARNING: Parameter not found - 1:Division
[StepSequencerParams] WARNING: Parameter not found - 1:Pattern
[StepSequencerParams] WARNING: Parameter not found - 1:Ties
[StepSequencerParams] Step parameters found:
  - Pitch: 0/1
  - Velocity: 0/1
  - Mod: 0/1
  - Division: 0/1
  - Pattern: 0/1
  - Ties: 0/1
  - Mute: 1/1
  - Skip: 1/1
  - Reset: 1/1
  - Repeat: 1/1
[StepSequencerParams] Global parameters found:
  - Direction: ✗
    [WARNING] Global parameter "Direction" not found
  - Start Step: ✗
    [WARNING] Global parameter "Start Step" not found
  - End Step: ✗
    [WARNING] Global parameter "End Step" not found
  - Gate Length: ✗
    [WARNING] Global parameter "Gate Length" not found
  - Trigger Length: ✗
    [WARNING] Global parameter "Trigger Length" not found
  - Glide Time: ✗
    [WARNING] Global parameter "Glide Time" not found
  - Current Sequence: ✗
    [WARNING] Global parameter "Current Sequence" not found
  - Permutation: ✗
    [WARNING] Global parameter "Permutation" not found
  - Gate Type: ✗
    [WARNING] Global parameter "Gate Type" not found
[StepSequencerParams] Randomize parameters found:
  - Randomise: ✗
  - Randomise what: ✗
  - Note distribution: ✗
  - Min note: ✗
  - Max note: ✗
  - Mean note: ✗
  - Note deviation: ✗
  - Min repeat: ✗
  - Max repeat: ✗
  - Min ratchet: ✗
  - Max ratchet: ✗
  - Note probability: ✗
  - Tie probability: ✗
  - Accent probability: ✗
  - Repeat probability: ✗
  - Ratchet probability: ✗
  - Unaccented velocity: ✗
00:02 +12: StepColumnWidget - AC2-6: Probability Parameters (Mute/Skip/Reset/Repeat) displays Skip mode with percentage label                                                                          00:02 +12: StepColumnWidget - AC2-6: Probability Parameters (Mute/Skip/Reset/Repeat) displays Reset mode with percentage label                                                                         00:02 +12: StepColumnWidget - AC2-6: Probability Parameters (Mute/Skip/Reset/Repeat) displays Reset mode with percentage label                                                                         
[StepSequencerParams] Discovered 1 steps
[StepSequencerParams] Total parameters indexed: 4
[StepSequencerParams] WARNING: Parameter not found - 1:Pitch
[StepSequencerParams] WARNING: Parameter not found - 1:Velocity
[StepSequencerParams] WARNING: Parameter not found - 1:Mod
[StepSequencerParams] WARNING: Parameter not found - 1:Division
[StepSequencerParams] WARNING: Parameter not found - 1:Pattern
[StepSequencerParams] WARNING: Parameter not found - 1:Ties
[StepSequencerParams] Step parameters found:
  - Pitch: 0/1
  - Velocity: 0/1
  - Mod: 0/1
  - Division: 0/1
  - Pattern: 0/1
  - Ties: 0/1
  - Mute: 1/1
  - Skip: 1/1
  - Reset: 1/1
  - Repeat: 1/1
[StepSequencerParams] Global parameters found:
  - Direction: ✗
    [WARNING] Global parameter "Direction" not found
  - Start Step: ✗
    [WARNING] Global parameter "Start Step" not found
  - End Step: ✗
    [WARNING] Global parameter "End Step" not found
  - Gate Length: ✗
    [WARNING] Global parameter "Gate Length" not found
  - Trigger Length: ✗
    [WARNING] Global parameter "Trigger Length" not found
  - Glide Time: ✗
    [WARNING] Global parameter "Glide Time" not found
  - Current Sequence: ✗
    [WARNING] Global parameter "Current Sequence" not found
  - Permutation: ✗
    [WARNING] Global parameter "Permutation" not found
  - Gate Type: ✗
    [WARNING] Global parameter "Gate Type" not found
[StepSequencerParams] Randomize parameters found:
  - Randomise: ✗
  - Randomise what: ✗
  - Note distribution: ✗
  - Min note: ✗
  - Max note: ✗
  - Mean note: ✗
  - Note deviation: ✗
  - Min repeat: ✗
  - Max repeat: ✗
  - Min ratchet: ✗
  - Max ratchet: ✗
  - Note probability: ✗
  - Tie probability: ✗
  - Accent probability: ✗
  - Repeat probability: ✗
  - Ratchet probability: ✗
  - Unaccented velocity: ✗
[StepSequencerParams] Discovered 1 steps
[StepSequencerParams] Total parameters indexed: 4
[StepSequencerParams] WARNING: Parameter not found - 1:Pitch
[StepSequencerParams] WARNING: Parameter not found - 1:Velocity
[StepSequencerParams] WARNING: Parameter not found - 1:Mod
[StepSequencerParams] WARNING: Parameter not found - 1:Division
[StepSequencerParams] WARNING: Parameter not found - 1:Pattern
[StepSequencerParams] WARNING: Parameter not found - 1:Ties
[StepSequencerParams] Step parameters found:
  - Pitch: 0/1
  - Velocity: 0/1
  - Mod: 0/1
  - Division: 0/1
  - Pattern: 0/1
  - Ties: 0/1
  - Mute: 1/1
  - Skip: 1/1
  - Reset: 1/1
  - Repeat: 1/1
[StepSequencerParams] Global parameters found:
  - Direction: ✗
    [WARNING] Global parameter "Direction" not found
  - Start Step: ✗
    [WARNING] Global parameter "Start Step" not found
  - End Step: ✗
    [WARNING] Global parameter "End Step" not found
  - Gate Length: ✗
    [WARNING] Global parameter "Gate Length" not found
  - Trigger Length: ✗
    [WARNING] Global parameter "Trigger Length" not found
  - Glide Time: ✗
    [WARNING] Global parameter "Glide Time" not found
  - Current Sequence: ✗
    [WARNING] Global parameter "Current Sequence" not found
  - Permutation: ✗
    [WARNING] Global parameter "Permutation" not found
  - Gate Type: ✗
    [WARNING] Global parameter "Gate Type" not found
[StepSequencerParams] Randomize parameters found:
  - Randomise: ✗
  - Randomise what: ✗
  - Note distribution: ✗
  - Min note: ✗
  - Max note: ✗
  - Mean note: ✗
  - Note deviation: ✗
  - Min repeat: ✗
  - Max repeat: ✗
  - Min ratchet: ✗
  - Max ratchet: ✗
  - Note probability: ✗
  - Tie probability: ✗
  - Accent probability: ✗
  - Repeat probability: ✗
  - Ratchet probability: ✗
  - Unaccented velocity: ✗
[StepSequencerParams] Discovered 1 steps
[StepSequencerParams] Total parameters indexed: 4
[StepSequencerParams] WARNING: Parameter not found - 1:Pitch
[StepSequencerParams] WARNING: Parameter not found - 1:Velocity
[StepSequencerParams] WARNING: Parameter not found - 1:Mod
[StepSequencerParams] WARNING: Parameter not found - 1:Division
[StepSequencerParams] WARNING: Parameter not found - 1:Pattern
[StepSequencerParams] WARNING: Parameter not found - 1:Ties
[StepSequencerParams] Step parameters found:
  - Pitch: 0/1
  - Velocity: 0/1
  - Mod: 0/1
  - Division: 0/1
  - Pattern: 0/1
  - Ties: 0/1
  - Mute: 1/1
  - Skip: 1/1
  - Reset: 1/1
  - Repeat: 1/1
[StepSequencerParams] Global parameters found:
  - Direction: ✗
    [WARNING] Global parameter "Direction" not found
  - Start Step: ✗
    [WARNING] Global parameter "Start Step" not found
  - End Step: ✗
    [WARNING] Global parameter "End Step" not found
  - Gate Length: ✗
    [WARNING] Global parameter "Gate Length" not found
  - Trigger Length: ✗
    [WARNING] Global parameter "Trigger Length" not found
  - Glide Time: ✗
    [WARNING] Global parameter "Glide Time" not found
  - Current Sequence: ✗
    [WARNING] Global parameter "Current Sequence" not found
  - Permutation: ✗
    [WARNING] Global parameter "Permutation" not found
  - Gate Type: ✗
    [WARNING] Global parameter "Gate Type" not found
[StepSequencerParams] Randomize parameters found:
  - Randomise: ✗
  - Randomise what: ✗
  - Note distribution: ✗
  - Min note: ✗
  - Max note: ✗
  - Mean note: ✗
  - Note deviation: ✗
  - Min repeat: ✗
  - Max repeat: ✗
  - Min ratchet: ✗
  - Max ratchet: ✗
  - Note probability: ✗
  - Tie probability: ✗
  - Accent probability: ✗
  - Repeat probability: ✗
  - Ratchet probability: ✗
  - Unaccented velocity: ✗
[StepSequencerParams] WARNING: Parameter not found - 1:Pattern
[StepSequencerParams] Discovered 1 steps
[StepSequencerParams] Total parameters indexed: 4
[StepSequencerParams] WARNING: Parameter not found - 1:Pitch
[StepSequencerParams] WARNING: Parameter not found - 1:Velocity
[StepSequencerParams] WARNING: Parameter not found - 1:Mod
[StepSequencerParams] WARNING: Parameter not found - 1:Division
[StepSequencerParams] WARNING: Parameter not found - 1:Pattern
[StepSequencerParams] WARNING: Parameter not found - 1:Ties
[StepSequencerParams] Step parameters found:
  - Pitch: 0/1
  - Velocity: 0/1
  - Mod: 0/1
  - Division: 0/1
  - Pattern: 0/1
  - Ties: 0/1
  - Mute: 1/1
  - Skip: 1/1
  - Reset: 1/1
  - Repeat: 1/1
[StepSequencerParams] Global parameters found:
  - Direction: ✗
    [WARNING] Global parameter "Direction" not found
  - Start Step: ✗
    [WARNING] Global parameter "Start Step" not found
  - End Step: ✗
    [WARNING] Global parameter "End Step" not found
  - Gate Length: ✗
    [WARNING] Global parameter "Gate Length" not found
  - Trigger Length: ✗
    [WARNING] Global parameter "Trigger Length" not found
  - Glide Time: ✗
    [WARNING] Global parameter "Glide Time" not found
  - Current Sequence: ✗
    [WARNING] Global parameter "Current Sequence" not found
  - Permutation: ✗
    [WARNING] Global parameter "Permutation" not found
  - Gate Type: ✗
    [WARNING] Global parameter "Gate Type" not found
[StepSequencerParams] Randomize parameters found:
  - Randomise: ✗
  - Randomise what: ✗
  - Note distribution: ✗
  - Min note: ✗
  - Max note: ✗
  - Mean note: ✗
  - Note deviation: ✗
  - Min repeat: ✗
  - Max repeat: ✗
  - Min ratchet: ✗
  - Max ratchet: ✗
  - Note probability: ✗
  - Tie probability: ✗
  - Accent probability: ✗
  - Repeat probability: ✗
  - Ratchet probability: ✗
  - Unaccented velocity: ✗
[StepSequencerParams] Discovered 1 steps
[StepSequencerParams] Total parameters indexed: 4
[StepSequencerParams] WARNING: Parameter not found - 1:Pitch
[StepSequencerParams] WARNING: Parameter not found - 1:Velocity
[StepSequencerParams] WARNING: Parameter not found - 1:Mod
[StepSequencerParams] WARNING: Parameter not found - 1:Division
[StepSequencerParams] WARNING: Parameter not found - 1:Pattern
[StepSequencerParams] WARNING: Parameter not found - 1:Ties
[StepSequencerParams] Step parameters found:
  - Pitch: 0/1
  - Velocity: 0/1
  - Mod: 0/1
  - Division: 0/1
  - Pattern: 0/1
  - Ties: 0/1
  - Mute: 1/1
  - Skip: 1/1
  - Reset: 1/1
  - Repeat: 1/1
[StepSequencerParams] Global parameters found:
  - Direction: ✗
    [WARNING] Global parameter "Direction" not found
  - Start Step: ✗
    [WARNING] Global parameter "Start Step" not found
  - End Step: ✗
    [WARNING] Global parameter "End Step" not found
  - Gate Length: ✗
    [WARNING] Global parameter "Gate Length" not found
  - Trigger Length: ✗
    [WARNING] Global parameter "Trigger Length" not found
  - Glide Time: ✗
    [WARNING] Global parameter "Glide Time" not found
  - Current Sequence: ✗
    [WARNING] Global parameter "Current Sequence" not found
  - Permutation: ✗
    [WARNING] Global parameter "Permutation" not found
  - Gate Type: ✗
    [WARNING] Global parameter "Gate Type" not found
[StepSequencerParams] Randomize parameters found:
  - Randomise: ✗
  - Randomise what: ✗
  - Note distribution: ✗
  - Min note: ✗
  - Max note: ✗
  - Mean note: ✗
  - Note deviation: ✗
  - Min repeat: ✗
  - Max repeat: ✗
  - Min ratchet: ✗
  - Max ratchet: ✗
  - Note probability: ✗
  - Tie probability: ✗
  - Accent probability: ✗
  - Repeat probability: ✗
  - Ratchet probability: ✗
  - Unaccented velocity: ✗
00:02 +13: StepColumnWidget - AC2-6: Probability Parameters (Mute/Skip/Reset/Repeat) displays Reset mode with percentage label                                                                         00:02 +13: StepColumnWidget - AC2-6: Probability Parameters (Mute/Skip/Reset/Repeat) displays Repeat mode with percentage label                                                                        00:02 +13: StepColumnWidget - AC2-6: Probability Parameters (Mute/Skip/Reset/Repeat) displays Repeat mode with percentage label                                                                        
[StepSequencerParams] Discovered 1 steps
[StepSequencerParams] Total parameters indexed: 4
[StepSequencerParams] WARNING: Parameter not found - 1:Pitch
[StepSequencerParams] WARNING: Parameter not found - 1:Velocity
[StepSequencerParams] WARNING: Parameter not found - 1:Mod
[StepSequencerParams] WARNING: Parameter not found - 1:Division
[StepSequencerParams] WARNING: Parameter not found - 1:Pattern
[StepSequencerParams] WARNING: Parameter not found - 1:Ties
[StepSequencerParams] Step parameters found:
  - Pitch: 0/1
  - Velocity: 0/1
  - Mod: 0/1
  - Division: 0/1
  - Pattern: 0/1
  - Ties: 0/1
  - Mute: 1/1
  - Skip: 1/1
  - Reset: 1/1
  - Repeat: 1/1
[StepSequencerParams] Global parameters found:
  - Direction: ✗
    [WARNING] Global parameter "Direction" not found
  - Start Step: ✗
    [WARNING] Global parameter "Start Step" not found
  - End Step: ✗
    [WARNING] Global parameter "End Step" not found
  - Gate Length: ✗
    [WARNING] Global parameter "Gate Length" not found
  - Trigger Length: ✗
    [WARNING] Global parameter "Trigger Length" not found
  - Glide Time: ✗
    [WARNING] Global parameter "Glide Time" not found
  - Current Sequence: ✗
    [WARNING] Global parameter "Current Sequence" not found
  - Permutation: ✗
    [WARNING] Global parameter "Permutation" not found
  - Gate Type: ✗
    [WARNING] Global parameter "Gate Type" not found
[StepSequencerParams] Randomize parameters found:
  - Randomise: ✗
  - Randomise what: ✗
  - Note distribution: ✗
  - Min note: ✗
  - Max note: ✗
  - Mean note: ✗
  - Note deviation: ✗
  - Min repeat: ✗
  - Max repeat: ✗
  - Min ratchet: ✗
  - Max ratchet: ✗
  - Note probability: ✗
  - Tie probability: ✗
  - Accent probability: ✗
  - Repeat probability: ✗
  - Ratchet probability: ✗
  - Unaccented velocity: ✗
[StepSequencerParams] Discovered 1 steps
[StepSequencerParams] Total parameters indexed: 4
[StepSequencerParams] WARNING: Parameter not found - 1:Pitch
[StepSequencerParams] WARNING: Parameter not found - 1:Velocity
[StepSequencerParams] WARNING: Parameter not found - 1:Mod
[StepSequencerParams] WARNING: Parameter not found - 1:Division
[StepSequencerParams] WARNING: Parameter not found - 1:Pattern
[StepSequencerParams] WARNING: Parameter not found - 1:Ties
[StepSequencerParams] Step parameters found:
  - Pitch: 0/1
  - Velocity: 0/1
  - Mod: 0/1
  - Division: 0/1
  - Pattern: 0/1
  - Ties: 0/1
  - Mute: 1/1
  - Skip: 1/1
  - Reset: 1/1
  - Repeat: 1/1
[StepSequencerParams] Global parameters found:
  - Direction: ✗
    [WARNING] Global parameter "Direction" not found
  - Start Step: ✗
    [WARNING] Global parameter "Start Step" not found
  - End Step: ✗
    [WARNING] Global parameter "End Step" not found
  - Gate Length: ✗
    [WARNING] Global parameter "Gate Length" not found
  - Trigger Length: ✗
    [WARNING] Global parameter "Trigger Length" not found
  - Glide Time: ✗
    [WARNING] Global parameter "Glide Time" not found
  - Current Sequence: ✗
    [WARNING] Global parameter "Current Sequence" not found
  - Permutation: ✗
    [WARNING] Global parameter "Permutation" not found
  - Gate Type: ✗
    [WARNING] Global parameter "Gate Type" not found
[StepSequencerParams] Randomize parameters found:
  - Randomise: ✗
  - Randomise what: ✗
  - Note distribution: ✗
  - Min note: ✗
  - Max note: ✗
  - Mean note: ✗
  - Note deviation: ✗
  - Min repeat: ✗
  - Max repeat: ✗
  - Min ratchet: ✗
  - Max ratchet: ✗
  - Note probability: ✗
  - Tie probability: ✗
  - Accent probability: ✗
  - Repeat probability: ✗
  - Ratchet probability: ✗
  - Unaccented velocity: ✗
[StepSequencerParams] Discovered 1 steps
[StepSequencerParams] Total parameters indexed: 4
[StepSequencerParams] WARNING: Parameter not found - 1:Pitch
[StepSequencerParams] WARNING: Parameter not found - 1:Velocity
[StepSequencerParams] WARNING: Parameter not found - 1:Mod
[StepSequencerParams] WARNING: Parameter not found - 1:Division
[StepSequencerParams] WARNING: Parameter not found - 1:Pattern
[StepSequencerParams] WARNING: Parameter not found - 1:Ties
[StepSequencerParams] Step parameters found:
  - Pitch: 0/1
  - Velocity: 0/1
  - Mod: 0/1
  - Division: 0/1
  - Pattern: 0/1
  - Ties: 0/1
  - Mute: 1/1
  - Skip: 1/1
  - Reset: 1/1
  - Repeat: 1/1
[StepSequencerParams] Global parameters found:
  - Direction: ✗
    [WARNING] Global parameter "Direction" not found
  - Start Step: ✗
    [WARNING] Global parameter "Start Step" not found
  - End Step: ✗
    [WARNING] Global parameter "End Step" not found
  - Gate Length: ✗
    [WARNING] Global parameter "Gate Length" not found
  - Trigger Length: ✗
    [WARNING] Global parameter "Trigger Length" not found
  - Glide Time: ✗
    [WARNING] Global parameter "Glide Time" not found
  - Current Sequence: ✗
    [WARNING] Global parameter "Current Sequence" not found
  - Permutation: ✗
    [WARNING] Global parameter "Permutation" not found
  - Gate Type: ✗
    [WARNING] Global parameter "Gate Type" not found
[StepSequencerParams] Randomize parameters found:
  - Randomise: ✗
  - Randomise what: ✗
  - Note distribution: ✗
  - Min note: ✗
  - Max note: ✗
  - Mean note: ✗
  - Note deviation: ✗
  - Min repeat: ✗
  - Max repeat: ✗
  - Min ratchet: ✗
  - Max ratchet: ✗
  - Note probability: ✗
  - Tie probability: ✗
  - Accent probability: ✗
  - Repeat probability: ✗
  - Ratchet probability: ✗
  - Unaccented velocity: ✗
[StepSequencerParams] WARNING: Parameter not found - 1:Pattern
[StepSequencerParams] Discovered 1 steps
[StepSequencerParams] Total parameters indexed: 4
[StepSequencerParams] WARNING: Parameter not found - 1:Pitch
[StepSequencerParams] WARNING: Parameter not found - 1:Velocity
[StepSequencerParams] WARNING: Parameter not found - 1:Mod
[StepSequencerParams] WARNING: Parameter not found - 1:Division
[StepSequencerParams] WARNING: Parameter not found - 1:Pattern
[StepSequencerParams] WARNING: Parameter not found - 1:Ties
[StepSequencerParams] Step parameters found:
  - Pitch: 0/1
  - Velocity: 0/1
  - Mod: 0/1
  - Division: 0/1
  - Pattern: 0/1
  - Ties: 0/1
  - Mute: 1/1
  - Skip: 1/1
  - Reset: 1/1
  - Repeat: 1/1
[StepSequencerParams] Global parameters found:
  - Direction: ✗
    [WARNING] Global parameter "Direction" not found
  - Start Step: ✗
    [WARNING] Global parameter "Start Step" not found
  - End Step: ✗
    [WARNING] Global parameter "End Step" not found
  - Gate Length: ✗
    [WARNING] Global parameter "Gate Length" not found
  - Trigger Length: ✗
    [WARNING] Global parameter "Trigger Length" not found
  - Glide Time: ✗
    [WARNING] Global parameter "Glide Time" not found
  - Current Sequence: ✗
    [WARNING] Global parameter "Current Sequence" not found
  - Permutation: ✗
    [WARNING] Global parameter "Permutation" not found
  - Gate Type: ✗
    [WARNING] Global parameter "Gate Type" not found
[StepSequencerParams] Randomize parameters found:
  - Randomise: ✗
  - Randomise what: ✗
  - Note distribution: ✗
  - Min note: ✗
  - Max note: ✗
  - Mean note: ✗
  - Note deviation: ✗
  - Min repeat: ✗
  - Max repeat: ✗
  - Min ratchet: ✗
  - Max ratchet: ✗
  - Note probability: ✗
  - Tie probability: ✗
  - Accent probability: ✗
  - Repeat probability: ✗
  - Ratchet probability: ✗
  - Unaccented velocity: ✗
[StepSequencerParams] Discovered 1 steps
[StepSequencerParams] Total parameters indexed: 4
[StepSequencerParams] WARNING: Parameter not found - 1:Pitch
[StepSequencerParams] WARNING: Parameter not found - 1:Velocity
[StepSequencerParams] WARNING: Parameter not found - 1:Mod
[StepSequencerParams] WARNING: Parameter not found - 1:Division
[StepSequencerParams] WARNING: Parameter not found - 1:Pattern
[StepSequencerParams] WARNING: Parameter not found - 1:Ties
[StepSequencerParams] Step parameters found:
  - Pitch: 0/1
  - Velocity: 0/1
  - Mod: 0/1
  - Division: 0/1
  - Pattern: 0/1
  - Ties: 0/1
  - Mute: 1/1
  - Skip: 1/1
  - Reset: 1/1
  - Repeat: 1/1
[StepSequencerParams] Global parameters found:
  - Direction: ✗
    [WARNING] Global parameter "Direction" not found
  - Start Step: ✗
    [WARNING] Global parameter "Start Step" not found
  - End Step: ✗
    [WARNING] Global parameter "End Step" not found
  - Gate Length: ✗
    [WARNING] Global parameter "Gate Length" not found
  - Trigger Length: ✗
    [WARNING] Global parameter "Trigger Length" not found
  - Glide Time: ✗
    [WARNING] Global parameter "Glide Time" not found
  - Current Sequence: ✗
    [WARNING] Global parameter "Current Sequence" not found
  - Permutation: ✗
    [WARNING] Global parameter "Permutation" not found
  - Gate Type: ✗
    [WARNING] Global parameter "Gate Type" not found
[StepSequencerParams] Randomize parameters found:
  - Randomise: ✗
  - Randomise what: ✗
  - Note distribution: ✗
  - Min note: ✗
  - Max note: ✗
  - Mean note: ✗
  - Note deviation: ✗
  - Min repeat: ✗
  - Max repeat: ✗
  - Min ratchet: ✗
  - Max ratchet: ✗
  - Note probability: ✗
  - Tie probability: ✗
  - Accent probability: ✗
  - Repeat probability: ✗
  - Ratchet probability: ✗
  - Unaccented velocity: ✗
00:02 +14: StepColumnWidget - AC2-6: Probability Parameters (Mute/Skip/Reset/Repeat) displays Repeat mode with percentage label                                                                        00:02 +14: StepColumnWidget - AC2-6: Probability Parameters (Mute/Skip/Reset/Repeat) displays probability bars with correct colors                                                                     00:02 +14: StepColumnWidget - AC2-6: Probability Parameters (Mute/Skip/Reset/Repeat) displays probability bars with correct colors                                                                     
[StepSequencerParams] Discovered 1 steps
[StepSequencerParams] Total parameters indexed: 4
[StepSequencerParams] WARNING: Parameter not found - 1:Pitch
[StepSequencerParams] WARNING: Parameter not found - 1:Velocity
[StepSequencerParams] WARNING: Parameter not found - 1:Mod
[StepSequencerParams] WARNING: Parameter not found - 1:Division
[StepSequencerParams] WARNING: Parameter not found - 1:Pattern
[StepSequencerParams] WARNING: Parameter not found - 1:Ties
[StepSequencerParams] Step parameters found:
  - Pitch: 0/1
  - Velocity: 0/1
  - Mod: 0/1
  - Division: 0/1
  - Pattern: 0/1
  - Ties: 0/1
  - Mute: 1/1
  - Skip: 1/1
  - Reset: 1/1
  - Repeat: 1/1
[StepSequencerParams] Global parameters found:
  - Direction: ✗
    [WARNING] Global parameter "Direction" not found
  - Start Step: ✗
    [WARNING] Global parameter "Start Step" not found
  - End Step: ✗
    [WARNING] Global parameter "End Step" not found
  - Gate Length: ✗
    [WARNING] Global parameter "Gate Length" not found
  - Trigger Length: ✗
    [WARNING] Global parameter "Trigger Length" not found
  - Glide Time: ✗
    [WARNING] Global parameter "Glide Time" not found
  - Current Sequence: ✗
    [WARNING] Global parameter "Current Sequence" not found
  - Permutation: ✗
    [WARNING] Global parameter "Permutation" not found
  - Gate Type: ✗
    [WARNING] Global parameter "Gate Type" not found
[StepSequencerParams] Randomize parameters found:
  - Randomise: ✗
  - Randomise what: ✗
  - Note distribution: ✗
  - Min note: ✗
  - Max note: ✗
  - Mean note: ✗
  - Note deviation: ✗
  - Min repeat: ✗
  - Max repeat: ✗
  - Min ratchet: ✗
  - Max ratchet: ✗
  - Note probability: ✗
  - Tie probability: ✗
  - Accent probability: ✗
  - Repeat probability: ✗
  - Ratchet probability: ✗
  - Unaccented velocity: ✗
[StepSequencerParams] Discovered 1 steps
[StepSequencerParams] Total parameters indexed: 4
[StepSequencerParams] WARNING: Parameter not found - 1:Pitch
[StepSequencerParams] WARNING: Parameter not found - 1:Velocity
[StepSequencerParams] WARNING: Parameter not found - 1:Mod
[StepSequencerParams] WARNING: Parameter not found - 1:Division
[StepSequencerParams] WARNING: Parameter not found - 1:Pattern
[StepSequencerParams] WARNING: Parameter not found - 1:Ties
[StepSequencerParams] Step parameters found:
  - Pitch: 0/1
  - Velocity: 0/1
  - Mod: 0/1
  - Division: 0/1
  - Pattern: 0/1
  - Ties: 0/1
  - Mute: 1/1
  - Skip: 1/1
  - Reset: 1/1
  - Repeat: 1/1
[StepSequencerParams] Global parameters found:
  - Direction: ✗
    [WARNING] Global parameter "Direction" not found
  - Start Step: ✗
    [WARNING] Global parameter "Start Step" not found
  - End Step: ✗
    [WARNING] Global parameter "End Step" not found
  - Gate Length: ✗
    [WARNING] Global parameter "Gate Length" not found
  - Trigger Length: ✗
    [WARNING] Global parameter "Trigger Length" not found
  - Glide Time: ✗
    [WARNING] Global parameter "Glide Time" not found
  - Current Sequence: ✗
    [WARNING] Global parameter "Current Sequence" not found
  - Permutation: ✗
    [WARNING] Global parameter "Permutation" not found
  - Gate Type: ✗
    [WARNING] Global parameter "Gate Type" not found
[StepSequencerParams] Randomize parameters found:
  - Randomise: ✗
  - Randomise what: ✗
  - Note distribution: ✗
  - Min note: ✗
  - Max note: ✗
  - Mean note: ✗
  - Note deviation: ✗
  - Min repeat: ✗
  - Max repeat: ✗
  - Min ratchet: ✗
  - Max ratchet: ✗
  - Note probability: ✗
  - Tie probability: ✗
  - Accent probability: ✗
  - Repeat probability: ✗
  - Ratchet probability: ✗
  - Unaccented velocity: ✗
[StepSequencerParams] Discovered 1 steps
[StepSequencerParams] Total parameters indexed: 4
[StepSequencerParams] WARNING: Parameter not found - 1:Pitch
[StepSequencerParams] WARNING: Parameter not found - 1:Velocity
[StepSequencerParams] WARNING: Parameter not found - 1:Mod
[StepSequencerParams] WARNING: Parameter not found - 1:Division
[StepSequencerParams] WARNING: Parameter not found - 1:Pattern
[StepSequencerParams] WARNING: Parameter not found - 1:Ties
[StepSequencerParams] Step parameters found:
  - Pitch: 0/1
  - Velocity: 0/1
  - Mod: 0/1
  - Division: 0/1
  - Pattern: 0/1
  - Ties: 0/1
  - Mute: 1/1
  - Skip: 1/1
  - Reset: 1/1
  - Repeat: 1/1
[StepSequencerParams] Global parameters found:
  - Direction: ✗
    [WARNING] Global parameter "Direction" not found
  - Start Step: ✗
    [WARNING] Global parameter "Start Step" not found
  - End Step: ✗
    [WARNING] Global parameter "End Step" not found
  - Gate Length: ✗
    [WARNING] Global parameter "Gate Length" not found
  - Trigger Length: ✗
    [WARNING] Global parameter "Trigger Length" not found
  - Glide Time: ✗
    [WARNING] Global parameter "Glide Time" not found
  - Current Sequence: ✗
    [WARNING] Global parameter "Current Sequence" not found
  - Permutation: ✗
    [WARNING] Global parameter "Permutation" not found
  - Gate Type: ✗
    [WARNING] Global parameter "Gate Type" not found
[StepSequencerParams] Randomize parameters found:
  - Randomise: ✗
  - Randomise what: ✗
  - Note distribution: ✗
  - Min note: ✗
  - Max note: ✗
  - Mean note: ✗
  - Note deviation: ✗
  - Min repeat: ✗
  - Max repeat: ✗
  - Min ratchet: ✗
  - Max ratchet: ✗
  - Note probability: ✗
  - Tie probability: ✗
  - Accent probability: ✗
  - Repeat probability: ✗
  - Ratchet probability: ✗
  - Unaccented velocity: ✗
[StepSequencerParams] WARNING: Parameter not found - 1:Pattern
[StepSequencerParams] Discovered 1 steps
[StepSequencerParams] Total parameters indexed: 4
[StepSequencerParams] WARNING: Parameter not found - 1:Pitch
[StepSequencerParams] WARNING: Parameter not found - 1:Velocity
[StepSequencerParams] WARNING: Parameter not found - 1:Mod
[StepSequencerParams] WARNING: Parameter not found - 1:Division
[StepSequencerParams] WARNING: Parameter not found - 1:Pattern
[StepSequencerParams] WARNING: Parameter not found - 1:Ties
[StepSequencerParams] Step parameters found:
  - Pitch: 0/1
  - Velocity: 0/1
  - Mod: 0/1
  - Division: 0/1
  - Pattern: 0/1
  - Ties: 0/1
  - Mute: 1/1
  - Skip: 1/1
  - Reset: 1/1
  - Repeat: 1/1
[StepSequencerParams] Global parameters found:
  - Direction: ✗
    [WARNING] Global parameter "Direction" not found
  - Start Step: ✗
    [WARNING] Global parameter "Start Step" not found
  - End Step: ✗
    [WARNING] Global parameter "End Step" not found
  - Gate Length: ✗
    [WARNING] Global parameter "Gate Length" not found
  - Trigger Length: ✗
    [WARNING] Global parameter "Trigger Length" not found
  - Glide Time: ✗
    [WARNING] Global parameter "Glide Time" not found
  - Current Sequence: ✗
    [WARNING] Global parameter "Current Sequence" not found
  - Permutation: ✗
    [WARNING] Global parameter "Permutation" not found
  - Gate Type: ✗
    [WARNING] Global parameter "Gate Type" not found
[StepSequencerParams] Randomize parameters found:
  - Randomise: ✗
  - Randomise what: ✗
  - Note distribution: ✗
  - Min note: ✗
  - Max note: ✗
  - Mean note: ✗
  - Note deviation: ✗
  - Min repeat: ✗
  - Max repeat: ✗
  - Min ratchet: ✗
  - Max ratchet: ✗
  - Note probability: ✗
  - Tie probability: ✗
  - Accent probability: ✗
  - Repeat probability: ✗
  - Ratchet probability: ✗
  - Unaccented velocity: ✗
[StepSequencerParams] Discovered 1 steps
[StepSequencerParams] Total parameters indexed: 4
[StepSequencerParams] WARNING: Parameter not found - 1:Pitch
[StepSequencerParams] WARNING: Parameter not found - 1:Velocity
[StepSequencerParams] WARNING: Parameter not found - 1:Mod
[StepSequencerParams] WARNING: Parameter not found - 1:Division
[StepSequencerParams] WARNING: Parameter not found - 1:Pattern
[StepSequencerParams] WARNING: Parameter not found - 1:Ties
[StepSequencerParams] Step parameters found:
  - Pitch: 0/1
  - Velocity: 0/1
  - Mod: 0/1
  - Division: 0/1
  - Pattern: 0/1
  - Ties: 0/1
  - Mute: 1/1
  - Skip: 1/1
  - Reset: 1/1
  - Repeat: 1/1
[StepSequencerParams] Global parameters found:
  - Direction: ✗
    [WARNING] Global parameter "Direction" not found
  - Start Step: ✗
    [WARNING] Global parameter "Start Step" not found
  - End Step: ✗
    [WARNING] Global parameter "End Step" not found
  - Gate Length: ✗
    [WARNING] Global parameter "Gate Length" not found
  - Trigger Length: ✗
    [WARNING] Global parameter "Trigger Length" not found
  - Glide Time: ✗
    [WARNING] Global parameter "Glide Time" not found
  - Current Sequence: ✗
    [WARNING] Global parameter "Current Sequence" not found
  - Permutation: ✗
    [WARNING] Global parameter "Permutation" not found
  - Gate Type: ✗
    [WARNING] Global parameter "Gate Type" not found
[StepSequencerParams] Randomize parameters found:
  - Randomise: ✗
  - Randomise what: ✗
  - Note distribution: ✗
  - Min note: ✗
  - Max note: ✗
  - Mean note: ✗
  - Note deviation: ✗
  - Min repeat: ✗
  - Max repeat: ✗
  - Min ratchet: ✗
  - Max ratchet: ✗
  - Note probability: ✗
  - Tie probability: ✗
  - Accent probability: ✗
  - Repeat probability: ✗
  - Ratchet probability: ✗
  - Unaccented velocity: ✗
00:02 +15: StepColumnWidget - AC2-6: Probability Parameters (Mute/Skip/Reset/Repeat) displays probability bars with correct colors                                                                     00:02 +15: StepColumnWidget - AC2-6: Probability Parameters (Mute/Skip/Reset/Repeat) converts firmware to percentage correctly                                                                         00:02 +15: StepColumnWidget - AC2-6: Probability Parameters (Mute/Skip/Reset/Repeat) converts firmware to percentage correctly                                                                         
[StepSequencerParams] Discovered 1 steps
[StepSequencerParams] Total parameters indexed: 1
[StepSequencerParams] WARNING: Parameter not found - 1:Pitch
[StepSequencerParams] WARNING: Parameter not found - 1:Velocity
[StepSequencerParams] WARNING: Parameter not found - 1:Mod
[StepSequencerParams] WARNING: Parameter not found - 1:Division
[StepSequencerParams] WARNING: Parameter not found - 1:Pattern
[StepSequencerParams] WARNING: Parameter not found - 1:Ties
[StepSequencerParams] WARNING: Parameter not found - 1:Skip
[StepSequencerParams] WARNING: Parameter not found - 1:Reset
[StepSequencerParams] WARNING: Parameter not found - 1:Repeat
[StepSequencerParams] Step parameters found:
  - Pitch: 0/1
  - Velocity: 0/1
  - Mod: 0/1
  - Division: 0/1
  - Pattern: 0/1
  - Ties: 0/1
  - Mute: 1/1
  - Skip: 0/1
  - Reset: 0/1
  - Repeat: 0/1
[StepSequencerParams] Global parameters found:
  - Direction: ✗
    [WARNING] Global parameter "Direction" not found
  - Start Step: ✗
    [WARNING] Global parameter "Start Step" not found
  - End Step: ✗
    [WARNING] Global parameter "End Step" not found
  - Gate Length: ✗
    [WARNING] Global parameter "Gate Length" not found
  - Trigger Length: ✗
    [WARNING] Global parameter "Trigger Length" not found
  - Glide Time: ✗
    [WARNING] Global parameter "Glide Time" not found
  - Current Sequence: ✗
    [WARNING] Global parameter "Current Sequence" not found
  - Permutation: ✗
    [WARNING] Global parameter "Permutation" not found
  - Gate Type: ✗
    [WARNING] Global parameter "Gate Type" not found
[StepSequencerParams] Randomize parameters found:
  - Randomise: ✗
  - Randomise what: ✗
  - Note distribution: ✗
  - Min note: ✗
  - Max note: ✗
  - Mean note: ✗
  - Note deviation: ✗
  - Min repeat: ✗
  - Max repeat: ✗
  - Min ratchet: ✗
  - Max ratchet: ✗
  - Note probability: ✗
  - Tie probability: ✗
  - Accent probability: ✗
  - Repeat probability: ✗
  - Ratchet probability: ✗
  - Unaccented velocity: ✗
[StepSequencerParams] Discovered 1 steps
[StepSequencerParams] Total parameters indexed: 1
[StepSequencerParams] WARNING: Parameter not found - 1:Pitch
[StepSequencerParams] WARNING: Parameter not found - 1:Velocity
[StepSequencerParams] WARNING: Parameter not found - 1:Mod
[StepSequencerParams] WARNING: Parameter not found - 1:Division
[StepSequencerParams] WARNING: Parameter not found - 1:Pattern
[StepSequencerParams] WARNING: Parameter not found - 1:Ties
[StepSequencerParams] WARNING: Parameter not found - 1:Skip
[StepSequencerParams] WARNING: Parameter not found - 1:Reset
[StepSequencerParams] WARNING: Parameter not found - 1:Repeat
[StepSequencerParams] Step parameters found:
  - Pitch: 0/1
  - Velocity: 0/1
  - Mod: 0/1
  - Division: 0/1
  - Pattern: 0/1
  - Ties: 0/1
  - Mute: 1/1
  - Skip: 0/1
  - Reset: 0/1
  - Repeat: 0/1
[StepSequencerParams] Global parameters found:
  - Direction: ✗
    [WARNING] Global parameter "Direction" not found
  - Start Step: ✗
    [WARNING] Global parameter "Start Step" not found
  - End Step: ✗
    [WARNING] Global parameter "End Step" not found
  - Gate Length: ✗
    [WARNING] Global parameter "Gate Length" not found
  - Trigger Length: ✗
    [WARNING] Global parameter "Trigger Length" not found
  - Glide Time: ✗
    [WARNING] Global parameter "Glide Time" not found
  - Current Sequence: ✗
    [WARNING] Global parameter "Current Sequence" not found
  - Permutation: ✗
    [WARNING] Global parameter "Permutation" not found
  - Gate Type: ✗
    [WARNING] Global parameter "Gate Type" not found
[StepSequencerParams] Randomize parameters found:
  - Randomise: ✗
  - Randomise what: ✗
  - Note distribution: ✗
  - Min note: ✗
  - Max note: ✗
  - Mean note: ✗
  - Note deviation: ✗
  - Min repeat: ✗
  - Max repeat: ✗
  - Min ratchet: ✗
  - Max ratchet: ✗
  - Note probability: ✗
  - Tie probability: ✗
  - Accent probability: ✗
  - Repeat probability: ✗
  - Ratchet probability: ✗
  - Unaccented velocity: ✗
[StepSequencerParams] Discovered 1 steps
[StepSequencerParams] Total parameters indexed: 1
[StepSequencerParams] WARNING: Parameter not found - 1:Pitch
[StepSequencerParams] WARNING: Parameter not found - 1:Velocity
[StepSequencerParams] WARNING: Parameter not found - 1:Mod
[StepSequencerParams] WARNING: Parameter not found - 1:Division
[StepSequencerParams] WARNING: Parameter not found - 1:Pattern
[StepSequencerParams] WARNING: Parameter not found - 1:Ties
[StepSequencerParams] WARNING: Parameter not found - 1:Skip
[StepSequencerParams] WARNING: Parameter not found - 1:Reset
[StepSequencerParams] WARNING: Parameter not found - 1:Repeat
[StepSequencerParams] Step parameters found:
  - Pitch: 0/1
  - Velocity: 0/1
  - Mod: 0/1
  - Division: 0/1
  - Pattern: 0/1
  - Ties: 0/1
  - Mute: 1/1
  - Skip: 0/1
  - Reset: 0/1
  - Repeat: 0/1
[StepSequencerParams] Global parameters found:
  - Direction: ✗
    [WARNING] Global parameter "Direction" not found
  - Start Step: ✗
    [WARNING] Global parameter "Start Step" not found
  - End Step: ✗
    [WARNING] Global parameter "End Step" not found
  - Gate Length: ✗
    [WARNING] Global parameter "Gate Length" not found
  - Trigger Length: ✗
    [WARNING] Global parameter "Trigger Length" not found
  - Glide Time: ✗
    [WARNING] Global parameter "Glide Time" not found
  - Current Sequence: ✗
    [WARNING] Global parameter "Current Sequence" not found
  - Permutation: ✗
    [WARNING] Global parameter "Permutation" not found
  - Gate Type: ✗
    [WARNING] Global parameter "Gate Type" not found
[StepSequencerParams] Randomize parameters found:
  - Randomise: ✗
  - Randomise what: ✗
  - Note distribution: ✗
  - Min note: ✗
  - Max note: ✗
  - Mean note: ✗
  - Note deviation: ✗
  - Min repeat: ✗
  - Max repeat: ✗
  - Min ratchet: ✗
  - Max ratchet: ✗
  - Note probability: ✗
  - Tie probability: ✗
  - Accent probability: ✗
  - Repeat probability: ✗
  - Ratchet probability: ✗
  - Unaccented velocity: ✗
[StepSequencerParams] WARNING: Parameter not found - 1:Pattern
[StepSequencerParams] Discovered 1 steps
[StepSequencerParams] Total parameters indexed: 1
[StepSequencerParams] WARNING: Parameter not found - 1:Pitch
[StepSequencerParams] WARNING: Parameter not found - 1:Velocity
[StepSequencerParams] WARNING: Parameter not found - 1:Mod
[StepSequencerParams] WARNING: Parameter not found - 1:Division
[StepSequencerParams] WARNING: Parameter not found - 1:Pattern
[StepSequencerParams] WARNING: Parameter not found - 1:Ties
[StepSequencerParams] WARNING: Parameter not found - 1:Skip
[StepSequencerParams] WARNING: Parameter not found - 1:Reset
[StepSequencerParams] WARNING: Parameter not found - 1:Repeat
[StepSequencerParams] Step parameters found:
  - Pitch: 0/1
  - Velocity: 0/1
  - Mod: 0/1
  - Division: 0/1
  - Pattern: 0/1
  - Ties: 0/1
  - Mute: 1/1
  - Skip: 0/1
  - Reset: 0/1
  - Repeat: 0/1
[StepSequencerParams] Global parameters found:
  - Direction: ✗
    [WARNING] Global parameter "Direction" not found
  - Start Step: ✗
    [WARNING] Global parameter "Start Step" not found
  - End Step: ✗
    [WARNING] Global parameter "End Step" not found
  - Gate Length: ✗
    [WARNING] Global parameter "Gate Length" not found
  - Trigger Length: ✗
    [WARNING] Global parameter "Trigger Length" not found
  - Glide Time: ✗
    [WARNING] Global parameter "Glide Time" not found
  - Current Sequence: ✗
    [WARNING] Global parameter "Current Sequence" not found
  - Permutation: ✗
    [WARNING] Global parameter "Permutation" not found
  - Gate Type: ✗
    [WARNING] Global parameter "Gate Type" not found
[StepSequencerParams] Randomize parameters found:
  - Randomise: ✗
  - Randomise what: ✗
  - Note distribution: ✗
  - Min note: ✗
  - Max note: ✗
  - Mean note: ✗
  - Note deviation: ✗
  - Min repeat: ✗
  - Max repeat: ✗
  - Min ratchet: ✗
  - Max ratchet: ✗
  - Note probability: ✗
  - Tie probability: ✗
  - Accent probability: ✗
  - Repeat probability: ✗
  - Ratchet probability: ✗
  - Unaccented velocity: ✗
[StepSequencerParams] Discovered 1 steps
[StepSequencerParams] Total parameters indexed: 1
[StepSequencerParams] WARNING: Parameter not found - 1:Pitch
[StepSequencerParams] WARNING: Parameter not found - 1:Velocity
[StepSequencerParams] WARNING: Parameter not found - 1:Mod
[StepSequencerParams] WARNING: Parameter not found - 1:Division
[StepSequencerParams] WARNING: Parameter not found - 1:Pattern
[StepSequencerParams] WARNING: Parameter not found - 1:Ties
[StepSequencerParams] WARNING: Parameter not found - 1:Skip
[StepSequencerParams] WARNING: Parameter not found - 1:Reset
[StepSequencerParams] WARNING: Parameter not found - 1:Repeat
[StepSequencerParams] Step parameters found:
  - Pitch: 0/1
  - Velocity: 0/1
  - Mod: 0/1
  - Division: 0/1
  - Pattern: 0/1
  - Ties: 0/1
  - Mute: 1/1
  - Skip: 0/1
  - Reset: 0/1
  - Repeat: 0/1
[StepSequencerParams] Global parameters found:
  - Direction: ✗
    [WARNING] Global parameter "Direction" not found
  - Start Step: ✗
    [WARNING] Global parameter "Start Step" not found
  - End Step: ✗
    [WARNING] Global parameter "End Step" not found
  - Gate Length: ✗
    [WARNING] Global parameter "Gate Length" not found
  - Trigger Length: ✗
    [WARNING] Global parameter "Trigger Length" not found
  - Glide Time: ✗
    [WARNING] Global parameter "Glide Time" not found
  - Current Sequence: ✗
    [WARNING] Global parameter "Current Sequence" not found
  - Permutation: ✗
    [WARNING] Global parameter "Permutation" not found
  - Gate Type: ✗
    [WARNING] Global parameter "Gate Type" not found
[StepSequencerParams] Randomize parameters found:
  - Randomise: ✗
  - Randomise what: ✗
  - Note distribution: ✗
  - Min note: ✗
  - Max note: ✗
  - Mean note: ✗
  - Note deviation: ✗
  - Min repeat: ✗
  - Max repeat: ✗
  - Min ratchet: ✗
  - Max ratchet: ✗
  - Note probability: ✗
  - Tie probability: ✗
  - Accent probability: ✗
  - Repeat probability: ✗
  - Ratchet probability: ✗
  - Unaccented velocity: ✗
00:02 +16: StepColumnWidget - AC2-6: Probability Parameters (Mute/Skip/Reset/Repeat) converts firmware to percentage correctly                                                                         00:02 +16: StepColumnWidget - Subdivision Label (Story 10.16) AC2: displays "8 Ratchets" when Division = 0                                                                                             00:02 +16: StepColumnWidget - Subdivision Label (Story 10.16) AC2: displays "8 Ratchets" when Division = 0                                                                                             
[StepSequencerParams] Discovered 1 steps
[StepSequencerParams] Total parameters indexed: 2
[StepSequencerParams] WARNING: Parameter not found - 1:Velocity
[StepSequencerParams] WARNING: Parameter not found - 1:Mod
[StepSequencerParams] WARNING: Parameter not found - 1:Pattern
[StepSequencerParams] WARNING: Parameter not found - 1:Ties
[StepSequencerParams] WARNING: Parameter not found - 1:Mute
[StepSequencerParams] WARNING: Parameter not found - 1:Skip
[StepSequencerParams] WARNING: Parameter not found - 1:Reset
[StepSequencerParams] WARNING: Parameter not found - 1:Repeat
[StepSequencerParams] Step parameters found:
  - Pitch: 1/1
  - Velocity: 0/1
  - Mod: 0/1
  - Division: 1/1
  - Pattern: 0/1
  - Ties: 0/1
  - Mute: 0/1
  - Skip: 0/1
  - Reset: 0/1
  - Repeat: 0/1
[StepSequencerParams] Global parameters found:
  - Direction: ✗
    [WARNING] Global parameter "Direction" not found
  - Start Step: ✗
    [WARNING] Global parameter "Start Step" not found
  - End Step: ✗
    [WARNING] Global parameter "End Step" not found
  - Gate Length: ✗
    [WARNING] Global parameter "Gate Length" not found
  - Trigger Length: ✗
    [WARNING] Global parameter "Trigger Length" not found
  - Glide Time: ✗
    [WARNING] Global parameter "Glide Time" not found
  - Current Sequence: ✗
    [WARNING] Global parameter "Current Sequence" not found
  - Permutation: ✗
    [WARNING] Global parameter "Permutation" not found
  - Gate Type: ✗
    [WARNING] Global parameter "Gate Type" not found
[StepSequencerParams] Randomize parameters found:
  - Randomise: ✗
  - Randomise what: ✗
  - Note distribution: ✗
  - Min note: ✗
  - Max note: ✗
  - Mean note: ✗
  - Note deviation: ✗
  - Min repeat: ✗
  - Max repeat: ✗
  - Min ratchet: ✗
  - Max ratchet: ✗
  - Note probability: ✗
  - Tie probability: ✗
  - Accent probability: ✗
  - Repeat probability: ✗
  - Ratchet probability: ✗
  - Unaccented velocity: ✗
[StepSequencerParams] Discovered 1 steps
[StepSequencerParams] Total parameters indexed: 2
[StepSequencerParams] WARNING: Parameter not found - 1:Velocity
[StepSequencerParams] WARNING: Parameter not found - 1:Mod
[StepSequencerParams] WARNING: Parameter not found - 1:Pattern
[StepSequencerParams] WARNING: Parameter not found - 1:Ties
[StepSequencerParams] WARNING: Parameter not found - 1:Mute
[StepSequencerParams] WARNING: Parameter not found - 1:Skip
[StepSequencerParams] WARNING: Parameter not found - 1:Reset
[StepSequencerParams] WARNING: Parameter not found - 1:Repeat
[StepSequencerParams] Step parameters found:
  - Pitch: 1/1
  - Velocity: 0/1
  - Mod: 0/1
  - Division: 1/1
  - Pattern: 0/1
  - Ties: 0/1
  - Mute: 0/1
  - Skip: 0/1
  - Reset: 0/1
  - Repeat: 0/1
[StepSequencerParams] Global parameters found:
  - Direction: ✗
    [WARNING] Global parameter "Direction" not found
  - Start Step: ✗
    [WARNING] Global parameter "Start Step" not found
  - End Step: ✗
    [WARNING] Global parameter "End Step" not found
  - Gate Length: ✗
    [WARNING] Global parameter "Gate Length" not found
  - Trigger Length: ✗
    [WARNING] Global parameter "Trigger Length" not found
  - Glide Time: ✗
    [WARNING] Global parameter "Glide Time" not found
  - Current Sequence: ✗
    [WARNING] Global parameter "Current Sequence" not found
  - Permutation: ✗
    [WARNING] Global parameter "Permutation" not found
  - Gate Type: ✗
    [WARNING] Global parameter "Gate Type" not found
[StepSequencerParams] Randomize parameters found:
  - Randomise: ✗
  - Randomise what: ✗
  - Note distribution: ✗
  - Min note: ✗
  - Max note: ✗
  - Mean note: ✗
  - Note deviation: ✗
  - Min repeat: ✗
  - Max repeat: ✗
  - Min ratchet: ✗
  - Max ratchet: ✗
  - Note probability: ✗
  - Tie probability: ✗
  - Accent probability: ✗
  - Repeat probability: ✗
  - Ratchet probability: ✗
  - Unaccented velocity: ✗
[StepSequencerParams] WARNING: Parameter not found - 1:Pattern
[StepSequencerParams] Discovered 1 steps
[StepSequencerParams] Total parameters indexed: 2
[StepSequencerParams] WARNING: Parameter not found - 1:Velocity
[StepSequencerParams] WARNING: Parameter not found - 1:Mod
[StepSequencerParams] WARNING: Parameter not found - 1:Pattern
[StepSequencerParams] WARNING: Parameter not found - 1:Ties
[StepSequencerParams] WARNING: Parameter not found - 1:Mute
[StepSequencerParams] WARNING: Parameter not found - 1:Skip
[StepSequencerParams] WARNING: Parameter not found - 1:Reset
[StepSequencerParams] WARNING: Parameter not found - 1:Repeat
[StepSequencerParams] Step parameters found:
  - Pitch: 1/1
  - Velocity: 0/1
  - Mod: 0/1
  - Division: 1/1
  - Pattern: 0/1
  - Ties: 0/1
  - Mute: 0/1
  - Skip: 0/1
  - Reset: 0/1
  - Repeat: 0/1
[StepSequencerParams] Global parameters found:
  - Direction: ✗
    [WARNING] Global parameter "Direction" not found
  - Start Step: ✗
    [WARNING] Global parameter "Start Step" not found
  - End Step: ✗
    [WARNING] Global parameter "End Step" not found
  - Gate Length: ✗
    [WARNING] Global parameter "Gate Length" not found
  - Trigger Length: ✗
    [WARNING] Global parameter "Trigger Length" not found
  - Glide Time: ✗
    [WARNING] Global parameter "Glide Time" not found
  - Current Sequence: ✗
    [WARNING] Global parameter "Current Sequence" not found
  - Permutation: ✗
    [WARNING] Global parameter "Permutation" not found
  - Gate Type: ✗
    [WARNING] Global parameter "Gate Type" not found
[StepSequencerParams] Randomize parameters found:
  - Randomise: ✗
  - Randomise what: ✗
  - Note distribution: ✗
  - Min note: ✗
  - Max note: ✗
  - Mean note: ✗
  - Note deviation: ✗
  - Min repeat: ✗
  - Max repeat: ✗
  - Min ratchet: ✗
  - Max ratchet: ✗
  - Note probability: ✗
  - Tie probability: ✗
  - Accent probability: ✗
  - Repeat probability: ✗
  - Ratchet probability: ✗
  - Unaccented velocity: ✗
[StepSequencerParams] Discovered 1 steps
[StepSequencerParams] Total parameters indexed: 2
[StepSequencerParams] WARNING: Parameter not found - 1:Velocity
[StepSequencerParams] WARNING: Parameter not found - 1:Mod
[StepSequencerParams] WARNING: Parameter not found - 1:Pattern
[StepSequencerParams] WARNING: Parameter not found - 1:Ties
[StepSequencerParams] WARNING: Parameter not found - 1:Mute
[StepSequencerParams] WARNING: Parameter not found - 1:Skip
[StepSequencerParams] WARNING: Parameter not found - 1:Reset
[StepSequencerParams] WARNING: Parameter not found - 1:Repeat
[StepSequencerParams] Step parameters found:
  - Pitch: 1/1
  - Velocity: 0/1
  - Mod: 0/1
  - Division: 1/1
  - Pattern: 0/1
  - Ties: 0/1
  - Mute: 0/1
  - Skip: 0/1
  - Reset: 0/1
  - Repeat: 0/1
[StepSequencerParams] Global parameters found:
  - Direction: ✗
    [WARNING] Global parameter "Direction" not found
  - Start Step: ✗
    [WARNING] Global parameter "Start Step" not found
  - End Step: ✗
    [WARNING] Global parameter "End Step" not found
  - Gate Length: ✗
    [WARNING] Global parameter "Gate Length" not found
  - Trigger Length: ✗
    [WARNING] Global parameter "Trigger Length" not found
  - Glide Time: ✗
    [WARNING] Global parameter "Glide Time" not found
  - Current Sequence: ✗
    [WARNING] Global parameter "Current Sequence" not found
  - Permutation: ✗
    [WARNING] Global parameter "Permutation" not found
  - Gate Type: ✗
    [WARNING] Global parameter "Gate Type" not found
[StepSequencerParams] Randomize parameters found:
  - Randomise: ✗
  - Randomise what: ✗
  - Note distribution: ✗
  - Min note: ✗
  - Max note: ✗
  - Mean note: ✗
  - Note deviation: ✗
  - Min repeat: ✗
  - Max repeat: ✗
  - Min ratchet: ✗
  - Max ratchet: ✗
  - Note probability: ✗
  - Tie probability: ✗
  - Accent probability: ✗
  - Repeat probability: ✗
  - Ratchet probability: ✗
  - Unaccented velocity: ✗
[StepSequencerParams] Discovered 1 steps
[StepSequencerParams] Total parameters indexed: 2
[StepSequencerParams] WARNING: Parameter not found - 1:Velocity
[StepSequencerParams] WARNING: Parameter not found - 1:Mod
[StepSequencerParams] WARNING: Parameter not found - 1:Pattern
[StepSequencerParams] WARNING: Parameter not found - 1:Ties
[StepSequencerParams] WARNING: Parameter not found - 1:Mute
[StepSequencerParams] WARNING: Parameter not found - 1:Skip
[StepSequencerParams] WARNING: Parameter not found - 1:Reset
[StepSequencerParams] WARNING: Parameter not found - 1:Repeat
[StepSequencerParams] Step parameters found:
  - Pitch: 1/1
  - Velocity: 0/1
  - Mod: 0/1
  - Division: 1/1
  - Pattern: 0/1
  - Ties: 0/1
  - Mute: 0/1
  - Skip: 0/1
  - Reset: 0/1
  - Repeat: 0/1
[StepSequencerParams] Global parameters found:
  - Direction: ✗
    [WARNING] Global parameter "Direction" not found
  - Start Step: ✗
    [WARNING] Global parameter "Start Step" not found
  - End Step: ✗
    [WARNING] Global parameter "End Step" not found
  - Gate Length: ✗
    [WARNING] Global parameter "Gate Length" not found
  - Trigger Length: ✗
    [WARNING] Global parameter "Trigger Length" not found
  - Glide Time: ✗
    [WARNING] Global parameter "Glide Time" not found
  - Current Sequence: ✗
    [WARNING] Global parameter "Current Sequence" not found
  - Permutation: ✗
    [WARNING] Global parameter "Permutation" not found
  - Gate Type: ✗
    [WARNING] Global parameter "Gate Type" not found
[StepSequencerParams] Randomize parameters found:
  - Randomise: ✗
  - Randomise what: ✗
  - Note distribution: ✗
  - Min note: ✗
  - Max note: ✗
  - Mean note: ✗
  - Note deviation: ✗
  - Min repeat: ✗
  - Max repeat: ✗
  - Min ratchet: ✗
  - Max ratchet: ✗
  - Note probability: ✗
  - Tie probability: ✗
  - Accent probability: ✗
  - Repeat probability: ✗
  - Ratchet probability: ✗
  - Unaccented velocity: ✗
00:02 +17: StepColumnWidget - Subdivision Label (Story 10.16) AC2: displays "8 Ratchets" when Division = 0                                                                                             00:02 +17: StepColumnWidget - Subdivision Label (Story 10.16) AC2: displays "2 Ratchets" when Division = 6                                                                                             00:02 +17: StepColumnWidget - Subdivision Label (Story 10.16) AC2: displays "2 Ratchets" when Division = 6                                                                                             
[StepSequencerParams] Discovered 1 steps
[StepSequencerParams] Total parameters indexed: 2
[StepSequencerParams] WARNING: Parameter not found - 1:Velocity
[StepSequencerParams] WARNING: Parameter not found - 1:Mod
[StepSequencerParams] WARNING: Parameter not found - 1:Pattern
[StepSequencerParams] WARNING: Parameter not found - 1:Ties
[StepSequencerParams] WARNING: Parameter not found - 1:Mute
[StepSequencerParams] WARNING: Parameter not found - 1:Skip
[StepSequencerParams] WARNING: Parameter not found - 1:Reset
[StepSequencerParams] WARNING: Parameter not found - 1:Repeat
[StepSequencerParams] Step parameters found:
  - Pitch: 1/1
  - Velocity: 0/1
  - Mod: 0/1
  - Division: 1/1
  - Pattern: 0/1
  - Ties: 0/1
  - Mute: 0/1
  - Skip: 0/1
  - Reset: 0/1
  - Repeat: 0/1
[StepSequencerParams] Global parameters found:
  - Direction: ✗
    [WARNING] Global parameter "Direction" not found
  - Start Step: ✗
    [WARNING] Global parameter "Start Step" not found
  - End Step: ✗
    [WARNING] Global parameter "End Step" not found
  - Gate Length: ✗
    [WARNING] Global parameter "Gate Length" not found
  - Trigger Length: ✗
    [WARNING] Global parameter "Trigger Length" not found
  - Glide Time: ✗
    [WARNING] Global parameter "Glide Time" not found
  - Current Sequence: ✗
    [WARNING] Global parameter "Current Sequence" not found
  - Permutation: ✗
    [WARNING] Global parameter "Permutation" not found
  - Gate Type: ✗
    [WARNING] Global parameter "Gate Type" not found
[StepSequencerParams] Randomize parameters found:
  - Randomise: ✗
  - Randomise what: ✗
  - Note distribution: ✗
  - Min note: ✗
  - Max note: ✗
  - Mean note: ✗
  - Note deviation: ✗
  - Min repeat: ✗
  - Max repeat: ✗
  - Min ratchet: ✗
  - Max ratchet: ✗
  - Note probability: ✗
  - Tie probability: ✗
  - Accent probability: ✗
  - Repeat probability: ✗
  - Ratchet probability: ✗
  - Unaccented velocity: ✗
[StepSequencerParams] Discovered 1 steps
[StepSequencerParams] Total parameters indexed: 2
[StepSequencerParams] WARNING: Parameter not found - 1:Velocity
[StepSequencerParams] WARNING: Parameter not found - 1:Mod
[StepSequencerParams] WARNING: Parameter not found - 1:Pattern
[StepSequencerParams] WARNING: Parameter not found - 1:Ties
[StepSequencerParams] WARNING: Parameter not found - 1:Mute
[StepSequencerParams] WARNING: Parameter not found - 1:Skip
[StepSequencerParams] WARNING: Parameter not found - 1:Reset
[StepSequencerParams] WARNING: Parameter not found - 1:Repeat
[StepSequencerParams] Step parameters found:
  - Pitch: 1/1
  - Velocity: 0/1
  - Mod: 0/1
  - Division: 1/1
  - Pattern: 0/1
  - Ties: 0/1
  - Mute: 0/1
  - Skip: 0/1
  - Reset: 0/1
  - Repeat: 0/1
[StepSequencerParams] Global parameters found:
  - Direction: ✗
    [WARNING] Global parameter "Direction" not found
  - Start Step: ✗
    [WARNING] Global parameter "Start Step" not found
  - End Step: ✗
    [WARNING] Global parameter "End Step" not found
  - Gate Length: ✗
    [WARNING] Global parameter "Gate Length" not found
  - Trigger Length: ✗
    [WARNING] Global parameter "Trigger Length" not found
  - Glide Time: ✗
    [WARNING] Global parameter "Glide Time" not found
  - Current Sequence: ✗
    [WARNING] Global parameter "Current Sequence" not found
  - Permutation: ✗
    [WARNING] Global parameter "Permutation" not found
  - Gate Type: ✗
    [WARNING] Global parameter "Gate Type" not found
[StepSequencerParams] Randomize parameters found:
  - Randomise: ✗
  - Randomise what: ✗
  - Note distribution: ✗
  - Min note: ✗
  - Max note: ✗
  - Mean note: ✗
  - Note deviation: ✗
  - Min repeat: ✗
  - Max repeat: ✗
  - Min ratchet: ✗
  - Max ratchet: ✗
  - Note probability: ✗
  - Tie probability: ✗
  - Accent probability: ✗
  - Repeat probability: ✗
  - Ratchet probability: ✗
  - Unaccented velocity: ✗
[StepSequencerParams] WARNING: Parameter not found - 1:Pattern
[StepSequencerParams] Discovered 1 steps
[StepSequencerParams] Total parameters indexed: 2
[StepSequencerParams] WARNING: Parameter not found - 1:Velocity
[StepSequencerParams] WARNING: Parameter not found - 1:Mod
[StepSequencerParams] WARNING: Parameter not found - 1:Pattern
[StepSequencerParams] WARNING: Parameter not found - 1:Ties
[StepSequencerParams] WARNING: Parameter not found - 1:Mute
[StepSequencerParams] WARNING: Parameter not found - 1:Skip
[StepSequencerParams] WARNING: Parameter not found - 1:Reset
[StepSequencerParams] WARNING: Parameter not found - 1:Repeat
[StepSequencerParams] Step parameters found:
  - Pitch: 1/1
  - Velocity: 0/1
  - Mod: 0/1
  - Division: 1/1
  - Pattern: 0/1
  - Ties: 0/1
  - Mute: 0/1
  - Skip: 0/1
  - Reset: 0/1
  - Repeat: 0/1
[StepSequencerParams] Global parameters found:
  - Direction: ✗
    [WARNING] Global parameter "Direction" not found
  - Start Step: ✗
    [WARNING] Global parameter "Start Step" not found
  - End Step: ✗
    [WARNING] Global parameter "End Step" not found
  - Gate Length: ✗
    [WARNING] Global parameter "Gate Length" not found
  - Trigger Length: ✗
    [WARNING] Global parameter "Trigger Length" not found
  - Glide Time: ✗
    [WARNING] Global parameter "Glide Time" not found
  - Current Sequence: ✗
    [WARNING] Global parameter "Current Sequence" not found
  - Permutation: ✗
    [WARNING] Global parameter "Permutation" not found
  - Gate Type: ✗
    [WARNING] Global parameter "Gate Type" not found
[StepSequencerParams] Randomize parameters found:
  - Randomise: ✗
  - Randomise what: ✗
  - Note distribution: ✗
  - Min note: ✗
  - Max note: ✗
  - Mean note: ✗
  - Note deviation: ✗
  - Min repeat: ✗
  - Max repeat: ✗
  - Min ratchet: ✗
  - Max ratchet: ✗
  - Note probability: ✗
  - Tie probability: ✗
  - Accent probability: ✗
  - Repeat probability: ✗
  - Ratchet probability: ✗
  - Unaccented velocity: ✗
[StepSequencerParams] Discovered 1 steps
[StepSequencerParams] Total parameters indexed: 2
[StepSequencerParams] WARNING: Parameter not found - 1:Velocity
[StepSequencerParams] WARNING: Parameter not found - 1:Mod
[StepSequencerParams] WARNING: Parameter not found - 1:Pattern
[StepSequencerParams] WARNING: Parameter not found - 1:Ties
[StepSequencerParams] WARNING: Parameter not found - 1:Mute
[StepSequencerParams] WARNING: Parameter not found - 1:Skip
[StepSequencerParams] WARNING: Parameter not found - 1:Reset
[StepSequencerParams] WARNING: Parameter not found - 1:Repeat
[StepSequencerParams] Step parameters found:
  - Pitch: 1/1
  - Velocity: 0/1
  - Mod: 0/1
  - Division: 1/1
  - Pattern: 0/1
  - Ties: 0/1
  - Mute: 0/1
  - Skip: 0/1
  - Reset: 0/1
  - Repeat: 0/1
[StepSequencerParams] Global parameters found:
  - Direction: ✗
    [WARNING] Global parameter "Direction" not found
  - Start Step: ✗
    [WARNING] Global parameter "Start Step" not found
  - End Step: ✗
    [WARNING] Global parameter "End Step" not found
  - Gate Length: ✗
    [WARNING] Global parameter "Gate Length" not found
  - Trigger Length: ✗
    [WARNING] Global parameter "Trigger Length" not found
  - Glide Time: ✗
    [WARNING] Global parameter "Glide Time" not found
  - Current Sequence: ✗
    [WARNING] Global parameter "Current Sequence" not found
  - Permutation: ✗
    [WARNING] Global parameter "Permutation" not found
  - Gate Type: ✗
    [WARNING] Global parameter "Gate Type" not found
[StepSequencerParams] Randomize parameters found:
  - Randomise: ✗
  - Randomise what: ✗
  - Note distribution: ✗
  - Min note: ✗
  - Max note: ✗
  - Mean note: ✗
  - Note deviation: ✗
  - Min repeat: ✗
  - Max repeat: ✗
  - Min ratchet: ✗
  - Max ratchet: ✗
  - Note probability: ✗
  - Tie probability: ✗
  - Accent probability: ✗
  - Repeat probability: ✗
  - Ratchet probability: ✗
  - Unaccented velocity: ✗
[StepSequencerParams] Discovered 1 steps
[StepSequencerParams] Total parameters indexed: 2
[StepSequencerParams] WARNING: Parameter not found - 1:Velocity
[StepSequencerParams] WARNING: Parameter not found - 1:Mod
[StepSequencerParams] WARNING: Parameter not found - 1:Pattern
[StepSequencerParams] WARNING: Parameter not found - 1:Ties
[StepSequencerParams] WARNING: Parameter not found - 1:Mute
[StepSequencerParams] WARNING: Parameter not found - 1:Skip
[StepSequencerParams] WARNING: Parameter not found - 1:Reset
[StepSequencerParams] WARNING: Parameter not found - 1:Repeat
[StepSequencerParams] Step parameters found:
  - Pitch: 1/1
  - Velocity: 0/1
  - Mod: 0/1
  - Division: 1/1
  - Pattern: 0/1
  - Ties: 0/1
  - Mute: 0/1
  - Skip: 0/1
  - Reset: 0/1
  - Repeat: 0/1
[StepSequencerParams] Global parameters found:
  - Direction: ✗
    [WARNING] Global parameter "Direction" not found
  - Start Step: ✗
    [WARNING] Global parameter "Start Step" not found
  - End Step: ✗
    [WARNING] Global parameter "End Step" not found
  - Gate Length: ✗
    [WARNING] Global parameter "Gate Length" not found
  - Trigger Length: ✗
    [WARNING] Global parameter "Trigger Length" not found
  - Glide Time: ✗
    [WARNING] Global parameter "Glide Time" not found
  - Current Sequence: ✗
    [WARNING] Global parameter "Current Sequence" not found
  - Permutation: ✗
    [WARNING] Global parameter "Permutation" not found
  - Gate Type: ✗
    [WARNING] Global parameter "Gate Type" not found
[StepSequencerParams] Randomize parameters found:
  - Randomise: ✗
  - Randomise what: ✗
  - Note distribution: ✗
  - Min note: ✗
  - Max note: ✗
  - Mean note: ✗
  - Note deviation: ✗
  - Min repeat: ✗
  - Max repeat: ✗
  - Min ratchet: ✗
  - Max ratchet: ✗
  - Note probability: ✗
  - Tie probability: ✗
  - Accent probability: ✗
  - Repeat probability: ✗
  - Ratchet probability: ✗
  - Unaccented velocity: ✗
00:02 +18: StepColumnWidget - Subdivision Label (Story 10.16) AC2: displays "2 Ratchets" when Division = 6                                                                                             00:02 +18: StepColumnWidget - Subdivision Label (Story 10.16) AC3: displays "1" when Division = 7 (default)                                                                                            00:02 +18: StepColumnWidget - Subdivision Label (Story 10.16) AC3: displays "1" when Division = 7 (default)                                                                                            
[StepSequencerParams] Discovered 1 steps
[StepSequencerParams] Total parameters indexed: 2
[StepSequencerParams] WARNING: Parameter not found - 1:Velocity
[StepSequencerParams] WARNING: Parameter not found - 1:Mod
[StepSequencerParams] WARNING: Parameter not found - 1:Pattern
[StepSequencerParams] WARNING: Parameter not found - 1:Ties
[StepSequencerParams] WARNING: Parameter not found - 1:Mute
[StepSequencerParams] WARNING: Parameter not found - 1:Skip
[StepSequencerParams] WARNING: Parameter not found - 1:Reset
[StepSequencerParams] WARNING: Parameter not found - 1:Repeat
[StepSequencerParams] Step parameters found:
  - Pitch: 1/1
  - Velocity: 0/1
  - Mod: 0/1
  - Division: 1/1
  - Pattern: 0/1
  - Ties: 0/1
  - Mute: 0/1
  - Skip: 0/1
  - Reset: 0/1
  - Repeat: 0/1
[StepSequencerParams] Global parameters found:
  - Direction: ✗
    [WARNING] Global parameter "Direction" not found
  - Start Step: ✗
    [WARNING] Global parameter "Start Step" not found
  - End Step: ✗
    [WARNING] Global parameter "End Step" not found
  - Gate Length: ✗
    [WARNING] Global parameter "Gate Length" not found
  - Trigger Length: ✗
    [WARNING] Global parameter "Trigger Length" not found
  - Glide Time: ✗
    [WARNING] Global parameter "Glide Time" not found
  - Current Sequence: ✗
    [WARNING] Global parameter "Current Sequence" not found
  - Permutation: ✗
    [WARNING] Global parameter "Permutation" not found
  - Gate Type: ✗
    [WARNING] Global parameter "Gate Type" not found
[StepSequencerParams] Randomize parameters found:
  - Randomise: ✗
  - Randomise what: ✗
  - Note distribution: ✗
  - Min note: ✗
  - Max note: ✗
  - Mean note: ✗
  - Note deviation: ✗
  - Min repeat: ✗
  - Max repeat: ✗
  - Min ratchet: ✗
  - Max ratchet: ✗
  - Note probability: ✗
  - Tie probability: ✗
  - Accent probability: ✗
  - Repeat probability: ✗
  - Ratchet probability: ✗
  - Unaccented velocity: ✗
[StepSequencerParams] Discovered 1 steps
[StepSequencerParams] Total parameters indexed: 2
[StepSequencerParams] WARNING: Parameter not found - 1:Velocity
[StepSequencerParams] WARNING: Parameter not found - 1:Mod
[StepSequencerParams] WARNING: Parameter not found - 1:Pattern
[StepSequencerParams] WARNING: Parameter not found - 1:Ties
[StepSequencerParams] WARNING: Parameter not found - 1:Mute
[StepSequencerParams] WARNING: Parameter not found - 1:Skip
[StepSequencerParams] WARNING: Parameter not found - 1:Reset
[StepSequencerParams] WARNING: Parameter not found - 1:Repeat
[StepSequencerParams] Step parameters found:
  - Pitch: 1/1
  - Velocity: 0/1
  - Mod: 0/1
  - Division: 1/1
  - Pattern: 0/1
  - Ties: 0/1
  - Mute: 0/1
  - Skip: 0/1
  - Reset: 0/1
  - Repeat: 0/1
[StepSequencerParams] Global parameters found:
  - Direction: ✗
    [WARNING] Global parameter "Direction" not found
  - Start Step: ✗
    [WARNING] Global parameter "Start Step" not found
  - End Step: ✗
    [WARNING] Global parameter "End Step" not found
  - Gate Length: ✗
    [WARNING] Global parameter "Gate Length" not found
  - Trigger Length: ✗
    [WARNING] Global parameter "Trigger Length" not found
  - Glide Time: ✗
    [WARNING] Global parameter "Glide Time" not found
  - Current Sequence: ✗
    [WARNING] Global parameter "Current Sequence" not found
  - Permutation: ✗
    [WARNING] Global parameter "Permutation" not found
  - Gate Type: ✗
    [WARNING] Global parameter "Gate Type" not found
[StepSequencerParams] Randomize parameters found:
  - Randomise: ✗
  - Randomise what: ✗
  - Note distribution: ✗
  - Min note: ✗
  - Max note: ✗
  - Mean note: ✗
  - Note deviation: ✗
  - Min repeat: ✗
  - Max repeat: ✗
  - Min ratchet: ✗
  - Max ratchet: ✗
  - Note probability: ✗
  - Tie probability: ✗
  - Accent probability: ✗
  - Repeat probability: ✗
  - Ratchet probability: ✗
  - Unaccented velocity: ✗
[StepSequencerParams] WARNING: Parameter not found - 1:Pattern
[StepSequencerParams] Discovered 1 steps
[StepSequencerParams] Total parameters indexed: 2
[StepSequencerParams] WARNING: Parameter not found - 1:Velocity
[StepSequencerParams] WARNING: Parameter not found - 1:Mod
[StepSequencerParams] WARNING: Parameter not found - 1:Pattern
[StepSequencerParams] WARNING: Parameter not found - 1:Ties
[StepSequencerParams] WARNING: Parameter not found - 1:Mute
[StepSequencerParams] WARNING: Parameter not found - 1:Skip
[StepSequencerParams] WARNING: Parameter not found - 1:Reset
[StepSequencerParams] WARNING: Parameter not found - 1:Repeat
[StepSequencerParams] Step parameters found:
  - Pitch: 1/1
  - Velocity: 0/1
  - Mod: 0/1
  - Division: 1/1
  - Pattern: 0/1
  - Ties: 0/1
  - Mute: 0/1
  - Skip: 0/1
  - Reset: 0/1
  - Repeat: 0/1
[StepSequencerParams] Global parameters found:
  - Direction: ✗
    [WARNING] Global parameter "Direction" not found
  - Start Step: ✗
    [WARNING] Global parameter "Start Step" not found
  - End Step: ✗
    [WARNING] Global parameter "End Step" not found
  - Gate Length: ✗
    [WARNING] Global parameter "Gate Length" not found
  - Trigger Length: ✗
    [WARNING] Global parameter "Trigger Length" not found
  - Glide Time: ✗
    [WARNING] Global parameter "Glide Time" not found
  - Current Sequence: ✗
    [WARNING] Global parameter "Current Sequence" not found
  - Permutation: ✗
    [WARNING] Global parameter "Permutation" not found
  - Gate Type: ✗
    [WARNING] Global parameter "Gate Type" not found
[StepSequencerParams] Randomize parameters found:
  - Randomise: ✗
  - Randomise what: ✗
  - Note distribution: ✗
  - Min note: ✗
  - Max note: ✗
  - Mean note: ✗
  - Note deviation: ✗
  - Min repeat: ✗
  - Max repeat: ✗
  - Min ratchet: ✗
  - Max ratchet: ✗
  - Note probability: ✗
  - Tie probability: ✗
  - Accent probability: ✗
  - Repeat probability: ✗
  - Ratchet probability: ✗
  - Unaccented velocity: ✗
[StepSequencerParams] Discovered 1 steps
[StepSequencerParams] Total parameters indexed: 2
[StepSequencerParams] WARNING: Parameter not found - 1:Velocity
[StepSequencerParams] WARNING: Parameter not found - 1:Mod
[StepSequencerParams] WARNING: Parameter not found - 1:Pattern
[StepSequencerParams] WARNING: Parameter not found - 1:Ties
[StepSequencerParams] WARNING: Parameter not found - 1:Mute
[StepSequencerParams] WARNING: Parameter not found - 1:Skip
[StepSequencerParams] WARNING: Parameter not found - 1:Reset
[StepSequencerParams] WARNING: Parameter not found - 1:Repeat
[StepSequencerParams] Step parameters found:
  - Pitch: 1/1
  - Velocity: 0/1
  - Mod: 0/1
  - Division: 1/1
  - Pattern: 0/1
  - Ties: 0/1
  - Mute: 0/1
  - Skip: 0/1
  - Reset: 0/1
  - Repeat: 0/1
[StepSequencerParams] Global parameters found:
  - Direction: ✗
    [WARNING] Global parameter "Direction" not found
  - Start Step: ✗
    [WARNING] Global parameter "Start Step" not found
  - End Step: ✗
    [WARNING] Global parameter "End Step" not found
  - Gate Length: ✗
    [WARNING] Global parameter "Gate Length" not found
  - Trigger Length: ✗
    [WARNING] Global parameter "Trigger Length" not found
  - Glide Time: ✗
    [WARNING] Global parameter "Glide Time" not found
  - Current Sequence: ✗
    [WARNING] Global parameter "Current Sequence" not found
  - Permutation: ✗
    [WARNING] Global parameter "Permutation" not found
  - Gate Type: ✗
    [WARNING] Global parameter "Gate Type" not found
[StepSequencerParams] Randomize parameters found:
  - Randomise: ✗
  - Randomise what: ✗
  - Note distribution: ✗
  - Min note: ✗
  - Max note: ✗
  - Mean note: ✗
  - Note deviation: ✗
  - Min repeat: ✗
  - Max repeat: ✗
  - Min ratchet: ✗
  - Max ratchet: ✗
  - Note probability: ✗
  - Tie probability: ✗
  - Accent probability: ✗
  - Repeat probability: ✗
  - Ratchet probability: ✗
  - Unaccented velocity: ✗
[StepSequencerParams] Discovered 1 steps
[StepSequencerParams] Total parameters indexed: 2
[StepSequencerParams] WARNING: Parameter not found - 1:Velocity
[StepSequencerParams] WARNING: Parameter not found - 1:Mod
[StepSequencerParams] WARNING: Parameter not found - 1:Pattern
[StepSequencerParams] WARNING: Parameter not found - 1:Ties
[StepSequencerParams] WARNING: Parameter not found - 1:Mute
[StepSequencerParams] WARNING: Parameter not found - 1:Skip
[StepSequencerParams] WARNING: Parameter not found - 1:Reset
[StepSequencerParams] WARNING: Parameter not found - 1:Repeat
[StepSequencerParams] Step parameters found:
  - Pitch: 1/1
  - Velocity: 0/1
  - Mod: 0/1
  - Division: 1/1
  - Pattern: 0/1
  - Ties: 0/1
  - Mute: 0/1
  - Skip: 0/1
  - Reset: 0/1
  - Repeat: 0/1
[StepSequencerParams] Global parameters found:
  - Direction: ✗
    [WARNING] Global parameter "Direction" not found
  - Start Step: ✗
    [WARNING] Global parameter "Start Step" not found
  - End Step: ✗
    [WARNING] Global parameter "End Step" not found
  - Gate Length: ✗
    [WARNING] Global parameter "Gate Length" not found
  - Trigger Length: ✗
    [WARNING] Global parameter "Trigger Length" not found
  - Glide Time: ✗
    [WARNING] Global parameter "Glide Time" not found
  - Current Sequence: ✗
    [WARNING] Global parameter "Current Sequence" not found
  - Permutation: ✗
    [WARNING] Global parameter "Permutation" not found
  - Gate Type: ✗
    [WARNING] Global parameter "Gate Type" not found
[StepSequencerParams] Randomize parameters found:
  - Randomise: ✗
  - Randomise what: ✗
  - Note distribution: ✗
  - Min note: ✗
  - Max note: ✗
  - Mean note: ✗
  - Note deviation: ✗
  - Min repeat: ✗
  - Max repeat: ✗
  - Min ratchet: ✗
  - Max ratchet: ✗
  - Note probability: ✗
  - Tie probability: ✗
  - Accent probability: ✗
  - Repeat probability: ✗
  - Ratchet probability: ✗
  - Unaccented velocity: ✗
00:02 +19: StepColumnWidget - Subdivision Label (Story 10.16) AC3: displays "1" when Division = 7 (default)                                                                                            00:02 +19: StepColumnWidget - Subdivision Label (Story 10.16) AC2: displays "2 Repeats" when Division = 8                                                                                              00:02 +19: StepColumnWidget - Subdivision Label (Story 10.16) AC2: displays "2 Repeats" when Division = 8                                                                                              
[StepSequencerParams] Discovered 1 steps
[StepSequencerParams] Total parameters indexed: 2
[StepSequencerParams] WARNING: Parameter not found - 1:Velocity
[StepSequencerParams] WARNING: Parameter not found - 1:Mod
[StepSequencerParams] WARNING: Parameter not found - 1:Pattern
[StepSequencerParams] WARNING: Parameter not found - 1:Ties
[StepSequencerParams] WARNING: Parameter not found - 1:Mute
[StepSequencerParams] WARNING: Parameter not found - 1:Skip
[StepSequencerParams] WARNING: Parameter not found - 1:Reset
[StepSequencerParams] WARNING: Parameter not found - 1:Repeat
[StepSequencerParams] Step parameters found:
  - Pitch: 1/1
  - Velocity: 0/1
  - Mod: 0/1
  - Division: 1/1
  - Pattern: 0/1
  - Ties: 0/1
  - Mute: 0/1
  - Skip: 0/1
  - Reset: 0/1
  - Repeat: 0/1
[StepSequencerParams] Global parameters found:
  - Direction: ✗
    [WARNING] Global parameter "Direction" not found
  - Start Step: ✗
    [WARNING] Global parameter "Start Step" not found
  - End Step: ✗
    [WARNING] Global parameter "End Step" not found
  - Gate Length: ✗
    [WARNING] Global parameter "Gate Length" not found
  - Trigger Length: ✗
    [WARNING] Global parameter "Trigger Length" not found
  - Glide Time: ✗
    [WARNING] Global parameter "Glide Time" not found
  - Current Sequence: ✗
    [WARNING] Global parameter "Current Sequence" not found
  - Permutation: ✗
    [WARNING] Global parameter "Permutation" not found
  - Gate Type: ✗
    [WARNING] Global parameter "Gate Type" not found
[StepSequencerParams] Randomize parameters found:
  - Randomise: ✗
  - Randomise what: ✗
  - Note distribution: ✗
  - Min note: ✗
  - Max note: ✗
  - Mean note: ✗
  - Note deviation: ✗
  - Min repeat: ✗
  - Max repeat: ✗
  - Min ratchet: ✗
  - Max ratchet: ✗
  - Note probability: ✗
  - Tie probability: ✗
  - Accent probability: ✗
  - Repeat probability: ✗
  - Ratchet probability: ✗
  - Unaccented velocity: ✗
[StepSequencerParams] Discovered 1 steps
[StepSequencerParams] Total parameters indexed: 2
[StepSequencerParams] WARNING: Parameter not found - 1:Velocity
[StepSequencerParams] WARNING: Parameter not found - 1:Mod
[StepSequencerParams] WARNING: Parameter not found - 1:Pattern
[StepSequencerParams] WARNING: Parameter not found - 1:Ties
[StepSequencerParams] WARNING: Parameter not found - 1:Mute
[StepSequencerParams] WARNING: Parameter not found - 1:Skip
[StepSequencerParams] WARNING: Parameter not found - 1:Reset
[StepSequencerParams] WARNING: Parameter not found - 1:Repeat
[StepSequencerParams] Step parameters found:
  - Pitch: 1/1
  - Velocity: 0/1
  - Mod: 0/1
  - Division: 1/1
  - Pattern: 0/1
  - Ties: 0/1
  - Mute: 0/1
  - Skip: 0/1
  - Reset: 0/1
  - Repeat: 0/1
[StepSequencerParams] Global parameters found:
  - Direction: ✗
    [WARNING] Global parameter "Direction" not found
  - Start Step: ✗
    [WARNING] Global parameter "Start Step" not found
  - End Step: ✗
    [WARNING] Global parameter "End Step" not found
  - Gate Length: ✗
    [WARNING] Global parameter "Gate Length" not found
  - Trigger Length: ✗
    [WARNING] Global parameter "Trigger Length" not found
  - Glide Time: ✗
    [WARNING] Global parameter "Glide Time" not found
  - Current Sequence: ✗
    [WARNING] Global parameter "Current Sequence" not found
  - Permutation: ✗
    [WARNING] Global parameter "Permutation" not found
  - Gate Type: ✗
    [WARNING] Global parameter "Gate Type" not found
[StepSequencerParams] Randomize parameters found:
  - Randomise: ✗
  - Randomise what: ✗
  - Note distribution: ✗
  - Min note: ✗
  - Max note: ✗
  - Mean note: ✗
  - Note deviation: ✗
  - Min repeat: ✗
  - Max repeat: ✗
  - Min ratchet: ✗
  - Max ratchet: ✗
  - Note probability: ✗
  - Tie probability: ✗
  - Accent probability: ✗
  - Repeat probability: ✗
  - Ratchet probability: ✗
  - Unaccented velocity: ✗
[StepSequencerParams] WARNING: Parameter not found - 1:Pattern
[StepSequencerParams] Discovered 1 steps
[StepSequencerParams] Total parameters indexed: 2
[StepSequencerParams] WARNING: Parameter not found - 1:Velocity
[StepSequencerParams] WARNING: Parameter not found - 1:Mod
[StepSequencerParams] WARNING: Parameter not found - 1:Pattern
[StepSequencerParams] WARNING: Parameter not found - 1:Ties
[StepSequencerParams] WARNING: Parameter not found - 1:Mute
[StepSequencerParams] WARNING: Parameter not found - 1:Skip
[StepSequencerParams] WARNING: Parameter not found - 1:Reset
[StepSequencerParams] WARNING: Parameter not found - 1:Repeat
[StepSequencerParams] Step parameters found:
  - Pitch: 1/1
  - Velocity: 0/1
  - Mod: 0/1
  - Division: 1/1
  - Pattern: 0/1
  - Ties: 0/1
  - Mute: 0/1
  - Skip: 0/1
  - Reset: 0/1
  - Repeat: 0/1
[StepSequencerParams] Global parameters found:
  - Direction: ✗
    [WARNING] Global parameter "Direction" not found
  - Start Step: ✗
    [WARNING] Global parameter "Start Step" not found
  - End Step: ✗
    [WARNING] Global parameter "End Step" not found
  - Gate Length: ✗
    [WARNING] Global parameter "Gate Length" not found
  - Trigger Length: ✗
    [WARNING] Global parameter "Trigger Length" not found
  - Glide Time: ✗
    [WARNING] Global parameter "Glide Time" not found
  - Current Sequence: ✗
    [WARNING] Global parameter "Current Sequence" not found
  - Permutation: ✗
    [WARNING] Global parameter "Permutation" not found
  - Gate Type: ✗
    [WARNING] Global parameter "Gate Type" not found
[StepSequencerParams] Randomize parameters found:
  - Randomise: ✗
  - Randomise what: ✗
  - Note distribution: ✗
  - Min note: ✗
  - Max note: ✗
  - Mean note: ✗
  - Note deviation: ✗
  - Min repeat: ✗
  - Max repeat: ✗
  - Min ratchet: ✗
  - Max ratchet: ✗
  - Note probability: ✗
  - Tie probability: ✗
  - Accent probability: ✗
  - Repeat probability: ✗
  - Ratchet probability: ✗
  - Unaccented velocity: ✗
[StepSequencerParams] Discovered 1 steps
[StepSequencerParams] Total parameters indexed: 2
[StepSequencerParams] WARNING: Parameter not found - 1:Velocity
[StepSequencerParams] WARNING: Parameter not found - 1:Mod
[StepSequencerParams] WARNING: Parameter not found - 1:Pattern
[StepSequencerParams] WARNING: Parameter not found - 1:Ties
[StepSequencerParams] WARNING: Parameter not found - 1:Mute
[StepSequencerParams] WARNING: Parameter not found - 1:Skip
[StepSequencerParams] WARNING: Parameter not found - 1:Reset
[StepSequencerParams] WARNING: Parameter not found - 1:Repeat
[StepSequencerParams] Step parameters found:
  - Pitch: 1/1
  - Velocity: 0/1
  - Mod: 0/1
  - Division: 1/1
  - Pattern: 0/1
  - Ties: 0/1
  - Mute: 0/1
  - Skip: 0/1
  - Reset: 0/1
  - Repeat: 0/1
[StepSequencerParams] Global parameters found:
  - Direction: ✗
    [WARNING] Global parameter "Direction" not found
  - Start Step: ✗
    [WARNING] Global parameter "Start Step" not found
  - End Step: ✗
    [WARNING] Global parameter "End Step" not found
  - Gate Length: ✗
    [WARNING] Global parameter "Gate Length" not found
  - Trigger Length: ✗
    [WARNING] Global parameter "Trigger Length" not found
  - Glide Time: ✗
    [WARNING] Global parameter "Glide Time" not found
  - Current Sequence: ✗
    [WARNING] Global parameter "Current Sequence" not found
  - Permutation: ✗
    [WARNING] Global parameter "Permutation" not found
  - Gate Type: ✗
    [WARNING] Global parameter "Gate Type" not found
[StepSequencerParams] Randomize parameters found:
  - Randomise: ✗
  - Randomise what: ✗
  - Note distribution: ✗
  - Min note: ✗
  - Max note: ✗
  - Mean note: ✗
  - Note deviation: ✗
  - Min repeat: ✗
  - Max repeat: ✗
  - Min ratchet: ✗
  - Max ratchet: ✗
  - Note probability: ✗
  - Tie probability: ✗
  - Accent probability: ✗
  - Repeat probability: ✗
  - Ratchet probability: ✗
  - Unaccented velocity: ✗
[StepSequencerParams] Discovered 1 steps
[StepSequencerParams] Total parameters indexed: 2
[StepSequencerParams] WARNING: Parameter not found - 1:Velocity
[StepSequencerParams] WARNING: Parameter not found - 1:Mod
[StepSequencerParams] WARNING: Parameter not found - 1:Pattern
[StepSequencerParams] WARNING: Parameter not found - 1:Ties
[StepSequencerParams] WARNING: Parameter not found - 1:Mute
[StepSequencerParams] WARNING: Parameter not found - 1:Skip
[StepSequencerParams] WARNING: Parameter not found - 1:Reset
[StepSequencerParams] WARNING: Parameter not found - 1:Repeat
[StepSequencerParams] Step parameters found:
  - Pitch: 1/1
  - Velocity: 0/1
  - Mod: 0/1
  - Division: 1/1
  - Pattern: 0/1
  - Ties: 0/1
  - Mute: 0/1
  - Skip: 0/1
  - Reset: 0/1
  - Repeat: 0/1
[StepSequencerParams] Global parameters found:
  - Direction: ✗
    [WARNING] Global parameter "Direction" not found
  - Start Step: ✗
    [WARNING] Global parameter "Start Step" not found
  - End Step: ✗
    [WARNING] Global parameter "End Step" not found
  - Gate Length: ✗
    [WARNING] Global parameter "Gate Length" not found
  - Trigger Length: ✗
    [WARNING] Global parameter "Trigger Length" not found
  - Glide Time: ✗
    [WARNING] Global parameter "Glide Time" not found
  - Current Sequence: ✗
    [WARNING] Global parameter "Current Sequence" not found
  - Permutation: ✗
    [WARNING] Global parameter "Permutation" not found
  - Gate Type: ✗
    [WARNING] Global parameter "Gate Type" not found
[StepSequencerParams] Randomize parameters found:
  - Randomise: ✗
  - Randomise what: ✗
  - Note distribution: ✗
  - Min note: ✗
  - Max note: ✗
  - Mean note: ✗
  - Note deviation: ✗
  - Min repeat: ✗
  - Max repeat: ✗
  - Min ratchet: ✗
  - Max ratchet: ✗
  - Note probability: ✗
  - Tie probability: ✗
  - Accent probability: ✗
  - Repeat probability: ✗
  - Ratchet probability: ✗
  - Unaccented velocity: ✗
══╡ EXCEPTION CAUGHT BY FLUTTER TEST FRAMEWORK ╞════════════════════════════════════════════════════
The following TestFailure was thrown running a test:
Expected: exactly one matching candidate
  Actual: _TextWidgetFinder:<Found 0 widgets with text "2 Repeats": []>
   Which: means none were found but one was expected

When the exception was thrown, this was the stack:
#4      main.<anonymous closure>.<anonymous closure> (file:///Users/nealsanche/nosuch/nt_helper/test/ui/widgets/step_sequencer/step_column_widget_test.dart:961:7)
<asynchronous suspension>
#5      testWidgets.<anonymous closure>.<anonymous closure> (package:flutter_test/src/widget_tester.dart:192:15)
<asynchronous suspension>
#6      TestWidgetsFlutterBinding._runTestBody (package:flutter_test/src/binding.dart:1059:5)
<asynchronous suspension>
<asynchronous suspension>
(elided one frame from package:stack_trace)

This was caught by the test expectation on the following line:
  file:///Users/nealsanche/nosuch/nt_helper/test/ui/widgets/step_sequencer/step_column_widget_test.dart line 961
The test description was:
  AC2: displays "2 Repeats" when Division = 8
════════════════════════════════════════════════════════════════════════════════════════════════════
00:02 +19 -1: StepColumnWidget - Subdivision Label (Story 10.16) AC2: displays "2 Repeats" when Division = 8 [E]                                                                                       
  Test failed. See exception logs above.
  The test description was: AC2: displays "2 Repeats" when Division = 8
  

To run this test again: /Users/nealsanche/fvm/versions/3.38.2/bin/cache/dart-sdk/bin/dart test /Users/nealsanche/nosuch/nt_helper/test/ui/widgets/step_sequencer/step_column_widget_test.dart -p vm --plain-name 'StepColumnWidget - Subdivision Label (Story 10.16) AC2: displays "2 Repeats" when Division = 8'
00:02 +19 -1: StepColumnWidget - Subdivision Label (Story 10.16) AC2: displays "8 Repeats" when Division = 14                                                                                          00:02 +19 -1: StepColumnWidget - Subdivision Label (Story 10.16) AC2: displays "8 Repeats" when Division = 14                                                                                          
[StepSequencerParams] Discovered 1 steps
[StepSequencerParams] Total parameters indexed: 2
[StepSequencerParams] WARNING: Parameter not found - 1:Velocity
[StepSequencerParams] WARNING: Parameter not found - 1:Mod
[StepSequencerParams] WARNING: Parameter not found - 1:Pattern
[StepSequencerParams] WARNING: Parameter not found - 1:Ties
[StepSequencerParams] WARNING: Parameter not found - 1:Mute
[StepSequencerParams] WARNING: Parameter not found - 1:Skip
[StepSequencerParams] WARNING: Parameter not found - 1:Reset
[StepSequencerParams] WARNING: Parameter not found - 1:Repeat
[StepSequencerParams] Step parameters found:
  - Pitch: 1/1
  - Velocity: 0/1
  - Mod: 0/1
  - Division: 1/1
  - Pattern: 0/1
  - Ties: 0/1
  - Mute: 0/1
  - Skip: 0/1
  - Reset: 0/1
  - Repeat: 0/1
[StepSequencerParams] Global parameters found:
  - Direction: ✗
    [WARNING] Global parameter "Direction" not found
  - Start Step: ✗
    [WARNING] Global parameter "Start Step" not found
  - End Step: ✗
    [WARNING] Global parameter "End Step" not found
  - Gate Length: ✗
    [WARNING] Global parameter "Gate Length" not found
  - Trigger Length: ✗
    [WARNING] Global parameter "Trigger Length" not found
  - Glide Time: ✗
    [WARNING] Global parameter "Glide Time" not found
  - Current Sequence: ✗
    [WARNING] Global parameter "Current Sequence" not found
  - Permutation: ✗
    [WARNING] Global parameter "Permutation" not found
  - Gate Type: ✗
    [WARNING] Global parameter "Gate Type" not found
[StepSequencerParams] Randomize parameters found:
  - Randomise: ✗
  - Randomise what: ✗
  - Note distribution: ✗
  - Min note: ✗
  - Max note: ✗
  - Mean note: ✗
  - Note deviation: ✗
  - Min repeat: ✗
  - Max repeat: ✗
  - Min ratchet: ✗
  - Max ratchet: ✗
  - Note probability: ✗
  - Tie probability: ✗
  - Accent probability: ✗
  - Repeat probability: ✗
  - Ratchet probability: ✗
  - Unaccented velocity: ✗
[StepSequencerParams] Discovered 1 steps
[StepSequencerParams] Total parameters indexed: 2
[StepSequencerParams] WARNING: Parameter not found - 1:Velocity
[StepSequencerParams] WARNING: Parameter not found - 1:Mod
[StepSequencerParams] WARNING: Parameter not found - 1:Pattern
[StepSequencerParams] WARNING: Parameter not found - 1:Ties
[StepSequencerParams] WARNING: Parameter not found - 1:Mute
[StepSequencerParams] WARNING: Parameter not found - 1:Skip
[StepSequencerParams] WARNING: Parameter not found - 1:Reset
[StepSequencerParams] WARNING: Parameter not found - 1:Repeat
[StepSequencerParams] Step parameters found:
  - Pitch: 1/1
  - Velocity: 0/1
  - Mod: 0/1
  - Division: 1/1
  - Pattern: 0/1
  - Ties: 0/1
  - Mute: 0/1
  - Skip: 0/1
  - Reset: 0/1
  - Repeat: 0/1
[StepSequencerParams] Global parameters found:
  - Direction: ✗
    [WARNING] Global parameter "Direction" not found
  - Start Step: ✗
    [WARNING] Global parameter "Start Step" not found
  - End Step: ✗
    [WARNING] Global parameter "End Step" not found
  - Gate Length: ✗
    [WARNING] Global parameter "Gate Length" not found
  - Trigger Length: ✗
    [WARNING] Global parameter "Trigger Length" not found
  - Glide Time: ✗
    [WARNING] Global parameter "Glide Time" not found
  - Current Sequence: ✗
    [WARNING] Global parameter "Current Sequence" not found
  - Permutation: ✗
    [WARNING] Global parameter "Permutation" not found
  - Gate Type: ✗
    [WARNING] Global parameter "Gate Type" not found
[StepSequencerParams] Randomize parameters found:
  - Randomise: ✗
  - Randomise what: ✗
  - Note distribution: ✗
  - Min note: ✗
  - Max note: ✗
  - Mean note: ✗
  - Note deviation: ✗
  - Min repeat: ✗
  - Max repeat: ✗
  - Min ratchet: ✗
  - Max ratchet: ✗
  - Note probability: ✗
  - Tie probability: ✗
  - Accent probability: ✗
  - Repeat probability: ✗
  - Ratchet probability: ✗
  - Unaccented velocity: ✗
[StepSequencerParams] WARNING: Parameter not found - 1:Pattern
[StepSequencerParams] Discovered 1 steps
[StepSequencerParams] Total parameters indexed: 2
[StepSequencerParams] WARNING: Parameter not found - 1:Velocity
[StepSequencerParams] WARNING: Parameter not found - 1:Mod
[StepSequencerParams] WARNING: Parameter not found - 1:Pattern
[StepSequencerParams] WARNING: Parameter not found - 1:Ties
[StepSequencerParams] WARNING: Parameter not found - 1:Mute
[StepSequencerParams] WARNING: Parameter not found - 1:Skip
[StepSequencerParams] WARNING: Parameter not found - 1:Reset
[StepSequencerParams] WARNING: Parameter not found - 1:Repeat
[StepSequencerParams] Step parameters found:
  - Pitch: 1/1
  - Velocity: 0/1
  - Mod: 0/1
  - Division: 1/1
  - Pattern: 0/1
  - Ties: 0/1
  - Mute: 0/1
  - Skip: 0/1
  - Reset: 0/1
  - Repeat: 0/1
[StepSequencerParams] Global parameters found:
  - Direction: ✗
    [WARNING] Global parameter "Direction" not found
  - Start Step: ✗
    [WARNING] Global parameter "Start Step" not found
  - End Step: ✗
    [WARNING] Global parameter "End Step" not found
  - Gate Length: ✗
    [WARNING] Global parameter "Gate Length" not found
  - Trigger Length: ✗
    [WARNING] Global parameter "Trigger Length" not found
  - Glide Time: ✗
    [WARNING] Global parameter "Glide Time" not found
  - Current Sequence: ✗
    [WARNING] Global parameter "Current Sequence" not found
  - Permutation: ✗
    [WARNING] Global parameter "Permutation" not found
  - Gate Type: ✗
    [WARNING] Global parameter "Gate Type" not found
[StepSequencerParams] Randomize parameters found:
  - Randomise: ✗
  - Randomise what: ✗
  - Note distribution: ✗
  - Min note: ✗
  - Max note: ✗
  - Mean note: ✗
  - Note deviation: ✗
  - Min repeat: ✗
  - Max repeat: ✗
  - Min ratchet: ✗
  - Max ratchet: ✗
  - Note probability: ✗
  - Tie probability: ✗
  - Accent probability: ✗
  - Repeat probability: ✗
  - Ratchet probability: ✗
  - Unaccented velocity: ✗
[StepSequencerParams] Discovered 1 steps
[StepSequencerParams] Total parameters indexed: 2
[StepSequencerParams] WARNING: Parameter not found - 1:Velocity
[StepSequencerParams] WARNING: Parameter not found - 1:Mod
[StepSequencerParams] WARNING: Parameter not found - 1:Pattern
[StepSequencerParams] WARNING: Parameter not found - 1:Ties
[StepSequencerParams] WARNING: Parameter not found - 1:Mute
[StepSequencerParams] WARNING: Parameter not found - 1:Skip
[StepSequencerParams] WARNING: Parameter not found - 1:Reset
[StepSequencerParams] WARNING: Parameter not found - 1:Repeat
[StepSequencerParams] Step parameters found:
  - Pitch: 1/1
  - Velocity: 0/1
  - Mod: 0/1
  - Division: 1/1
  - Pattern: 0/1
  - Ties: 0/1
  - Mute: 0/1
  - Skip: 0/1
  - Reset: 0/1
  - Repeat: 0/1
[StepSequencerParams] Global parameters found:
  - Direction: ✗
    [WARNING] Global parameter "Direction" not found
  - Start Step: ✗
    [WARNING] Global parameter "Start Step" not found
  - End Step: ✗
    [WARNING] Global parameter "End Step" not found
  - Gate Length: ✗
    [WARNING] Global parameter "Gate Length" not found
  - Trigger Length: ✗
    [WARNING] Global parameter "Trigger Length" not found
  - Glide Time: ✗
    [WARNING] Global parameter "Glide Time" not found
  - Current Sequence: ✗
    [WARNING] Global parameter "Current Sequence" not found
  - Permutation: ✗
    [WARNING] Global parameter "Permutation" not found
  - Gate Type: ✗
    [WARNING] Global parameter "Gate Type" not found
[StepSequencerParams] Randomize parameters found:
  - Randomise: ✗
  - Randomise what: ✗
  - Note distribution: ✗
  - Min note: ✗
  - Max note: ✗
  - Mean note: ✗
  - Note deviation: ✗
  - Min repeat: ✗
  - Max repeat: ✗
  - Min ratchet: ✗
  - Max ratchet: ✗
  - Note probability: ✗
  - Tie probability: ✗
  - Accent probability: ✗
  - Repeat probability: ✗
  - Ratchet probability: ✗
  - Unaccented velocity: ✗
[StepSequencerParams] Discovered 1 steps
[StepSequencerParams] Total parameters indexed: 2
[StepSequencerParams] WARNING: Parameter not found - 1:Velocity
[StepSequencerParams] WARNING: Parameter not found - 1:Mod
[StepSequencerParams] WARNING: Parameter not found - 1:Pattern
[StepSequencerParams] WARNING: Parameter not found - 1:Ties
[StepSequencerParams] WARNING: Parameter not found - 1:Mute
[StepSequencerParams] WARNING: Parameter not found - 1:Skip
[StepSequencerParams] WARNING: Parameter not found - 1:Reset
[StepSequencerParams] WARNING: Parameter not found - 1:Repeat
[StepSequencerParams] Step parameters found:
  - Pitch: 1/1
  - Velocity: 0/1
  - Mod: 0/1
  - Division: 1/1
  - Pattern: 0/1
  - Ties: 0/1
  - Mute: 0/1
  - Skip: 0/1
  - Reset: 0/1
  - Repeat: 0/1
[StepSequencerParams] Global parameters found:
  - Direction: ✗
    [WARNING] Global parameter "Direction" not found
  - Start Step: ✗
    [WARNING] Global parameter "Start Step" not found
  - End Step: ✗
    [WARNING] Global parameter "End Step" not found
  - Gate Length: ✗
    [WARNING] Global parameter "Gate Length" not found
  - Trigger Length: ✗
    [WARNING] Global parameter "Trigger Length" not found
  - Glide Time: ✗
    [WARNING] Global parameter "Glide Time" not found
  - Current Sequence: ✗
    [WARNING] Global parameter "Current Sequence" not found
  - Permutation: ✗
    [WARNING] Global parameter "Permutation" not found
  - Gate Type: ✗
    [WARNING] Global parameter "Gate Type" not found
[StepSequencerParams] Randomize parameters found:
  - Randomise: ✗
  - Randomise what: ✗
  - Note distribution: ✗
  - Min note: ✗
  - Max note: ✗
  - Mean note: ✗
  - Note deviation: ✗
  - Min repeat: ✗
  - Max repeat: ✗
  - Min ratchet: ✗
  - Max ratchet: ✗
  - Note probability: ✗
  - Tie probability: ✗
  - Accent probability: ✗
  - Repeat probability: ✗
  - Ratchet probability: ✗
  - Unaccented velocity: ✗
══╡ EXCEPTION CAUGHT BY FLUTTER TEST FRAMEWORK ╞════════════════════════════════════════════════════
The following TestFailure was thrown running a test:
Expected: exactly one matching candidate
  Actual: _TextWidgetFinder:<Found 0 widgets with text "8 Repeats": []>
   Which: means none were found but one was expected

When the exception was thrown, this was the stack:
#4      main.<anonymous closure>.<anonymous closure> (file:///Users/nealsanche/nosuch/nt_helper/test/ui/widgets/step_sequencer/step_column_widget_test.dart:989:7)
<asynchronous suspension>
#5      testWidgets.<anonymous closure>.<anonymous closure> (package:flutter_test/src/widget_tester.dart:192:15)
<asynchronous suspension>
#6      TestWidgetsFlutterBinding._runTestBody (package:flutter_test/src/binding.dart:1059:5)
<asynchronous suspension>
<asynchronous suspension>
(elided one frame from package:stack_trace)

This was caught by the test expectation on the following line:
  file:///Users/nealsanche/nosuch/nt_helper/test/ui/widgets/step_sequencer/step_column_widget_test.dart line 989
The test description was:
  AC2: displays "8 Repeats" when Division = 14
════════════════════════════════════════════════════════════════════════════════════════════════════
00:02 +19 -2: StepColumnWidget - Subdivision Label (Story 10.16) AC2: displays "8 Repeats" when Division = 14 [E]                                                                                      
  Test failed. See exception logs above.
  The test description was: AC2: displays "8 Repeats" when Division = 14
  

To run this test again: /Users/nealsanche/fvm/versions/3.38.2/bin/cache/dart-sdk/bin/dart test /Users/nealsanche/nosuch/nt_helper/test/ui/widgets/step_sequencer/step_column_widget_test.dart -p vm --plain-name 'StepColumnWidget - Subdivision Label (Story 10.16) AC2: displays "8 Repeats" when Division = 14'
00:02 +19 -2: StepColumnWidget - Subdivision Label (Story 10.16) AC4: subdivision label NOT visible when in Pitch mode                                                                                 00:02 +19 -2: StepColumnWidget - Subdivision Label (Story 10.16) AC4: subdivision label NOT visible when in Pitch mode                                                                                 
[StepSequencerParams] Discovered 1 steps
[StepSequencerParams] Total parameters indexed: 2
[StepSequencerParams] WARNING: Parameter not found - 1:Velocity
[StepSequencerParams] WARNING: Parameter not found - 1:Mod
[StepSequencerParams] WARNING: Parameter not found - 1:Pattern
[StepSequencerParams] WARNING: Parameter not found - 1:Ties
[StepSequencerParams] WARNING: Parameter not found - 1:Mute
[StepSequencerParams] WARNING: Parameter not found - 1:Skip
[StepSequencerParams] WARNING: Parameter not found - 1:Reset
[StepSequencerParams] WARNING: Parameter not found - 1:Repeat
[StepSequencerParams] Step parameters found:
  - Pitch: 1/1
  - Velocity: 0/1
  - Mod: 0/1
  - Division: 1/1
  - Pattern: 0/1
  - Ties: 0/1
  - Mute: 0/1
  - Skip: 0/1
  - Reset: 0/1
  - Repeat: 0/1
[StepSequencerParams] Global parameters found:
  - Direction: ✗
    [WARNING] Global parameter "Direction" not found
  - Start Step: ✗
    [WARNING] Global parameter "Start Step" not found
  - End Step: ✗
    [WARNING] Global parameter "End Step" not found
  - Gate Length: ✗
    [WARNING] Global parameter "Gate Length" not found
  - Trigger Length: ✗
    [WARNING] Global parameter "Trigger Length" not found
  - Glide Time: ✗
    [WARNING] Global parameter "Glide Time" not found
  - Current Sequence: ✗
    [WARNING] Global parameter "Current Sequence" not found
  - Permutation: ✗
    [WARNING] Global parameter "Permutation" not found
  - Gate Type: ✗
    [WARNING] Global parameter "Gate Type" not found
[StepSequencerParams] Randomize parameters found:
  - Randomise: ✗
  - Randomise what: ✗
  - Note distribution: ✗
  - Min note: ✗
  - Max note: ✗
  - Mean note: ✗
  - Note deviation: ✗
  - Min repeat: ✗
  - Max repeat: ✗
  - Min ratchet: ✗
  - Max ratchet: ✗
  - Note probability: ✗
  - Tie probability: ✗
  - Accent probability: ✗
  - Repeat probability: ✗
  - Ratchet probability: ✗
  - Unaccented velocity: ✗
[StepSequencerParams] Discovered 1 steps
[StepSequencerParams] Total parameters indexed: 2
[StepSequencerParams] WARNING: Parameter not found - 1:Velocity
[StepSequencerParams] WARNING: Parameter not found - 1:Mod
[StepSequencerParams] WARNING: Parameter not found - 1:Pattern
[StepSequencerParams] WARNING: Parameter not found - 1:Ties
[StepSequencerParams] WARNING: Parameter not found - 1:Mute
[StepSequencerParams] WARNING: Parameter not found - 1:Skip
[StepSequencerParams] WARNING: Parameter not found - 1:Reset
[StepSequencerParams] WARNING: Parameter not found - 1:Repeat
[StepSequencerParams] Step parameters found:
  - Pitch: 1/1
  - Velocity: 0/1
  - Mod: 0/1
  - Division: 1/1
  - Pattern: 0/1
  - Ties: 0/1
  - Mute: 0/1
  - Skip: 0/1
  - Reset: 0/1
  - Repeat: 0/1
[StepSequencerParams] Global parameters found:
  - Direction: ✗
    [WARNING] Global parameter "Direction" not found
  - Start Step: ✗
    [WARNING] Global parameter "Start Step" not found
  - End Step: ✗
    [WARNING] Global parameter "End Step" not found
  - Gate Length: ✗
    [WARNING] Global parameter "Gate Length" not found
  - Trigger Length: ✗
    [WARNING] Global parameter "Trigger Length" not found
  - Glide Time: ✗
    [WARNING] Global parameter "Glide Time" not found
  - Current Sequence: ✗
    [WARNING] Global parameter "Current Sequence" not found
  - Permutation: ✗
    [WARNING] Global parameter "Permutation" not found
  - Gate Type: ✗
    [WARNING] Global parameter "Gate Type" not found
[StepSequencerParams] Randomize parameters found:
  - Randomise: ✗
  - Randomise what: ✗
  - Note distribution: ✗
  - Min note: ✗
  - Max note: ✗
  - Mean note: ✗
  - Note deviation: ✗
  - Min repeat: ✗
  - Max repeat: ✗
  - Min ratchet: ✗
  - Max ratchet: ✗
  - Note probability: ✗
  - Tie probability: ✗
  - Accent probability: ✗
  - Repeat probability: ✗
  - Ratchet probability: ✗
  - Unaccented velocity: ✗
[StepSequencerParams] WARNING: Parameter not found - 1:Pattern
[StepSequencerParams] Discovered 1 steps
[StepSequencerParams] Total parameters indexed: 2
[StepSequencerParams] WARNING: Parameter not found - 1:Velocity
[StepSequencerParams] WARNING: Parameter not found - 1:Mod
[StepSequencerParams] WARNING: Parameter not found - 1:Pattern
[StepSequencerParams] WARNING: Parameter not found - 1:Ties
[StepSequencerParams] WARNING: Parameter not found - 1:Mute
[StepSequencerParams] WARNING: Parameter not found - 1:Skip
[StepSequencerParams] WARNING: Parameter not found - 1:Reset
[StepSequencerParams] WARNING: Parameter not found - 1:Repeat
[StepSequencerParams] Step parameters found:
  - Pitch: 1/1
  - Velocity: 0/1
  - Mod: 0/1
  - Division: 1/1
  - Pattern: 0/1
  - Ties: 0/1
  - Mute: 0/1
  - Skip: 0/1
  - Reset: 0/1
  - Repeat: 0/1
[StepSequencerParams] Global parameters found:
  - Direction: ✗
    [WARNING] Global parameter "Direction" not found
  - Start Step: ✗
    [WARNING] Global parameter "Start Step" not found
  - End Step: ✗
    [WARNING] Global parameter "End Step" not found
  - Gate Length: ✗
    [WARNING] Global parameter "Gate Length" not found
  - Trigger Length: ✗
    [WARNING] Global parameter "Trigger Length" not found
  - Glide Time: ✗
    [WARNING] Global parameter "Glide Time" not found
  - Current Sequence: ✗
    [WARNING] Global parameter "Current Sequence" not found
  - Permutation: ✗
    [WARNING] Global parameter "Permutation" not found
  - Gate Type: ✗
    [WARNING] Global parameter "Gate Type" not found
[StepSequencerParams] Randomize parameters found:
  - Randomise: ✗
  - Randomise what: ✗
  - Note distribution: ✗
  - Min note: ✗
  - Max note: ✗
  - Mean note: ✗
  - Note deviation: ✗
  - Min repeat: ✗
  - Max repeat: ✗
  - Min ratchet: ✗
  - Max ratchet: ✗
  - Note probability: ✗
  - Tie probability: ✗
  - Accent probability: ✗
  - Repeat probability: ✗
  - Ratchet probability: ✗
  - Unaccented velocity: ✗
[StepSequencerParams] Discovered 1 steps
[StepSequencerParams] Total parameters indexed: 2
[StepSequencerParams] WARNING: Parameter not found - 1:Velocity
[StepSequencerParams] WARNING: Parameter not found - 1:Mod
[StepSequencerParams] WARNING: Parameter not found - 1:Pattern
[StepSequencerParams] WARNING: Parameter not found - 1:Ties
[StepSequencerParams] WARNING: Parameter not found - 1:Mute
[StepSequencerParams] WARNING: Parameter not found - 1:Skip
[StepSequencerParams] WARNING: Parameter not found - 1:Reset
[StepSequencerParams] WARNING: Parameter not found - 1:Repeat
[StepSequencerParams] Step parameters found:
  - Pitch: 1/1
  - Velocity: 0/1
  - Mod: 0/1
  - Division: 1/1
  - Pattern: 0/1
  - Ties: 0/1
  - Mute: 0/1
  - Skip: 0/1
  - Reset: 0/1
  - Repeat: 0/1
[StepSequencerParams] Global parameters found:
  - Direction: ✗
    [WARNING] Global parameter "Direction" not found
  - Start Step: ✗
    [WARNING] Global parameter "Start Step" not found
  - End Step: ✗
    [WARNING] Global parameter "End Step" not found
  - Gate Length: ✗
    [WARNING] Global parameter "Gate Length" not found
  - Trigger Length: ✗
    [WARNING] Global parameter "Trigger Length" not found
  - Glide Time: ✗
    [WARNING] Global parameter "Glide Time" not found
  - Current Sequence: ✗
    [WARNING] Global parameter "Current Sequence" not found
  - Permutation: ✗
    [WARNING] Global parameter "Permutation" not found
  - Gate Type: ✗
    [WARNING] Global parameter "Gate Type" not found
[StepSequencerParams] Randomize parameters found:
  - Randomise: ✗
  - Randomise what: ✗
  - Note distribution: ✗
  - Min note: ✗
  - Max note: ✗
  - Mean note: ✗
  - Note deviation: ✗
  - Min repeat: ✗
  - Max repeat: ✗
  - Min ratchet: ✗
  - Max ratchet: ✗
  - Note probability: ✗
  - Tie probability: ✗
  - Accent probability: ✗
  - Repeat probability: ✗
  - Ratchet probability: ✗
  - Unaccented velocity: ✗
[StepSequencerParams] Discovered 1 steps
[StepSequencerParams] Total parameters indexed: 2
[StepSequencerParams] WARNING: Parameter not found - 1:Velocity
[StepSequencerParams] WARNING: Parameter not found - 1:Mod
[StepSequencerParams] WARNING: Parameter not found - 1:Pattern
[StepSequencerParams] WARNING: Parameter not found - 1:Ties
[StepSequencerParams] WARNING: Parameter not found - 1:Mute
[StepSequencerParams] WARNING: Parameter not found - 1:Skip
[StepSequencerParams] WARNING: Parameter not found - 1:Reset
[StepSequencerParams] WARNING: Parameter not found - 1:Repeat
[StepSequencerParams] Step parameters found:
  - Pitch: 1/1
  - Velocity: 0/1
  - Mod: 0/1
  - Division: 1/1
  - Pattern: 0/1
  - Ties: 0/1
  - Mute: 0/1
  - Skip: 0/1
  - Reset: 0/1
  - Repeat: 0/1
[StepSequencerParams] Global parameters found:
  - Direction: ✗
    [WARNING] Global parameter "Direction" not found
  - Start Step: ✗
    [WARNING] Global parameter "Start Step" not found
  - End Step: ✗
    [WARNING] Global parameter "End Step" not found
  - Gate Length: ✗
    [WARNING] Global parameter "Gate Length" not found
  - Trigger Length: ✗
    [WARNING] Global parameter "Trigger Length" not found
  - Glide Time: ✗
    [WARNING] Global parameter "Glide Time" not found
  - Current Sequence: ✗
    [WARNING] Global parameter "Current Sequence" not found
  - Permutation: ✗
    [WARNING] Global parameter "Permutation" not found
  - Gate Type: ✗
    [WARNING] Global parameter "Gate Type" not found
[StepSequencerParams] Randomize parameters found:
  - Randomise: ✗
  - Randomise what: ✗
  - Note distribution: ✗
  - Min note: ✗
  - Max note: ✗
  - Mean note: ✗
  - Note deviation: ✗
  - Min repeat: ✗
  - Max repeat: ✗
  - Min ratchet: ✗
  - Max ratchet: ✗
  - Note probability: ✗
  - Tie probability: ✗
  - Accent probability: ✗
  - Repeat probability: ✗
  - Ratchet probability: ✗
  - Unaccented velocity: ✗
00:03 +20 -2: StepColumnWidget - Subdivision Label (Story 10.16) AC4: subdivision label NOT visible when in Pitch mode                                                                                 00:03 +20 -2: StepColumnWidget - Subdivision Label (Story 10.16) AC4: subdivision label visible only in Division mode                                                                                  00:03 +20 -2: StepColumnWidget - Subdivision Label (Story 10.16) AC4: subdivision label visible only in Division mode                                                                                  
[StepSequencerParams] Discovered 1 steps
[StepSequencerParams] Total parameters indexed: 2
[StepSequencerParams] WARNING: Parameter not found - 1:Velocity
[StepSequencerParams] WARNING: Parameter not found - 1:Mod
[StepSequencerParams] WARNING: Parameter not found - 1:Pattern
[StepSequencerParams] WARNING: Parameter not found - 1:Ties
[StepSequencerParams] WARNING: Parameter not found - 1:Mute
[StepSequencerParams] WARNING: Parameter not found - 1:Skip
[StepSequencerParams] WARNING: Parameter not found - 1:Reset
[StepSequencerParams] WARNING: Parameter not found - 1:Repeat
[StepSequencerParams] Step parameters found:
  - Pitch: 1/1
  - Velocity: 0/1
  - Mod: 0/1
  - Division: 1/1
  - Pattern: 0/1
  - Ties: 0/1
  - Mute: 0/1
  - Skip: 0/1
  - Reset: 0/1
  - Repeat: 0/1
[StepSequencerParams] Global parameters found:
  - Direction: ✗
    [WARNING] Global parameter "Direction" not found
  - Start Step: ✗
    [WARNING] Global parameter "Start Step" not found
  - End Step: ✗
    [WARNING] Global parameter "End Step" not found
  - Gate Length: ✗
    [WARNING] Global parameter "Gate Length" not found
  - Trigger Length: ✗
    [WARNING] Global parameter "Trigger Length" not found
  - Glide Time: ✗
    [WARNING] Global parameter "Glide Time" not found
  - Current Sequence: ✗
    [WARNING] Global parameter "Current Sequence" not found
  - Permutation: ✗
    [WARNING] Global parameter "Permutation" not found
  - Gate Type: ✗
    [WARNING] Global parameter "Gate Type" not found
[StepSequencerParams] Randomize parameters found:
  - Randomise: ✗
  - Randomise what: ✗
  - Note distribution: ✗
  - Min note: ✗
  - Max note: ✗
  - Mean note: ✗
  - Note deviation: ✗
  - Min repeat: ✗
  - Max repeat: ✗
  - Min ratchet: ✗
  - Max ratchet: ✗
  - Note probability: ✗
  - Tie probability: ✗
  - Accent probability: ✗
  - Repeat probability: ✗
  - Ratchet probability: ✗
  - Unaccented velocity: ✗
[StepSequencerParams] Discovered 1 steps
[StepSequencerParams] Total parameters indexed: 2
[StepSequencerParams] WARNING: Parameter not found - 1:Velocity
[StepSequencerParams] WARNING: Parameter not found - 1:Mod
[StepSequencerParams] WARNING: Parameter not found - 1:Pattern
[StepSequencerParams] WARNING: Parameter not found - 1:Ties
[StepSequencerParams] WARNING: Parameter not found - 1:Mute
[StepSequencerParams] WARNING: Parameter not found - 1:Skip
[StepSequencerParams] WARNING: Parameter not found - 1:Reset
[StepSequencerParams] WARNING: Parameter not found - 1:Repeat
[StepSequencerParams] Step parameters found:
  - Pitch: 1/1
  - Velocity: 0/1
  - Mod: 0/1
  - Division: 1/1
  - Pattern: 0/1
  - Ties: 0/1
  - Mute: 0/1
  - Skip: 0/1
  - Reset: 0/1
  - Repeat: 0/1
[StepSequencerParams] Global parameters found:
  - Direction: ✗
    [WARNING] Global parameter "Direction" not found
  - Start Step: ✗
    [WARNING] Global parameter "Start Step" not found
  - End Step: ✗
    [WARNING] Global parameter "End Step" not found
  - Gate Length: ✗
    [WARNING] Global parameter "Gate Length" not found
  - Trigger Length: ✗
    [WARNING] Global parameter "Trigger Length" not found
  - Glide Time: ✗
    [WARNING] Global parameter "Glide Time" not found
  - Current Sequence: ✗
    [WARNING] Global parameter "Current Sequence" not found
  - Permutation: ✗
    [WARNING] Global parameter "Permutation" not found
  - Gate Type: ✗
    [WARNING] Global parameter "Gate Type" not found
[StepSequencerParams] Randomize parameters found:
  - Randomise: ✗
  - Randomise what: ✗
  - Note distribution: ✗
  - Min note: ✗
  - Max note: ✗
  - Mean note: ✗
  - Note deviation: ✗
  - Min repeat: ✗
  - Max repeat: ✗
  - Min ratchet: ✗
  - Max ratchet: ✗
  - Note probability: ✗
  - Tie probability: ✗
  - Accent probability: ✗
  - Repeat probability: ✗
  - Ratchet probability: ✗
  - Unaccented velocity: ✗
[StepSequencerParams] WARNING: Parameter not found - 1:Pattern
[StepSequencerParams] Discovered 1 steps
[StepSequencerParams] Total parameters indexed: 2
[StepSequencerParams] WARNING: Parameter not found - 1:Velocity
[StepSequencerParams] WARNING: Parameter not found - 1:Mod
[StepSequencerParams] WARNING: Parameter not found - 1:Pattern
[StepSequencerParams] WARNING: Parameter not found - 1:Ties
[StepSequencerParams] WARNING: Parameter not found - 1:Mute
[StepSequencerParams] WARNING: Parameter not found - 1:Skip
[StepSequencerParams] WARNING: Parameter not found - 1:Reset
[StepSequencerParams] WARNING: Parameter not found - 1:Repeat
[StepSequencerParams] Step parameters found:
  - Pitch: 1/1
  - Velocity: 0/1
  - Mod: 0/1
  - Division: 1/1
  - Pattern: 0/1
  - Ties: 0/1
  - Mute: 0/1
  - Skip: 0/1
  - Reset: 0/1
  - Repeat: 0/1
[StepSequencerParams] Global parameters found:
  - Direction: ✗
    [WARNING] Global parameter "Direction" not found
  - Start Step: ✗
    [WARNING] Global parameter "Start Step" not found
  - End Step: ✗
    [WARNING] Global parameter "End Step" not found
  - Gate Length: ✗
    [WARNING] Global parameter "Gate Length" not found
  - Trigger Length: ✗
    [WARNING] Global parameter "Trigger Length" not found
  - Glide Time: ✗
    [WARNING] Global parameter "Glide Time" not found
  - Current Sequence: ✗
    [WARNING] Global parameter "Current Sequence" not found
  - Permutation: ✗
    [WARNING] Global parameter "Permutation" not found
  - Gate Type: ✗
    [WARNING] Global parameter "Gate Type" not found
[StepSequencerParams] Randomize parameters found:
  - Randomise: ✗
  - Randomise what: ✗
  - Note distribution: ✗
  - Min note: ✗
  - Max note: ✗
  - Mean note: ✗
  - Note deviation: ✗
  - Min repeat: ✗
  - Max repeat: ✗
  - Min ratchet: ✗
  - Max ratchet: ✗
  - Note probability: ✗
  - Tie probability: ✗
  - Accent probability: ✗
  - Repeat probability: ✗
  - Ratchet probability: ✗
  - Unaccented velocity: ✗
[StepSequencerParams] Discovered 1 steps
[StepSequencerParams] Total parameters indexed: 2
[StepSequencerParams] WARNING: Parameter not found - 1:Velocity
[StepSequencerParams] WARNING: Parameter not found - 1:Mod
[StepSequencerParams] WARNING: Parameter not found - 1:Pattern
[StepSequencerParams] WARNING: Parameter not found - 1:Ties
[StepSequencerParams] WARNING: Parameter not found - 1:Mute
[StepSequencerParams] WARNING: Parameter not found - 1:Skip
[StepSequencerParams] WARNING: Parameter not found - 1:Reset
[StepSequencerParams] WARNING: Parameter not found - 1:Repeat
[StepSequencerParams] Step parameters found:
  - Pitch: 1/1
  - Velocity: 0/1
  - Mod: 0/1
  - Division: 1/1
  - Pattern: 0/1
  - Ties: 0/1
  - Mute: 0/1
  - Skip: 0/1
  - Reset: 0/1
  - Repeat: 0/1
[StepSequencerParams] Global parameters found:
  - Direction: ✗
    [WARNING] Global parameter "Direction" not found
  - Start Step: ✗
    [WARNING] Global parameter "Start Step" not found
  - End Step: ✗
    [WARNING] Global parameter "End Step" not found
  - Gate Length: ✗
    [WARNING] Global parameter "Gate Length" not found
  - Trigger Length: ✗
    [WARNING] Global parameter "Trigger Length" not found
  - Glide Time: ✗
    [WARNING] Global parameter "Glide Time" not found
  - Current Sequence: ✗
    [WARNING] Global parameter "Current Sequence" not found
  - Permutation: ✗
    [WARNING] Global parameter "Permutation" not found
  - Gate Type: ✗
    [WARNING] Global parameter "Gate Type" not found
[StepSequencerParams] Randomize parameters found:
  - Randomise: ✗
  - Randomise what: ✗
  - Note distribution: ✗
  - Min note: ✗
  - Max note: ✗
  - Mean note: ✗
  - Note deviation: ✗
  - Min repeat: ✗
  - Max repeat: ✗
  - Min ratchet: ✗
  - Max ratchet: ✗
  - Note probability: ✗
  - Tie probability: ✗
  - Accent probability: ✗
  - Repeat probability: ✗
  - Ratchet probability: ✗
  - Unaccented velocity: ✗
[StepSequencerParams] Discovered 1 steps
[StepSequencerParams] Total parameters indexed: 2
[StepSequencerParams] WARNING: Parameter not found - 1:Velocity
[StepSequencerParams] WARNING: Parameter not found - 1:Mod
[StepSequencerParams] WARNING: Parameter not found - 1:Pattern
[StepSequencerParams] WARNING: Parameter not found - 1:Ties
[StepSequencerParams] WARNING: Parameter not found - 1:Mute
[StepSequencerParams] WARNING: Parameter not found - 1:Skip
[StepSequencerParams] WARNING: Parameter not found - 1:Reset
[StepSequencerParams] WARNING: Parameter not found - 1:Repeat
[StepSequencerParams] Step parameters found:
  - Pitch: 1/1
  - Velocity: 0/1
  - Mod: 0/1
  - Division: 1/1
  - Pattern: 0/1
  - Ties: 0/1
  - Mute: 0/1
  - Skip: 0/1
  - Reset: 0/1
  - Repeat: 0/1
[StepSequencerParams] Global parameters found:
  - Direction: ✗
    [WARNING] Global parameter "Direction" not found
  - Start Step: ✗
    [WARNING] Global parameter "Start Step" not found
  - End Step: ✗
    [WARNING] Global parameter "End Step" not found
  - Gate Length: ✗
    [WARNING] Global parameter "Gate Length" not found
  - Trigger Length: ✗
    [WARNING] Global parameter "Trigger Length" not found
  - Glide Time: ✗
    [WARNING] Global parameter "Glide Time" not found
  - Current Sequence: ✗
    [WARNING] Global parameter "Current Sequence" not found
  - Permutation: ✗
    [WARNING] Global parameter "Permutation" not found
  - Gate Type: ✗
    [WARNING] Global parameter "Gate Type" not found
[StepSequencerParams] Randomize parameters found:
  - Randomise: ✗
  - Randomise what: ✗
  - Note distribution: ✗
  - Min note: ✗
  - Max note: ✗
  - Mean note: ✗
  - Note deviation: ✗
  - Min repeat: ✗
  - Max repeat: ✗
  - Min ratchet: ✗
  - Max ratchet: ✗
  - Note probability: ✗
  - Tie probability: ✗
  - Accent probability: ✗
  - Repeat probability: ✗
  - Ratchet probability: ✗
  - Unaccented velocity: ✗
00:03 +21 -2: StepColumnWidget - Subdivision Label (Story 10.16) AC4: subdivision label visible only in Division mode                                                                                  00:03 +21 -2: StepColumnWidget - Subdivision Label (Story 10.16) AC8: handles out-of-range Division values                                                                                             00:03 +21 -2: StepColumnWidget - Subdivision Label (Story 10.16) AC8: handles out-of-range Division values                                                                                             
[StepSequencerParams] Discovered 1 steps
[StepSequencerParams] Total parameters indexed: 2
[StepSequencerParams] WARNING: Parameter not found - 1:Velocity
[StepSequencerParams] WARNING: Parameter not found - 1:Mod
[StepSequencerParams] WARNING: Parameter not found - 1:Pattern
[StepSequencerParams] WARNING: Parameter not found - 1:Ties
[StepSequencerParams] WARNING: Parameter not found - 1:Mute
[StepSequencerParams] WARNING: Parameter not found - 1:Skip
[StepSequencerParams] WARNING: Parameter not found - 1:Reset
[StepSequencerParams] WARNING: Parameter not found - 1:Repeat
[StepSequencerParams] Step parameters found:
  - Pitch: 1/1
  - Velocity: 0/1
  - Mod: 0/1
  - Division: 1/1
  - Pattern: 0/1
  - Ties: 0/1
  - Mute: 0/1
  - Skip: 0/1
  - Reset: 0/1
  - Repeat: 0/1
[StepSequencerParams] Global parameters found:
  - Direction: ✗
    [WARNING] Global parameter "Direction" not found
  - Start Step: ✗
    [WARNING] Global parameter "Start Step" not found
  - End Step: ✗
    [WARNING] Global parameter "End Step" not found
  - Gate Length: ✗
    [WARNING] Global parameter "Gate Length" not found
  - Trigger Length: ✗
    [WARNING] Global parameter "Trigger Length" not found
  - Glide Time: ✗
    [WARNING] Global parameter "Glide Time" not found
  - Current Sequence: ✗
    [WARNING] Global parameter "Current Sequence" not found
  - Permutation: ✗
    [WARNING] Global parameter "Permutation" not found
  - Gate Type: ✗
    [WARNING] Global parameter "Gate Type" not found
[StepSequencerParams] Randomize parameters found:
  - Randomise: ✗
  - Randomise what: ✗
  - Note distribution: ✗
  - Min note: ✗
  - Max note: ✗
  - Mean note: ✗
  - Note deviation: ✗
  - Min repeat: ✗
  - Max repeat: ✗
  - Min ratchet: ✗
  - Max ratchet: ✗
  - Note probability: ✗
  - Tie probability: ✗
  - Accent probability: ✗
  - Repeat probability: ✗
  - Ratchet probability: ✗
  - Unaccented velocity: ✗
[StepSequencerParams] Discovered 1 steps
[StepSequencerParams] Total parameters indexed: 2
[StepSequencerParams] WARNING: Parameter not found - 1:Velocity
[StepSequencerParams] WARNING: Parameter not found - 1:Mod
[StepSequencerParams] WARNING: Parameter not found - 1:Pattern
[StepSequencerParams] WARNING: Parameter not found - 1:Ties
[StepSequencerParams] WARNING: Parameter not found - 1:Mute
[StepSequencerParams] WARNING: Parameter not found - 1:Skip
[StepSequencerParams] WARNING: Parameter not found - 1:Reset
[StepSequencerParams] WARNING: Parameter not found - 1:Repeat
[StepSequencerParams] Step parameters found:
  - Pitch: 1/1
  - Velocity: 0/1
  - Mod: 0/1
  - Division: 1/1
  - Pattern: 0/1
  - Ties: 0/1
  - Mute: 0/1
  - Skip: 0/1
  - Reset: 0/1
  - Repeat: 0/1
[StepSequencerParams] Global parameters found:
  - Direction: ✗
    [WARNING] Global parameter "Direction" not found
  - Start Step: ✗
    [WARNING] Global parameter "Start Step" not found
  - End Step: ✗
    [WARNING] Global parameter "End Step" not found
  - Gate Length: ✗
    [WARNING] Global parameter "Gate Length" not found
  - Trigger Length: ✗
    [WARNING] Global parameter "Trigger Length" not found
  - Glide Time: ✗
    [WARNING] Global parameter "Glide Time" not found
  - Current Sequence: ✗
    [WARNING] Global parameter "Current Sequence" not found
  - Permutation: ✗
    [WARNING] Global parameter "Permutation" not found
  - Gate Type: ✗
    [WARNING] Global parameter "Gate Type" not found
[StepSequencerParams] Randomize parameters found:
  - Randomise: ✗
  - Randomise what: ✗
  - Note distribution: ✗
  - Min note: ✗
  - Max note: ✗
  - Mean note: ✗
  - Note deviation: ✗
  - Min repeat: ✗
  - Max repeat: ✗
  - Min ratchet: ✗
  - Max ratchet: ✗
  - Note probability: ✗
  - Tie probability: ✗
  - Accent probability: ✗
  - Repeat probability: ✗
  - Ratchet probability: ✗
  - Unaccented velocity: ✗
[StepSequencerParams] WARNING: Parameter not found - 1:Pattern
[StepSequencerParams] Discovered 1 steps
[StepSequencerParams] Total parameters indexed: 2
[StepSequencerParams] WARNING: Parameter not found - 1:Velocity
[StepSequencerParams] WARNING: Parameter not found - 1:Mod
[StepSequencerParams] WARNING: Parameter not found - 1:Pattern
[StepSequencerParams] WARNING: Parameter not found - 1:Ties
[StepSequencerParams] WARNING: Parameter not found - 1:Mute
[StepSequencerParams] WARNING: Parameter not found - 1:Skip
[StepSequencerParams] WARNING: Parameter not found - 1:Reset
[StepSequencerParams] WARNING: Parameter not found - 1:Repeat
[StepSequencerParams] Step parameters found:
  - Pitch: 1/1
  - Velocity: 0/1
  - Mod: 0/1
  - Division: 1/1
  - Pattern: 0/1
  - Ties: 0/1
  - Mute: 0/1
  - Skip: 0/1
  - Reset: 0/1
  - Repeat: 0/1
[StepSequencerParams] Global parameters found:
  - Direction: ✗
    [WARNING] Global parameter "Direction" not found
  - Start Step: ✗
    [WARNING] Global parameter "Start Step" not found
  - End Step: ✗
    [WARNING] Global parameter "End Step" not found
  - Gate Length: ✗
    [WARNING] Global parameter "Gate Length" not found
  - Trigger Length: ✗
    [WARNING] Global parameter "Trigger Length" not found
  - Glide Time: ✗
    [WARNING] Global parameter "Glide Time" not found
  - Current Sequence: ✗
    [WARNING] Global parameter "Current Sequence" not found
  - Permutation: ✗
    [WARNING] Global parameter "Permutation" not found
  - Gate Type: ✗
    [WARNING] Global parameter "Gate Type" not found
[StepSequencerParams] Randomize parameters found:
  - Randomise: ✗
  - Randomise what: ✗
  - Note distribution: ✗
  - Min note: ✗
  - Max note: ✗
  - Mean note: ✗
  - Note deviation: ✗
  - Min repeat: ✗
  - Max repeat: ✗
  - Min ratchet: ✗
  - Max ratchet: ✗
  - Note probability: ✗
  - Tie probability: ✗
  - Accent probability: ✗
  - Repeat probability: ✗
  - Ratchet probability: ✗
  - Unaccented velocity: ✗
[StepSequencerParams] Discovered 1 steps
[StepSequencerParams] Total parameters indexed: 2
[StepSequencerParams] WARNING: Parameter not found - 1:Velocity
[StepSequencerParams] WARNING: Parameter not found - 1:Mod
[StepSequencerParams] WARNING: Parameter not found - 1:Pattern
[StepSequencerParams] WARNING: Parameter not found - 1:Ties
[StepSequencerParams] WARNING: Parameter not found - 1:Mute
[StepSequencerParams] WARNING: Parameter not found - 1:Skip
[StepSequencerParams] WARNING: Parameter not found - 1:Reset
[StepSequencerParams] WARNING: Parameter not found - 1:Repeat
[StepSequencerParams] Step parameters found:
  - Pitch: 1/1
  - Velocity: 0/1
  - Mod: 0/1
  - Division: 1/1
  - Pattern: 0/1
  - Ties: 0/1
  - Mute: 0/1
  - Skip: 0/1
  - Reset: 0/1
  - Repeat: 0/1
[StepSequencerParams] Global parameters found:
  - Direction: ✗
    [WARNING] Global parameter "Direction" not found
  - Start Step: ✗
    [WARNING] Global parameter "Start Step" not found
  - End Step: ✗
    [WARNING] Global parameter "End Step" not found
  - Gate Length: ✗
    [WARNING] Global parameter "Gate Length" not found
  - Trigger Length: ✗
    [WARNING] Global parameter "Trigger Length" not found
  - Glide Time: ✗
    [WARNING] Global parameter "Glide Time" not found
  - Current Sequence: ✗
    [WARNING] Global parameter "Current Sequence" not found
  - Permutation: ✗
    [WARNING] Global parameter "Permutation" not found
  - Gate Type: ✗
    [WARNING] Global parameter "Gate Type" not found
[StepSequencerParams] Randomize parameters found:
  - Randomise: ✗
  - Randomise what: ✗
  - Note distribution: ✗
  - Min note: ✗
  - Max note: ✗
  - Mean note: ✗
  - Note deviation: ✗
  - Min repeat: ✗
  - Max repeat: ✗
  - Min ratchet: ✗
  - Max ratchet: ✗
  - Note probability: ✗
  - Tie probability: ✗
  - Accent probability: ✗
  - Repeat probability: ✗
  - Ratchet probability: ✗
  - Unaccented velocity: ✗
[StepSequencerParams] Discovered 1 steps
[StepSequencerParams] Total parameters indexed: 2
[StepSequencerParams] WARNING: Parameter not found - 1:Velocity
[StepSequencerParams] WARNING: Parameter not found - 1:Mod
[StepSequencerParams] WARNING: Parameter not found - 1:Pattern
[StepSequencerParams] WARNING: Parameter not found - 1:Ties
[StepSequencerParams] WARNING: Parameter not found - 1:Mute
[StepSequencerParams] WARNING: Parameter not found - 1:Skip
[StepSequencerParams] WARNING: Parameter not found - 1:Reset
[StepSequencerParams] WARNING: Parameter not found - 1:Repeat
[StepSequencerParams] Step parameters found:
  - Pitch: 1/1
  - Velocity: 0/1
  - Mod: 0/1
  - Division: 1/1
  - Pattern: 0/1
  - Ties: 0/1
  - Mute: 0/1
  - Skip: 0/1
  - Reset: 0/1
  - Repeat: 0/1
[StepSequencerParams] Global parameters found:
  - Direction: ✗
    [WARNING] Global parameter "Direction" not found
  - Start Step: ✗
    [WARNING] Global parameter "Start Step" not found
  - End Step: ✗
    [WARNING] Global parameter "End Step" not found
  - Gate Length: ✗
    [WARNING] Global parameter "Gate Length" not found
  - Trigger Length: ✗
    [WARNING] Global parameter "Trigger Length" not found
  - Glide Time: ✗
    [WARNING] Global parameter "Glide Time" not found
  - Current Sequence: ✗
    [WARNING] Global parameter "Current Sequence" not found
  - Permutation: ✗
    [WARNING] Global parameter "Permutation" not found
  - Gate Type: ✗
    [WARNING] Global parameter "Gate Type" not found
[StepSequencerParams] Randomize parameters found:
  - Randomise: ✗
  - Randomise what: ✗
  - Note distribution: ✗
  - Min note: ✗
  - Max note: ✗
  - Mean note: ✗
  - Note deviation: ✗
  - Min repeat: ✗
  - Max repeat: ✗
  - Min ratchet: ✗
  - Max ratchet: ✗
  - Note probability: ✗
  - Tie probability: ✗
  - Accent probability: ✗
  - Repeat probability: ✗
  - Ratchet probability: ✗
  - Unaccented velocity: ✗
00:03 +22 -2: StepColumnWidget - Subdivision Label (Story 10.16) AC8: handles out-of-range Division values                                                                                             00:03 +22 -2: StepColumnWidget - Subdivision Label (Story 10.16) AC10: uses theme-aware text color with opacity                                                                                        00:03 +22 -2: StepColumnWidget - Subdivision Label (Story 10.16) AC10: uses theme-aware text color with opacity                                                                                        
[StepSequencerParams] Discovered 1 steps
[StepSequencerParams] Total parameters indexed: 2
[StepSequencerParams] WARNING: Parameter not found - 1:Velocity
[StepSequencerParams] WARNING: Parameter not found - 1:Mod
[StepSequencerParams] WARNING: Parameter not found - 1:Pattern
[StepSequencerParams] WARNING: Parameter not found - 1:Ties
[StepSequencerParams] WARNING: Parameter not found - 1:Mute
[StepSequencerParams] WARNING: Parameter not found - 1:Skip
[StepSequencerParams] WARNING: Parameter not found - 1:Reset
[StepSequencerParams] WARNING: Parameter not found - 1:Repeat
[StepSequencerParams] Step parameters found:
  - Pitch: 1/1
  - Velocity: 0/1
  - Mod: 0/1
  - Division: 1/1
  - Pattern: 0/1
  - Ties: 0/1
  - Mute: 0/1
  - Skip: 0/1
  - Reset: 0/1
  - Repeat: 0/1
[StepSequencerParams] Global parameters found:
  - Direction: ✗
    [WARNING] Global parameter "Direction" not found
  - Start Step: ✗
    [WARNING] Global parameter "Start Step" not found
  - End Step: ✗
    [WARNING] Global parameter "End Step" not found
  - Gate Length: ✗
    [WARNING] Global parameter "Gate Length" not found
  - Trigger Length: ✗
    [WARNING] Global parameter "Trigger Length" not found
  - Glide Time: ✗
    [WARNING] Global parameter "Glide Time" not found
  - Current Sequence: ✗
    [WARNING] Global parameter "Current Sequence" not found
  - Permutation: ✗
    [WARNING] Global parameter "Permutation" not found
  - Gate Type: ✗
    [WARNING] Global parameter "Gate Type" not found
[StepSequencerParams] Randomize parameters found:
  - Randomise: ✗
  - Randomise what: ✗
  - Note distribution: ✗
  - Min note: ✗
  - Max note: ✗
  - Mean note: ✗
  - Note deviation: ✗
  - Min repeat: ✗
  - Max repeat: ✗
  - Min ratchet: ✗
  - Max ratchet: ✗
  - Note probability: ✗
  - Tie probability: ✗
  - Accent probability: ✗
  - Repeat probability: ✗
  - Ratchet probability: ✗
  - Unaccented velocity: ✗
[StepSequencerParams] Discovered 1 steps
[StepSequencerParams] Total parameters indexed: 2
[StepSequencerParams] WARNING: Parameter not found - 1:Velocity
[StepSequencerParams] WARNING: Parameter not found - 1:Mod
[StepSequencerParams] WARNING: Parameter not found - 1:Pattern
[StepSequencerParams] WARNING: Parameter not found - 1:Ties
[StepSequencerParams] WARNING: Parameter not found - 1:Mute
[StepSequencerParams] WARNING: Parameter not found - 1:Skip
[StepSequencerParams] WARNING: Parameter not found - 1:Reset
[StepSequencerParams] WARNING: Parameter not found - 1:Repeat
[StepSequencerParams] Step parameters found:
  - Pitch: 1/1
  - Velocity: 0/1
  - Mod: 0/1
  - Division: 1/1
  - Pattern: 0/1
  - Ties: 0/1
  - Mute: 0/1
  - Skip: 0/1
  - Reset: 0/1
  - Repeat: 0/1
[StepSequencerParams] Global parameters found:
  - Direction: ✗
    [WARNING] Global parameter "Direction" not found
  - Start Step: ✗
    [WARNING] Global parameter "Start Step" not found
  - End Step: ✗
    [WARNING] Global parameter "End Step" not found
  - Gate Length: ✗
    [WARNING] Global parameter "Gate Length" not found
  - Trigger Length: ✗
    [WARNING] Global parameter "Trigger Length" not found
  - Glide Time: ✗
    [WARNING] Global parameter "Glide Time" not found
  - Current Sequence: ✗
    [WARNING] Global parameter "Current Sequence" not found
  - Permutation: ✗
    [WARNING] Global parameter "Permutation" not found
  - Gate Type: ✗
    [WARNING] Global parameter "Gate Type" not found
[StepSequencerParams] Randomize parameters found:
  - Randomise: ✗
  - Randomise what: ✗
  - Note distribution: ✗
  - Min note: ✗
  - Max note: ✗
  - Mean note: ✗
  - Note deviation: ✗
  - Min repeat: ✗
  - Max repeat: ✗
  - Min ratchet: ✗
  - Max ratchet: ✗
  - Note probability: ✗
  - Tie probability: ✗
  - Accent probability: ✗
  - Repeat probability: ✗
  - Ratchet probability: ✗
  - Unaccented velocity: ✗
[StepSequencerParams] WARNING: Parameter not found - 1:Pattern
[StepSequencerParams] Discovered 1 steps
[StepSequencerParams] Total parameters indexed: 2
[StepSequencerParams] WARNING: Parameter not found - 1:Velocity
[StepSequencerParams] WARNING: Parameter not found - 1:Mod
[StepSequencerParams] WARNING: Parameter not found - 1:Pattern
[StepSequencerParams] WARNING: Parameter not found - 1:Ties
[StepSequencerParams] WARNING: Parameter not found - 1:Mute
[StepSequencerParams] WARNING: Parameter not found - 1:Skip
[StepSequencerParams] WARNING: Parameter not found - 1:Reset
[StepSequencerParams] WARNING: Parameter not found - 1:Repeat
[StepSequencerParams] Step parameters found:
  - Pitch: 1/1
  - Velocity: 0/1
  - Mod: 0/1
  - Division: 1/1
  - Pattern: 0/1
  - Ties: 0/1
  - Mute: 0/1
  - Skip: 0/1
  - Reset: 0/1
  - Repeat: 0/1
[StepSequencerParams] Global parameters found:
  - Direction: ✗
    [WARNING] Global parameter "Direction" not found
  - Start Step: ✗
    [WARNING] Global parameter "Start Step" not found
  - End Step: ✗
    [WARNING] Global parameter "End Step" not found
  - Gate Length: ✗
    [WARNING] Global parameter "Gate Length" not found
  - Trigger Length: ✗
    [WARNING] Global parameter "Trigger Length" not found
  - Glide Time: ✗
    [WARNING] Global parameter "Glide Time" not found
  - Current Sequence: ✗
    [WARNING] Global parameter "Current Sequence" not found
  - Permutation: ✗
    [WARNING] Global parameter "Permutation" not found
  - Gate Type: ✗
    [WARNING] Global parameter "Gate Type" not found
[StepSequencerParams] Randomize parameters found:
  - Randomise: ✗
  - Randomise what: ✗
  - Note distribution: ✗
  - Min note: ✗
  - Max note: ✗
  - Mean note: ✗
  - Note deviation: ✗
  - Min repeat: ✗
  - Max repeat: ✗
  - Min ratchet: ✗
  - Max ratchet: ✗
  - Note probability: ✗
  - Tie probability: ✗
  - Accent probability: ✗
  - Repeat probability: ✗
  - Ratchet probability: ✗
  - Unaccented velocity: ✗
[StepSequencerParams] Discovered 1 steps
[StepSequencerParams] Total parameters indexed: 2
[StepSequencerParams] WARNING: Parameter not found - 1:Velocity
[StepSequencerParams] WARNING: Parameter not found - 1:Mod
[StepSequencerParams] WARNING: Parameter not found - 1:Pattern
[StepSequencerParams] WARNING: Parameter not found - 1:Ties
[StepSequencerParams] WARNING: Parameter not found - 1:Mute
[StepSequencerParams] WARNING: Parameter not found - 1:Skip
[StepSequencerParams] WARNING: Parameter not found - 1:Reset
[StepSequencerParams] WARNING: Parameter not found - 1:Repeat
[StepSequencerParams] Step parameters found:
  - Pitch: 1/1
  - Velocity: 0/1
  - Mod: 0/1
  - Division: 1/1
  - Pattern: 0/1
  - Ties: 0/1
  - Mute: 0/1
  - Skip: 0/1
  - Reset: 0/1
  - Repeat: 0/1
[StepSequencerParams] Global parameters found:
  - Direction: ✗
    [WARNING] Global parameter "Direction" not found
  - Start Step: ✗
    [WARNING] Global parameter "Start Step" not found
  - End Step: ✗
    [WARNING] Global parameter "End Step" not found
  - Gate Length: ✗
    [WARNING] Global parameter "Gate Length" not found
  - Trigger Length: ✗
    [WARNING] Global parameter "Trigger Length" not found
  - Glide Time: ✗
    [WARNING] Global parameter "Glide Time" not found
  - Current Sequence: ✗
    [WARNING] Global parameter "Current Sequence" not found
  - Permutation: ✗
    [WARNING] Global parameter "Permutation" not found
  - Gate Type: ✗
    [WARNING] Global parameter "Gate Type" not found
[StepSequencerParams] Randomize parameters found:
  - Randomise: ✗
  - Randomise what: ✗
  - Note distribution: ✗
  - Min note: ✗
  - Max note: ✗
  - Mean note: ✗
  - Note deviation: ✗
  - Min repeat: ✗
  - Max repeat: ✗
  - Min ratchet: ✗
  - Max ratchet: ✗
  - Note probability: ✗
  - Tie probability: ✗
  - Accent probability: ✗
  - Repeat probability: ✗
  - Ratchet probability: ✗
  - Unaccented velocity: ✗
[StepSequencerParams] Discovered 1 steps
[StepSequencerParams] Total parameters indexed: 2
[StepSequencerParams] WARNING: Parameter not found - 1:Velocity
[StepSequencerParams] WARNING: Parameter not found - 1:Mod
[StepSequencerParams] WARNING: Parameter not found - 1:Pattern
[StepSequencerParams] WARNING: Parameter not found - 1:Ties
[StepSequencerParams] WARNING: Parameter not found - 1:Mute
[StepSequencerParams] WARNING: Parameter not found - 1:Skip
[StepSequencerParams] WARNING: Parameter not found - 1:Reset
[StepSequencerParams] WARNING: Parameter not found - 1:Repeat
[StepSequencerParams] Step parameters found:
  - Pitch: 1/1
  - Velocity: 0/1
  - Mod: 0/1
  - Division: 1/1
  - Pattern: 0/1
  - Ties: 0/1
  - Mute: 0/1
  - Skip: 0/1
  - Reset: 0/1
  - Repeat: 0/1
[StepSequencerParams] Global parameters found:
  - Direction: ✗
    [WARNING] Global parameter "Direction" not found
  - Start Step: ✗
    [WARNING] Global parameter "Start Step" not found
  - End Step: ✗
    [WARNING] Global parameter "End Step" not found
  - Gate Length: ✗
    [WARNING] Global parameter "Gate Length" not found
  - Trigger Length: ✗
    [WARNING] Global parameter "Trigger Length" not found
  - Glide Time: ✗
    [WARNING] Global parameter "Glide Time" not found
  - Current Sequence: ✗
    [WARNING] Global parameter "Current Sequence" not found
  - Permutation: ✗
    [WARNING] Global parameter "Permutation" not found
  - Gate Type: ✗
    [WARNING] Global parameter "Gate Type" not found
[StepSequencerParams] Randomize parameters found:
  - Randomise: ✗
  - Randomise what: ✗
  - Note distribution: ✗
  - Min note: ✗
  - Max note: ✗
  - Mean note: ✗
  - Note deviation: ✗
  - Min repeat: ✗
  - Max repeat: ✗
  - Min ratchet: ✗
  - Max ratchet: ✗
  - Note probability: ✗
  - Tie probability: ✗
  - Accent probability: ✗
  - Repeat probability: ✗
  - Ratchet probability: ✗
  - Unaccented velocity: ✗
00:03 +23 -2: StepColumnWidget - Subdivision Label (Story 10.16) AC10: uses theme-aware text color with opacity                                                                                        00:03 +23 -2: Some tests failed.                                                                                                                                                                       
